<html>
<body>
<pre>
<h1>µVision Build Log</h1>
<h2>Tool Versions:</h2>
IDE-Version: µVision V5.13.0.0
Copyright (C) 2014 ARM Ltd and ARM Germany GmbH. All rights reserved.
License Information: Dmitry Shvedov, NASA, LIC=EXJEV-P0EXE-0NHAM-XUTC1-CCLLR-C8JXV
 
Tool Versions:
Toolchain:       MDK-ARM Standard  Version: 5.13.0.0
Toolchain Path:  C:\Keil_v5\ARM\ARMCC\Bin
C Compiler:      Armcc.exe V5.05 update 1 (build 106)
Assembler:       Armasm.exe V5.05 update 1 (build 106)
Linker/Locator:  ArmLink.exe V5.05 update 1 (build 106)
Library Manager: ArmAr.exe V5.05 update 1 (build 106)
Hex Converter:   FromElf.exe V5.05 update 1 (build 106)
CPU DLL:         SARMCM3.DLL V5.13.0.0
Dialog DLL:      DCM.DLL V1.13.1.0
Target DLL:      STLink\ST-LINKIII-KEIL_SWO.dll V2.0.14.0_KEIL
Dialog DLL:      TCM.DLL V1.14.4.0
 
<h2>Project:</h2>
C:\Work_murmansk\STM32_K330\STM32_B330\temp_Pj1\MDK-ARM\temp_Pj1.uvprojx
Project File Date:  12/28/2020

<h2>Output:</h2>
Build target 'temp_Pj1'
compiling main.c...
../Inc/main.h(602): warning:  #1295-D: Deprecated declaration req_col - give arg types
  void req_col ();
../Src/main.c(1212): warning:  #181-D: argument is incompatible with corresponding format string conversion
     sprintf (strng,"%u",z);
../Src/main.c(1214): warning:  #181-D: argument is incompatible with corresponding format string conversion
     sprintf (strng,"%u",a);
../Src/main.c(1225): warning:  #181-D: argument is incompatible with corresponding format string conversion
     sprintf (strng,"%u",z);
../Src/main.c(1227): warning:  #181-D: argument is incompatible with corresponding format string conversion
     sprintf (strng,"%u",a);
../Src/main.c(1263): warning:  #177-D: variable "k" was declared but never referenced
   uint16_t k;
../Src/main.c(1552): warning:  #167-D: argument of type "uint8_t *" is incompatible with parameter of type "const char *"
     Transf2(Str);
../Src/main.c(1554): warning:  #167-D: argument of type "uint8_t *" is incompatible with parameter of type "const char *"
     Transf(Str);
../Src/main.c(1691): warning:  #175-D: subscript out of range
         Str[10]='P';
../Src/main.c(1692): warning:  #175-D: subscript out of range
         Str[11]='0';
../Src/main.c(1693): warning:  #175-D: subscript out of range
         Str[12]=':';
../Src/main.c(1694): warning:  #175-D: subscript out of range
         Str[13]=(crc_input>>24);
../Src/main.c(1695): warning:  #175-D: subscript out of range
         Str[14]=(crc_input>>16);
../Src/main.c(1696): warning:  #175-D: subscript out of range
         Str[15]=(crc_input>> 8);
../Src/main.c(1697): warning:  #175-D: subscript out of range
         Str[16]=(crc_input>> 0);
../Src/main.c(1698): warning:  #175-D: subscript out of range
         Str[17]=';';
../Src/main.c(1699): warning:  #175-D: subscript out of range
         Str[18]=0x00;
../Src/main.c(1702): warning:  #167-D: argument of type "uint8_t *" is incompatible with parameter of type "const char *"
         Transf2(Str);
../Src/main.c(1759): warning:  #223-D: function "TST" declared implicitly
         TST ();
../Src/main.c(1779): warning:  #223-D: function "jtag_scan" declared implicitly
         crc_comp=jtag_scan(NULL,crc_comp); 
../Src/main.c(2221): warning:  #1035-D: single-precision operand implicitly converted to double-precision
        adc_ch[ 0] = ((float)adcBuffer[0])*3.3/4096*2;
../Src/main.c(2222): warning:  #1035-D: single-precision operand implicitly converted to double-precision
        adc_ch[ 1] = ((float)adcBuffer[1])*3.3/4096*2;
../Src/main.c(2223): warning:  #1035-D: single-precision operand implicitly converted to double-precision
        adc_ch[ 2] = ((float)adcBuffer[2])*3.3*5.71428/4096;//12 Âîëüò äåëèòåëü 47ê-10ê
../Src/main.c(2224): warning:  #1035-D: single-precision operand implicitly converted to double-precision
        adc_ch[ 3] = ((float)adcBuffer[3])*3.3/4096*2;
../Src/main.c(2225): warning:  #1035-D: single-precision operand implicitly converted to double-precision
        adc_ch[ 4] = ((float)adcBuffer[4])*3.3/4096;    
../Src/main.c(2339): warning:  #550-D: variable "error" was set but never used
         u32 error=0;
../Src/main.c(2388): warning:  #223-D: function "HAL_I2C_Master_SMBA_block_recieve" declared implicitly
                HAL_I2C_Master_SMBA_block_recieve(&hi2c1,(DevAddress<<1),c,1,a,1,1);
../Src/main.c(2379): warning:  #177-D: variable "error" was declared but never referenced
         u32 error=0;
../Src/main.c(2423): warning:  #223-D: function "HAL_I2C_Master_SMBA_block_recieve" declared implicitly
                HAL_I2C_Master_SMBA_block_recieve(&hi2c1,(DevAddress<<1),c,1,a,Size2,1);
../Src/main.c(2520): warning:  #223-D: function "HAL_I2C_Master_SMBA_block_recieve" declared implicitly
         error=HAL_I2C_Master_SMBA_block_recieve(&hi2c1,(DevAddress<<1),c,1,a,Size2,1);
../Src/main.c(2499): warning:  #177-D: variable "v" was declared but never referenced
         uint8_t v=0;
../Src/main.c(2629): warning:  #223-D: function "HAL_I2C_Master_SMBA_block_recieve" declared implicitly
                error=HAL_I2C_Master_SMBA_block_recieve(&hi2c1,(DevAddress<<1),c,1,a,Size,1);
../Src/main.c(2599): warning:  #177-D: variable "state" was declared but never referenced
         uint8_t state=1;
../Src/main.c(2600): warning:  #177-D: variable "v" was declared but never referenced
         uint8_t v=0;
../Src/main.c(2698): warning:  #223-D: function "HAL_I2C_Master_SMBA_block_recieve" declared implicitly
                error=HAL_I2C_Master_SMBA_block_recieve(&hi2c1,(DevAddress<<1),c,1,a,Size,1);
../Src/main.c(2668): warning:  #177-D: variable "state" was declared but never referenced
         uint8_t state=1;
../Src/main.c(2669): warning:  #177-D: variable "v" was declared but never referenced
         uint8_t v=0;
../Src/main.c(2767): warning:  #223-D: function "HAL_I2C_Master_SMBA_block_recieve" declared implicitly
        error=HAL_I2C_Master_SMBA_block_recieve(&hi2c1,(DevAddress<<1),c,1,a,Size,1);
../Src/main.c(2742): warning:  #177-D: variable "state" was declared but never referenced
         uint8_t state=1;
../Src/main.c(2743): warning:  #177-D: variable "v" was declared but never referenced
         uint8_t v=0;
../Src/main.c(2821): warning:  #223-D: function "HAL_I2C_Master_SMBA_block_recieve" declared implicitly
        error=HAL_I2C_Master_SMBA_block_recieve(&hi2c1,(DevAddress<<1),c,1,a,Size,1);
../Src/main.c(2796): warning:  #177-D: variable "state" was declared but never referenced
         uint8_t state=1;
../Src/main.c(2797): warning:  #177-D: variable "v" was declared but never referenced
         uint8_t v=0;
../Src/main.c(2875): warning:  #223-D: function "HAL_I2C_Master_SMBA_block_recieve" declared implicitly
        error=HAL_I2C_Master_SMBA_block_recieve(&hi2c1,(DevAddress<<1),c,1,a,Size,1);
../Src/main.c(2850): warning:  #177-D: variable "state" was declared but never referenced
         uint8_t state=1;
../Src/main.c(2851): warning:  #177-D: variable "v" was declared but never referenced
         uint8_t v=0;
../Src/main.c(2916): warning:  #177-D: variable "idx0" was declared but never referenced
    u32 idx0=0;
../Src/main.c(2917): warning:  #177-D: variable "idx1" was declared but never referenced
    u32 idx1=0;
../Src/main.c(2918): warning:  #177-D: variable "idx2" was declared but never referenced
    u32 idx2=0;
../Src/main.c(2919): warning:  #177-D: variable "idx3" was declared but never referenced
    u32 idx3=0;
../Src/main.c(2920): warning:  #177-D: variable "idx4" was declared but never referenced
    u32 idx4=0;
../Src/main.c(2921): warning:  #177-D: variable "idx5" was declared but never referenced
    u32 idx5=0;
../Src/main.c(2922): warning:  #177-D: variable "idx6" was declared but never referenced
    u32 idx6=0;
../Src/main.c(2923): warning:  #177-D: variable "idx7" was declared but never referenced
    u32 idx7=0;
../Src/main.c(2926): warning:  #177-D: variable "data" was declared but never referenced
    u32 data=0;
../Src/main.c(2927): warning:  #177-D: variable "D" was declared but never referenced
    u8 D[4];
../Src/main.c(3010): warning:  #177-D: variable "idx0" was declared but never referenced
        u32 idx0=0;
../Src/main.c(3011): warning:  #177-D: variable "idx1" was declared but never referenced
        u32 idx1=0;
../Src/main.c(3012): warning:  #177-D: variable "idx2" was declared but never referenced
        u32 idx2=0;
../Src/main.c(3013): warning:  #177-D: variable "idx3" was declared but never referenced
        u32 idx3=0;
../Src/main.c(3014): warning:  #177-D: variable "idx4" was declared but never referenced
        u32 idx4=0;
../Src/main.c(3015): warning:  #177-D: variable "idx5" was declared but never referenced
        u32 idx5=0;
../Src/main.c(3016): warning:  #177-D: variable "idx6" was declared but never referenced
        u32 idx6=0;
../Src/main.c(3017): warning:  #177-D: variable "idx7" was declared but never referenced
        u32 idx7=0;
../Src/main.c(3020): warning:  #177-D: variable "data" was declared but never referenced
        u32 data=0;
../Src/main.c(3021): warning:  #177-D: variable "D" was declared but never referenced
        u8 D[4];
../Src/main.c(3563): warning:  #177-D: variable "D" was declared but never referenced
        u8 D[4];
../Src/main.c(3855): warning:  #177-D: variable "val" was declared but never referenced
        u8 val=0;
../Src/main.c(4087): warning:  #167-D: argument of type "uint8_t *" is incompatible with parameter of type "char *restrict"
     strcpy(a,"~0 setup_IP0:"); 
../Src/main.c(4090): warning:  #167-D: argument of type "uint8_t *" is incompatible with parameter of type "char *restrict"
     strcat(a,strng);
../Src/main.c(4091): warning:  #167-D: argument of type "uint8_t *" is incompatible with parameter of type "char *restrict"
     strcat(a,";\r\n");
../Src/main.c(4095): warning:  #167-D: argument of type "uint8_t *" is incompatible with parameter of type "const char *"
     Transf (a);
../Src/main.c(4097): warning:  #167-D: argument of type "uint8_t *" is incompatible with parameter of type "const char *"
     Transf2(a);
../Src/main.c(4105): warning:  #167-D: argument of type "uint8_t *" is incompatible with parameter of type "char *restrict"
     strcpy(a,"~0 setup_IP1:"); 
../Src/main.c(4108): warning:  #167-D: argument of type "uint8_t *" is incompatible with parameter of type "char *restrict"
     strcat(a,strng);
../Src/main.c(4109): warning:  #167-D: argument of type "uint8_t *" is incompatible with parameter of type "char *restrict"
     strcat(a,";\r\n");
../Src/main.c(4113): warning:  #167-D: argument of type "uint8_t *" is incompatible with parameter of type "const char *"
     Transf (a);
../Src/main.c(4115): warning:  #167-D: argument of type "uint8_t *" is incompatible with parameter of type "const char *"
     Transf2(a);
../Src/main.c(4123): warning:  #167-D: argument of type "uint8_t *" is incompatible with parameter of type "char *restrict"
     strcpy(a,"~0 dest_IP0:"); 
../Src/main.c(4126): warning:  #167-D: argument of type "uint8_t *" is incompatible with parameter of type "char *restrict"
     strcat(a,strng);
../Src/main.c(4127): warning:  #167-D: argument of type "uint8_t *" is incompatible with parameter of type "char *restrict"
     strcat(a,";\r\n");
../Src/main.c(4131): warning:  #167-D: argument of type "uint8_t *" is incompatible with parameter of type "const char *"
     Transf (a);
../Src/main.c(4133): warning:  #167-D: argument of type "uint8_t *" is incompatible with parameter of type "const char *"
     Transf2(a);
../Src/main.c(4141): warning:  #167-D: argument of type "uint8_t *" is incompatible with parameter of type "char *restrict"
     strcpy(a,"~0 dest_IP1:"); 
../Src/main.c(4144): warning:  #167-D: argument of type "uint8_t *" is incompatible with parameter of type "char *restrict"
     strcat(a,strng);
../Src/main.c(4145): warning:  #167-D: argument of type "uint8_t *" is incompatible with parameter of type "char *restrict"
     strcat(a,";\r\n");
../Src/main.c(4149): warning:  #167-D: argument of type "uint8_t *" is incompatible with parameter of type "const char *"
     Transf (a);
../Src/main.c(4151): warning:  #167-D: argument of type "uint8_t *" is incompatible with parameter of type "const char *"
     Transf2(a);
../Src/main.c(4352): warning:  #223-D: function "jtag_scan" declared implicitly
          tmp0=jtag_scan(NULL,0);
../Src/main.c(4513): warning:  #223-D: function "RECEIVE_udp" declared implicitly
   RECEIVE_udp(0, 3001,1);
../Src/main.c(902): warning:  #177-D: function "MX_TIM4_Init" was declared but never referenced
  static void MX_TIM4_Init(void)
../Src/main.c(523): warning:  #177-D: function "MX_SPI2_Init" was declared but never referenced
  static void MX_SPI2_Init(void)
../Src/main.c(561): warning:  #177-D: function "MX_SPI3_Init" was declared but never referenced
  static void MX_SPI3_Init(void)
../Src/main.c(742): warning:  #177-D: function "MX_USART6_UART_Init" was declared but never referenced
  static void MX_USART6_UART_Init(void)
../Src/main.c: 94 warnings, 0 errors
linking...
Program Size: Code=48704 RO-data=1888 RW-data=532 ZI-data=52908  
FromELF: creating hex file...
".\temp_Pj1\temp_Pj1.axf" - 0 Error(s), 94 Warning(s).

<h2>Software Packages used:</h2>

Package Vendor: ARM
                http://www.keil.com/pack/ARM.CMSIS.4.2.0.pack
                ARM::CMSIS:CORE:3.40.0
                CMSIS (Cortex Microcontroller Software Interface Standard)
   * Component: CORE Version: 3.40.0

<h2>Collection of Component include folders:</h2>
  C:\Work_murmansk\STM32_K330\STM32_B330\temp_Pj1\MDK-ARM\RTE
  C:\Keil_v5\ARM\PACK\ARM\CMSIS\4.2.0\CMSIS\Include
  C:\Keil_v5\ARM\PACK\Keil\STM32F4xx_DFP\2.11.0

<h2>Collection of Component Files used:</h2>

   * Component: ARM::CMSIS:CORE:3.40.0
      Source file:   CMSIS\UserCodeTemplates\ARM\ITM_Retarget.c
</pre>
</body>
</html>
