Component: ARM Compiler 5.05 update 1 (build 106) Tool: armlink [4d0efa]

==============================================================================

Section Cross References

    startup_stm32f411xe.o(RESET) refers to startup_stm32f411xe.o(STACK) for __initial_sp
    startup_stm32f411xe.o(RESET) refers to startup_stm32f411xe.o(.text) for Reset_Handler
    startup_stm32f411xe.o(RESET) refers to stm32f4xx_it.o(i.NMI_Handler) for NMI_Handler
    startup_stm32f411xe.o(RESET) refers to stm32f4xx_it.o(i.HardFault_Handler) for HardFault_Handler
    startup_stm32f411xe.o(RESET) refers to stm32f4xx_it.o(i.MemManage_Handler) for MemManage_Handler
    startup_stm32f411xe.o(RESET) refers to stm32f4xx_it.o(i.BusFault_Handler) for BusFault_Handler
    startup_stm32f411xe.o(RESET) refers to stm32f4xx_it.o(i.UsageFault_Handler) for UsageFault_Handler
    startup_stm32f411xe.o(RESET) refers to stm32f4xx_it.o(i.SVC_Handler) for SVC_Handler
    startup_stm32f411xe.o(RESET) refers to stm32f4xx_it.o(i.DebugMon_Handler) for DebugMon_Handler
    startup_stm32f411xe.o(RESET) refers to stm32f4xx_it.o(i.PendSV_Handler) for PendSV_Handler
    startup_stm32f411xe.o(RESET) refers to stm32f4xx_it.o(i.SysTick_Handler) for SysTick_Handler
    startup_stm32f411xe.o(RESET) refers to stm32f4xx_it.o(i.EXTI0_IRQHandler) for EXTI0_IRQHandler
    startup_stm32f411xe.o(RESET) refers to stm32f4xx_it.o(i.EXTI1_IRQHandler) for EXTI1_IRQHandler
    startup_stm32f411xe.o(RESET) refers to stm32f4xx_it.o(i.EXTI3_IRQHandler) for EXTI3_IRQHandler
    startup_stm32f411xe.o(RESET) refers to stm32f4xx_it.o(i.DMA1_Stream6_IRQHandler) for DMA1_Stream6_IRQHandler
    startup_stm32f411xe.o(RESET) refers to stm32f4xx_it.o(i.ADC_IRQHandler) for ADC_IRQHandler
    startup_stm32f411xe.o(RESET) refers to stm32f4xx_it.o(i.EXTI9_5_IRQHandler) for EXTI9_5_IRQHandler
    startup_stm32f411xe.o(RESET) refers to stm32f4xx_it.o(i.TIM4_IRQHandler) for TIM4_IRQHandler
    startup_stm32f411xe.o(RESET) refers to stm32f4xx_it.o(i.USART1_IRQHandler) for USART1_IRQHandler
    startup_stm32f411xe.o(RESET) refers to stm32f4xx_it.o(i.USART2_IRQHandler) for USART2_IRQHandler
    startup_stm32f411xe.o(RESET) refers to stm32f4xx_it.o(i.DMA2_Stream0_IRQHandler) for DMA2_Stream0_IRQHandler
    startup_stm32f411xe.o(RESET) refers to stm32f4xx_it.o(i.DMA2_Stream6_IRQHandler) for DMA2_Stream6_IRQHandler
    startup_stm32f411xe.o(RESET) refers to stm32f4xx_it.o(i.DMA2_Stream7_IRQHandler) for DMA2_Stream7_IRQHandler
    startup_stm32f411xe.o(RESET) refers to stm32f4xx_it.o(i.USART6_IRQHandler) for USART6_IRQHandler
    startup_stm32f411xe.o(.text) refers to system_stm32f4xx.o(i.SystemInit) for SystemInit
    startup_stm32f411xe.o(.text) refers to entry.o(.ARM.Collect$$$$00000000) for __main
    main.o(i.ADC_Temp) refers to dadd.o(.text) for __aeabi_dsub
    main.o(i.ADC_Temp) refers to ddiv.o(.text) for __aeabi_ddiv
    main.o(i.ADC_test) refers to f2d.o(.text) for __aeabi_f2d
    main.o(i.ADC_test) refers to dmul.o(.text) for __aeabi_dmul
    main.o(i.ADC_test) refers to ddiv.o(.text) for __aeabi_ddiv
    main.o(i.ADC_test) refers to d2f.o(.text) for __aeabi_d2f
    main.o(i.ADC_test) refers to main.o(i.Transf) for Transf
    main.o(i.ADC_test) refers to main.o(i.f_out) for f_out
    main.o(i.ADC_test) refers to main.o(i.ADC_Temp) for ADC_Temp
    main.o(i.ADC_test) refers to main.o(i.u_out) for u_out
    main.o(i.ADC_test) refers to main.o(.data) for adc_cntl
    main.o(i.ADC_test) refers to main.o(.bss) for adcBuffer
    main.o(i.ALARM_SYSTEM) refers to main.o(i.AVARIYA_OTKL) for AVARIYA_OTKL
    main.o(i.ALARM_SYSTEM) refers to w5200.o(i.SYS_CMD_MSG) for SYS_CMD_MSG
    main.o(i.ALARM_SYSTEM) refers to main.o(.data) for ADRES_SENDER_CMD
    main.o(i.ALARM_SYSTEM) refers to main.o(.bss) for ERROR_FLAG
    main.o(i.ALARM_SYS_TEMP) refers to main.o(.data) for TEMP_MAX
    main.o(i.ALARM_SYS_TEMP) refers to main.o(.bss) for LM
    main.o(i.ARRAY_DATA) refers to main.o(.data) for D_TEMP
    main.o(i.ARR_B072) refers to main.o(.data) for NUMBER_OF_B072
    main.o(i.ARR_B072) refers to main.o(.bss) for DATA_TR
    main.o(i.ARR_B330) refers to main.o(.bss) for LM
    main.o(i.ARR_Z) refers to main.o(.bss) for B330
    main.o(i.AVARIYA_OTKL) refers to main.o(i.PWR_072) for PWR_072
    main.o(i.AVARIYA_OTKL) refers to main.o(.data) for START_BP
    main.o(i.BP_072_READ) refers to main.o(i.SPI_BP64_READ) for SPI_BP64_READ
    main.o(i.BP_start) refers to main.o(i.PWR_072) for PWR_072
    main.o(i.BP_start) refers to stm32f4xx_hal_gpio.o(i.HAL_GPIO_WritePin) for HAL_GPIO_WritePin
    main.o(i.BP_start) refers to main.o(i.Transf) for Transf
    main.o(i.BP_start) refers to main.o(i.FUNC_FLAG_UP) for FUNC_FLAG_UP
    main.o(i.BP_start) refers to main.o(.bss) for B330
    main.o(i.BP_start) refers to main.o(.data) for TIMER_BP_PWM
    main.o(i.BUS_485_TEST) refers to main.o(i.Transf2) for Transf2
    main.o(i.BUS_485_TEST) refers to main.o(i.Transf) for Transf
[...]
    HAL_SPI_MspInit                          0x08006f51   Thumb Code   450  stm32f4xx_hal_msp.o(i.HAL_SPI_MspInit)
    HAL_SPI_TransmitReceive                  0x08007135   Thumb Code   554  stm32f4xx_hal_spi.o(i.HAL_SPI_TransmitReceive)
    HAL_SYSTICK_CLKSourceConfig              0x0800735f   Thumb Code    40  stm32f4xx_hal_cortex.o(i.HAL_SYSTICK_CLKSourceConfig)
    HAL_SYSTICK_Config                       0x08007387   Thumb Code    52  stm32f4xx_hal_cortex.o(i.HAL_SYSTICK_Config)
    HAL_TIMEx_BreakCallback                  0x080073bb   Thumb Code     2  stm32f4xx_hal_tim_ex.o(i.HAL_TIMEx_BreakCallback)
    HAL_TIMEx_CommutCallback                 0x080073bd   Thumb Code     2  stm32f4xx_hal_tim_ex.o(i.HAL_TIMEx_CommutCallback)
    HAL_TIM_IC_CaptureCallback               0x080073bf   Thumb Code     2  stm32f4xx_hal_tim.o(i.HAL_TIM_IC_CaptureCallback)
    HAL_TIM_IRQHandler                       0x080073c1   Thumb Code   406  stm32f4xx_hal_tim.o(i.HAL_TIM_IRQHandler)
    HAL_TIM_OC_DelayElapsedCallback          0x08007557   Thumb Code     2  stm32f4xx_hal_tim.o(i.HAL_TIM_OC_DelayElapsedCallback)
    HAL_TIM_PWM_PulseFinishedCallback        0x08007559   Thumb Code     2  stm32f4xx_hal_tim.o(i.HAL_TIM_PWM_PulseFinishedCallback)
    HAL_TIM_PeriodElapsedCallback            0x0800755b   Thumb Code     2  stm32f4xx_hal_tim.o(i.HAL_TIM_PeriodElapsedCallback)
    HAL_TIM_TriggerCallback                  0x0800755d   Thumb Code     2  stm32f4xx_hal_tim.o(i.HAL_TIM_TriggerCallback)
    HAL_UART_ErrorCallback                   0x0800755f   Thumb Code     2  stm32f4xx_hal_uart.o(i.HAL_UART_ErrorCallback)
    HAL_UART_GetState                        0x08007561   Thumb Code    20  stm32f4xx_hal_uart.o(i.HAL_UART_GetState)
    HAL_UART_IRQHandler                      0x08007575   Thumb Code   328  stm32f4xx_hal_uart.o(i.HAL_UART_IRQHandler)
    HAL_UART_Init                            0x080076c1   Thumb Code   114  stm32f4xx_hal_uart.o(i.HAL_UART_Init)
    HAL_UART_MspInit                         0x08007735   Thumb Code   576  stm32f4xx_hal_msp.o(i.HAL_UART_MspInit)
    HAL_UART_Receive_IT                      0x080079a5   Thumb Code   112  stm32f4xx_hal_uart.o(i.HAL_UART_Receive_IT)
    HAL_UART_RxCpltCallback                  0x08007a15   Thumb Code    72  main.o(i.HAL_UART_RxCpltCallback)
    HAL_UART_Transmit_DMA                    0x08007a71   Thumb Code   142  stm32f4xx_hal_uart.o(i.HAL_UART_Transmit_DMA)
    HAL_UART_TxCpltCallback                  0x08007b0d   Thumb Code     2  stm32f4xx_hal_uart.o(i.HAL_UART_TxCpltCallback)
    HAL_UART_TxHalfCpltCallback              0x08007b0f   Thumb Code     2  stm32f4xx_hal_uart.o(i.HAL_UART_TxHalfCpltCallback)
    HardFault_Handler                        0x08007b11   Thumb Code     4  stm32f4xx_it.o(i.HardFault_Handler)
    ID_recive                                0x08007fc5   Thumb Code   148  jtag_my.o(i.ID_recive)
    IINCHIP_CSoff                            0x08008069   Thumb Code    14  w5200.o(i.IINCHIP_CSoff)
    IINCHIP_CSon                             0x0800807d   Thumb Code    14  w5200.o(i.IINCHIP_CSon)
    IINCHIP_READ                             0x08008091   Thumb Code    48  w5200.o(i.IINCHIP_READ)
    IINCHIP_SpiSendData                      0x080080c1   Thumb Code    12  w5200.o(i.IINCHIP_SpiSendData)
    IINCHIP_WRITE                            0x080080cd   Thumb Code    48  w5200.o(i.IINCHIP_WRITE)
    INIT_SERV_ARCHIV                         0x080080fd   Thumb Code   168  w5200.o(i.INIT_SERV_ARCHIV)
    IO                                       0x080081a5   Thumb Code  6382  main.o(i.IO)
    JTAG_SCAN                                0x08009b1d   Thumb Code   106  jtag_my.o(i.JTAG_SCAN)
    LED                                      0x08009b99   Thumb Code   204  main.o(i.LED)
    LED_CONTROL                              0x08009c79   Thumb Code   554  main.o(i.LED_CONTROL)
    LM_MFR_ID                                0x08009ed9   Thumb Code   390  main.o(i.LM_MFR_ID)
    LM_MFR_MODEL                             0x0800a06d   Thumb Code   212  main.o(i.LM_MFR_MODEL)
    LM_TEMP                                  0x0800a185   Thumb Code   266  main.o(i.LM_TEMP)
    LM_in_i                                  0x0800a29d   Thumb Code   324  main.o(i.LM_in_i)
    LM_v                                     0x0800a401   Thumb Code   290  main.o(i.LM_v)
    MSG_SEND_UDP                             0x0800a541   Thumb Code   112  main.o(i.MSG_SEND_UDP)
    MSG_SHOW                                 0x0800a5d1   Thumb Code   124  w5200.o(i.MSG_SHOW)
    MemManage_Handler                        0x0800ab05   Thumb Code     4  stm32f4xx_it.o(i.MemManage_Handler)
    Menu1                                    0x0800ab09   Thumb Code   280  main.o(i.Menu1)
    NMI_Handler                              0x0800aef9   Thumb Code     2  stm32f4xx_it.o(i.NMI_Handler)
    PACK_ARR_FLOAT                           0x0800aefd   Thumb Code    74  main.o(i.PACK_ARR_FLOAT)
    PRINT_SERV                               0x0800af4d   Thumb Code    82  main.o(i.PRINT_SERV)
    PWR_072                                  0x0800afb1   Thumb Code   286  main.o(i.PWR_072)
    PendSV_Handler                           0x0800b0dd   Thumb Code     2  stm32f4xx_it.o(i.PendSV_Handler)
    RECEIVE_udp                              0x0800b0e1   Thumb Code   202  w5200.o(i.RECEIVE_udp)
    REQ_VERSIYA                              0x0800b215   Thumb Code    56  main.o(i.REQ_VERSIYA)
    RUN_TEST_IDLE                            0x0800b29d   Thumb Code    62  jtag_my.o(i.RUN_TEST_IDLE)
    SCAN_N                                   0x0800b2e1   Thumb Code   148  jtag_my.o(i.SCAN_N)
    SEND_UDP_MSG                             0x0800b379   Thumb Code    92  w5200.o(i.SEND_UDP_MSG)
    SEND_udp                                 0x0800b3e5   Thumb Code   166  w5200.o(i.SEND_udp)
    SERIAL_NUMBER                            0x0800b4fd   Thumb Code    42  main.o(i.SERIAL_NUMBER)
    SERIAL_NUMBER_WR                         0x0800b541   Thumb Code    82  main.o(i.SERIAL_NUMBER_WR)
    SERV_ID_DEL                              0x0800b5b1   Thumb Code    80  w5200.o(i.SERV_ID_DEL)
    SERV_ID_WR                               0x0800b601   Thumb Code   466  w5200.o(i.SERV_ID_WR)
    SERV_WR                                  0x0800b809   Thumb Code    44  w5200.o(i.SERV_WR)
    SETUP_DEST_IP0_072                       0x0800b835   Thumb Code    26  main.o(i.SETUP_DEST_IP0_072)
    SETUP_DEST_IP1_072                       0x0800b84f   Thumb Code    26  main.o(i.SETUP_DEST_IP1_072)
    SETUP_IP0_072                            0x0800b869   Thumb Code    26  main.o(i.SETUP_IP0_072)
    SETUP_IP1_072                            0x0800b883   Thumb Code    26  main.o(i.SETUP_IP1_072)
    SLAVE_COUNT                              0x0800b89d   Thumb Code    44  main.o(i.SLAVE_COUNT)
    SPI_BP64_READ                            0x0800b8fd   Thumb Code    28  main.o(i.SPI_BP64_READ)
    SPI_BP_READ                              0x0800b919   Thumb Code    24  main.o(i.SPI_BP_READ)
    SPI_BP_READ_TEST                         0x0800b931   Thumb Code    24  main.o(i.SPI_BP_READ_TEST)
    SPI_BP_WRITE                             0x0800b949   Thumb Code    26  main.o(i.SPI_BP_WRITE)
    SPI_BP_WRITE_1                           0x0800b963   Thumb Code    26  main.o(i.SPI_BP_WRITE_1)
    STATE_B072_INFO_SEND_UDP                 0x0800ba91   Thumb Code    62  main.o(i.STATE_B072_INFO_SEND_UDP)
    STATUS_ID                                0x0800bae1   Thumb Code   150  w5200.o(i.STATUS_ID)
    SVC_Handler                              0x0800bbc1   Thumb Code     2  stm32f4xx_it.o(i.SVC_Handler)
    SYS_072_STATE                            0x0800bbc5   Thumb Code   436  main.o(i.SYS_072_STATE)
    SYS_CMD_MSG                              0x0800bda1   Thumb Code   218  w5200.o(i.SYS_CMD_MSG)
    SYS_INFO                                 0x0800be9d   Thumb Code   212  main.o(i.SYS_INFO)
    SYS_INFO_SEND_UDP                        0x0800bf9d   Thumb Code   168  main.o(i.SYS_INFO_SEND_UDP)
    Set_network                              0x0800c061   Thumb Code   546  w5200.o(i.Set_network)
    Shift_DR                                 0x0800c3a9   Thumb Code   152  jtag_my.o(i.Shift_DR)
    Shift_IR                                 0x0800c445   Thumb Code   184  jtag_my.o(i.Shift_IR)
    SysTick_Handler                          0x0800c501   Thumb Code   222  stm32f4xx_it.o(i.SysTick_Handler)
    SystemClock_Config                       0x0800c615   Thumb Code   204  main.o(i.SystemClock_Config)
    SystemInit                               0x0800c6e9   Thumb Code    82  system_stm32f4xx.o(i.SystemInit)
    TABL_CONS                                0x0800c74d   Thumb Code    82  main.o(i.TABL_CONS)
    TCA_WR                                   0x0800c7a5   Thumb Code   120  main.o(i.TCA_WR)
    TIM4_IRQHandler                          0x0800c821   Thumb Code    10  stm32f4xx_it.o(i.TIM4_IRQHandler)
    TIME_cons                                0x0800c831   Thumb Code    20  main.o(i.TIME_cons)
    TLR                                      0x0800c851   Thumb Code    60  jtag_my.o(i.TLR)
    TST                                      0x0800c891   Thumb Code    70  adiv5_jtagdp.o(i.TST)
    TX_MSG_BUFF                              0x0800c8e5   Thumb Code  1236  w5200.o(i.TX_MSG_BUFF)
    Transf                                   0x0800ce15   Thumb Code    84  main.o(i.Transf)
    Transf2                                  0x0800ce75   Thumb Code    82  main.o(i.Transf2)
    UART_CNTR                                0x0800ced5   Thumb Code    34  main.o(i.UART_CNTR)
    UART_DMA_TX                              0x0800cfa5   Thumb Code    68  main.o(i.UART_DMA_TX)
    UART_DMA_TX2                             0x0800cffd   Thumb Code    88  main.o(i.UART_DMA_TX2)
    UART_conrol                              0x0800d539   Thumb Code    86  main.o(i.UART_conrol)
    USART1_IRQHandler                        0x0800d59d   Thumb Code    10  stm32f4xx_it.o(i.USART1_IRQHandler)
    USART2_IRQHandler                        0x0800d5ad   Thumb Code    10  stm32f4xx_it.o(i.USART2_IRQHandler)
    USART6_IRQHandler                        0x0800d5bd   Thumb Code    10  stm32f4xx_it.o(i.USART6_IRQHandler)
    Update_IR                                0x0800d5cd   Thumb Code    48  jtag_my.o(i.Update_IR)
    UsageFault_Handler                       0x0800d601   Thumb Code     4  stm32f4xx_it.o(i.UsageFault_Handler)
    WATCH_DOG                                0x0800d605   Thumb Code    56  main.o(i.WATCH_DOG)
    __0sprintf                               0x0800d645   Thumb Code    34  printfa.o(i.__0sprintf)
    __1sprintf                               0x0800d645   Thumb Code     0  printfa.o(i.__0sprintf)
    __2sprintf                               0x0800d645   Thumb Code     0  printfa.o(i.__0sprintf)
    __c89sprintf                             0x0800d645   Thumb Code     0  printfa.o(i.__0sprintf)
    sprintf                                  0x0800d645   Thumb Code     0  printfa.o(i.__0sprintf)
    __ARM_fpclassify                         0x0800d66d   Thumb Code    48  fpclassify.o(i.__ARM_fpclassify)
    __ARM_fpclassifyf                        0x0800d69d   Thumb Code    38  fpclassifyf.o(i.__ARM_fpclassifyf)
    __aeabi_errno_addr                       0x0800d6fd   Thumb Code     4  errno.o(i.__aeabi_errno_addr)
    __rt_errno_addr                          0x0800d6fd   Thumb Code     0  errno.o(i.__aeabi_errno_addr)
    __hardfp_pow                             0x0800d709   Thumb Code  3044  pow.o(i.__hardfp_pow)
    __hardfp_powf                            0x0800e341   Thumb Code  1518  powf.o(i.__hardfp_powf)
    __mathlib_powf                           0x0800e341   Thumb Code     0  powf.o(i.__hardfp_powf)
    __hardfp_round                           0x0800e951   Thumb Code   194  round.o(i.__hardfp_round)
    __kernel_poly                            0x0800ea31   Thumb Code   248  poly.o(i.__kernel_poly)
    __mathlib_dbl_divzero                    0x0800eb29   Thumb Code    28  dunder.o(i.__mathlib_dbl_divzero)
    __mathlib_dbl_infnan2                    0x0800eb59   Thumb Code    20  dunder.o(i.__mathlib_dbl_infnan2)
    __mathlib_dbl_invalid                    0x0800eb71   Thumb Code    24  dunder.o(i.__mathlib_dbl_invalid)
    __mathlib_dbl_overflow                   0x0800eb91   Thumb Code    24  dunder.o(i.__mathlib_dbl_overflow)
    __mathlib_dbl_underflow                  0x0800ebb1   Thumb Code    24  dunder.o(i.__mathlib_dbl_underflow)
    __mathlib_flt_divzero                    0x0800ebd1   Thumb Code    14  funder.o(i.__mathlib_flt_divzero)
    __mathlib_flt_infnan2                    0x0800ebe5   Thumb Code     6  funder.o(i.__mathlib_flt_infnan2)
    __mathlib_flt_invalid                    0x0800ebed   Thumb Code    10  funder.o(i.__mathlib_flt_invalid)
    __mathlib_flt_overflow                   0x0800ebfd   Thumb Code    10  funder.o(i.__mathlib_flt_overflow)
    __mathlib_flt_underflow                  0x0800ec0d   Thumb Code    10  funder.o(i.__mathlib_flt_underflow)
    __scatterload_copy                       0x0800ec1d   Thumb Code    14  handlers.o(i.__scatterload_copy)
    __scatterload_null                       0x0800ec2b   Thumb Code     2  handlers.o(i.__scatterload_null)
    __scatterload_zeroinit                   0x0800ec2d   Thumb Code    14  handlers.o(i.__scatterload_zeroinit)
    __set_errno                              0x0800ec3d   Thumb Code     6  errno.o(i.__set_errno)
    answer_translated                        0x0800f4e5   Thumb Code    26  main.o(i.answer_translated)
    buf_to_data                              0x0800f50d   Thumb Code    28  main.o(i.buf_to_data)
    clearSUBR                                0x0800f529   Thumb Code    36  w5200.o(i.clearSUBR)
    close                                    0x0800f54d   Thumb Code    82  w5200.o(i.close)
    cnvrt                                    0x0800f5ad   Thumb Code    78  main.o(i.cnvrt)
    comp                                     0x0800f601   Thumb Code    10  main.o(i.comp)
    f_out                                    0x0800f60d   Thumb Code    60  main.o(i.f_out)
    fabs                                     0x0800f659   Thumb Code    24  fabs.o(i.fabs)
    fw_adiv5_jtagdp_low_access               0x0800f671   Thumb Code   126  adiv5_jtagdp.o(i.fw_adiv5_jtagdp_low_access)
    fw_adiv5_jtagdp_read                     0x0800f6f5   Thumb Code    32  adiv5_jtagdp.o(i.fw_adiv5_jtagdp_read)
    getGAR                                   0x0800f715   Thumb Code    38  w5200.o(i.getGAR)
    getIINCHIP_RxBASE                        0x0800f73d   Thumb Code    10  w5200.o(i.getIINCHIP_RxBASE)
    getIINCHIP_RxMASK                        0x0800f74d   Thumb Code    10  w5200.o(i.getIINCHIP_RxMASK)
    getIINCHIP_RxMAX                         0x0800f75d   Thumb Code    10  w5200.o(i.getIINCHIP_RxMAX)
    getIINCHIP_TxBASE                        0x0800f76d   Thumb Code    10  w5200.o(i.getIINCHIP_TxBASE)
    getIINCHIP_TxMASK                        0x0800f77d   Thumb Code    10  w5200.o(i.getIINCHIP_TxMASK)
    getIINCHIP_TxMAX                         0x0800f78d   Thumb Code    10  w5200.o(i.getIINCHIP_TxMAX)
    getSIPR                                  0x0800f79d   Thumb Code    38  w5200.o(i.getSIPR)
    getSUBR                                  0x0800f7c5   Thumb Code    26  w5200.o(i.getSUBR)
    getSn_RX_RSR                             0x0800f7e5   Thumb Code   100  w5200.o(i.getSn_RX_RSR)
    getSn_SR                                 0x0800f849   Thumb Code    22  w5200.o(i.getSn_SR)
    getchar1                                 0x0800f861   Thumb Code    50  main.o(i.getchar1)
    gpio_clear                               0x0800f8a1   Thumb Code    54  jtagtap.o(i.gpio_clear)
    gpio_get                                 0x0800f8dd   Thumb Code    18  jtagtap.o(i.gpio_get)
    gpio_set                                 0x0800f8f5   Thumb Code    50  jtagtap.o(i.gpio_set)
    hn_out                                   0x0800f92d   Thumb Code    70  main.o(i.hn_out)
    idx_srv                                  0x0800f985   Thumb Code    22  main.o(i.idx_srv)
    iinchip_init                             0x0800f99d   Thumb Code    16  w5200.o(i.iinchip_init)
    info                                     0x0800f9b9   Thumb Code     2  main.o(i.info)
    jtag_dev_shift_dr                        0x0800f9bd   Thumb Code   108  jtag_scan.o(i.jtag_dev_shift_dr)
    jtag_dev_write_ir                        0x0800fa31   Thumb Code   114  jtag_scan.o(i.jtag_dev_write_ir)
    jtag_scan                                0x0800fab5   Thumb Code  1588  jtag_scan.o(i.jtag_scan)
    jtagtap_init                             0x08010199   Thumb Code    38  jtagtap.o(i.jtagtap_init)
    leng                                     0x080103d5   Thumb Code    20  main.o(i.leng)
    main                                     0x080103e9   Thumb Code   788  main.o(i.main)
    nu_out                                   0x080107c5   Thumb Code    30  main.o(i.nu_out)
    okrug                                    0x080107ed   Thumb Code   154  main.o(i.okrug)
    read_data                                0x08010891   Thumb Code   110  w5200.o(i.read_data)
    recvfrom                                 0x080108ff   Thumb Code   494  w5200.o(i.recvfrom)
    req_col                                  0x08010aed   Thumb Code    86  main.o(i.req_col)
    saveSUBR                                 0x08010b51   Thumb Code    20  w5200.o(i.saveSUBR)
    send_data_processing                     0x08010b69   Thumb Code   106  w5200.o(i.send_data_processing)
    sendto                                   0x08010bd3   Thumb Code   330  w5200.o(i.sendto)
    setGAR                                   0x08010d1d   Thumb Code    38  w5200.o(i.setGAR)
    setMR                                    0x08010d45   Thumb Code    20  w5200.o(i.setMR)
    setRCR                                   0x08010d61   Thumb Code    14  w5200.o(i.setRCR)
    setRTR                                   0x08010d6f   Thumb Code    22  w5200.o(i.setRTR)
    setSHAR                                  0x08010d85   Thumb Code    54  w5200.o(i.setSHAR)
    setSIPR                                  0x08010dbb   Thumb Code    38  w5200.o(i.setSIPR)
    setSUBR                                  0x08010de1   Thumb Code    44  w5200.o(i.setSUBR)
    socket                                   0x08010e11   Thumb Code   212  w5200.o(i.socket)
    spi4send8                                0x08010ef9   Thumb Code    32  main.o(i.spi4send8)
    spi5send8                                0x08010f1d   Thumb Code    32  main.o(i.spi5send8)
    spi_EPCS1_ERASE_BULK                     0x08010f41   Thumb Code    30  main.o(i.spi_EPCS1_ERASE_BULK)
    spi_EPCS1_STATUS                         0x08010f65   Thumb Code    18  main.o(i.spi_EPCS1_STATUS)
    spi_EPCS1_rd                             0x08010f79   Thumb Code    60  main.o(i.spi_EPCS1_rd)
    spi_EPCS1_read                           0x08010fb9   Thumb Code    90  main.o(i.spi_EPCS1_read)
    spi_EPCS1_wr_DISABLE                     0x0801101d   Thumb Code    30  main.o(i.spi_EPCS1_wr_DISABLE)
    spi_EPCS1_wr_ENABLE                      0x08011041   Thumb Code    30  main.o(i.spi_EPCS1_wr_ENABLE)
    spi_EPCS1_write                          0x08011065   Thumb Code    94  main.o(i.spi_EPCS1_write)
    spi_EPCS2_STATUS                         0x080110d1   Thumb Code    18  main.o(i.spi_EPCS2_STATUS)
    spi_EPCS2_rd                             0x080110e5   Thumb Code    60  main.o(i.spi_EPCS2_rd)
    spi_EPCS2_read                           0x08011125   Thumb Code    90  main.o(i.spi_EPCS2_read)
    spi_EPCS2_wr_DISABLE                     0x08011189   Thumb Code    30  main.o(i.spi_EPCS2_wr_DISABLE)
    spi_EPCS2_wr_ENABLE                      0x080111ad   Thumb Code    30  main.o(i.spi_EPCS2_wr_ENABLE)
    spi_EPCS2_write                          0x080111d1   Thumb Code    94  main.o(i.spi_EPCS2_write)
    spisend8                                 0x0801123d   Thumb Code    32  main.o(i.spisend8)
    sqrt                                     0x08011261   Thumb Code   110  sqrt.o(i.sqrt)
    sysinit                                  0x080112d1   Thumb Code   436  w5200.o(i.sysinit)
    u_out                                    0x0801149d   Thumb Code    36  main.o(i.u_out)
    un64_out                                 0x080114cd   Thumb Code    64  main.o(i.un64_out)
    un_out                                   0x08011515   Thumb Code    30  main.o(i.un_out)
    wait_10ms                                0x0801153d   Thumb Code    24  w5200.o(i.wait_10ms)
    wiz_read_buf                             0x08011555   Thumb Code    78  w5200.o(i.wiz_read_buf)
    wiz_write_buf                            0x080115a3   Thumb Code    86  w5200.o(i.wiz_write_buf)
    write_data                               0x080115f9   Thumb Code   104  w5200.o(i.write_data)
    x_out                                    0x08011661   Thumb Code    36  main.o(i.x_out)
    xn_out                                   0x08011691   Thumb Code    30  main.o(i.xn_out)
    xun_out                                  0x080116b9   Thumb Code   110  main.o(i.xun_out)
    dev_descr                                0x08011740   Data         304  jtag_devs.o(.constdata)
    AHBPrescTable                            0x08011878   Data          16  system_stm32f4xx.o(.constdata)
    APBPrescTable                            0x08011888   Data           8  system_stm32f4xx.o(.constdata)
    __mathlib_zero                           0x08011a58   Data           8  qnan.o(.constdata)
    __ctype_table                            0x08011a60   Data         129  ctype_o.o(.constdata)
    Region$$Table$$Base                      0x08011d6c   Number         0  anon$$obj.o(Region$$Table)
    Region$$Table$$Limit                     0x08011d8c   Number         0  anon$$obj.o(Region$$Table)
    sMasterConfig                            0x20000000   Data           8  main.o(.data)
    STM32_VERSION                            0x20000008   Data           8  main.o(.data)
    IP_my                                    0x20000010   Data           4  main.o(.data)
    PORT_my                                  0x20000014   Data           2  main.o(.data)
    TIMER_CONTROL_SYS                        0x20000018   Data           4  main.o(.data)
    TIMER1                                   0x2000001c   Data           4  main.o(.data)
    TIMER_BP_PWM                             0x20000020   Data           4  main.o(.data)
    SysTickDelay                             0x20000024   Data           4  main.o(.data)
    FLAG_T1                                  0x20000028   Data           4  main.o(.data)
    FLAG_T2                                  0x2000002c   Data           4  main.o(.data)
    FLAG_FAPCH_ON                            0x20000030   Data           1  main.o(.data)
    RX_uBUF                                  0x20000031   Data           1  main.o(.data)
    RX2_uBUF                                 0x20000032   Data           1  main.o(.data)
    timer_DMA2                               0x20000034   Data           4  main.o(.data)
    flag_pachka_TXT                          0x20000038   Data           1  main.o(.data)
    text_lengh                               0x2000003a   Data           2  main.o(.data)
    rx_wr_index1                             0x2000003c   Data           4  main.o(.data)
    rx_rd_index1                             0x20000040   Data           4  main.o(.data)
    rx_counter1                              0x20000044   Data           4  main.o(.data)
    rx_buffer_overflow1                      0x20000048   Data           1  main.o(.data)
    timer_DMA1_Stream6                       0x2000004c   Data           4  main.o(.data)
    flag_pachka_TXT2                         0x20000050   Data           1  main.o(.data)
    text_lengh2                              0x20000052   Data           2  main.o(.data)
    rx_wr_index2                             0x20000054   Data           4  main.o(.data)
    rx_rd_index2                             0x20000058   Data           4  main.o(.data)
    rx_counter2                              0x2000005c   Data           4  main.o(.data)
    rx_buffer_overflow2                      0x20000060   Data           1  main.o(.data)
    lsr                                      0x20000061   Data           1  main.o(.data)
    lk                                       0x20000062   Data           1  main.o(.data)
    led_tick                                 0x20000064   Data           4  main.o(.data)
    Master_flag                              0x20000068   Data           1  main.o(.data)
    lsym                                     0x20000069   Data           1  main.o(.data)
    sym                                      0x2000006a   Data           1  main.o(.data)
    flag                                     0x2000006b   Data           1  main.o(.data)
    NB                                       0x2000006c   Data           1  main.o(.data)
    Adress                                   0x2000006d   Data           1  main.o(.data)
    Adress_REZ                               0x2000006e   Data           1  main.o(.data)
    packet_sum                               0x2000006f   Data           1  main.o(.data)
    crc                                      0x20000070   Data           1  main.o(.data)
    comanda                                  0x20000071   Data           1  main.o(.data)
    ink1                                     0x20000072   Data           1  main.o(.data)
    data_in                                  0x20000073   Data           1  main.o(.data)
    lenght                                   0x20000074   Data           2  main.o(.data)
    SCH_LENGHT_PACKET                        0x20000076   Data           2  main.o(.data)
    index1                                   0x20000078   Data           4  main.o(.data)
    crc_ok                                   0x2000007c   Data           1  main.o(.data)
    packet_ok                                0x2000007d   Data           1  main.o(.data)
    packet_flag                              0x2000007e   Data           1  main.o(.data)
    indexZ                                   0x20000080   Data           4  main.o(.data)
    index_word                               0x20000084   Data           4  main.o(.data)
    index_data_word                          0x20000088   Data           4  main.o(.data)
    index_data_word2                         0x2000008c   Data           4  main.o(.data)
    lenght_data                              0x20000090   Data           4  main.o(.data)
    data_flag                                0x20000094   Data           1  main.o(.data)
    data_flag2                               0x20000095   Data           1  main.o(.data)
    FLAG_lenght                              0x20000096   Data           1  main.o(.data)
    sch_lenght_data                          0x20000098   Data           4  main.o(.data)
    FLAG_DATA                                0x2000009c   Data           1  main.o(.data)
    FLAG_CW                                  0x2000009d   Data           1  main.o(.data)
    time_uart                                0x200000a0   Data           4  main.o(.data)
    flag_pcf                                 0x200000a4   Data           1  main.o(.data)
    lsym1                                    0x200000a5   Data           1  main.o(.data)
    pack_ok1                                 0x200000a6   Data           1  main.o(.data)
    pack_sum1                                0x200000a7   Data           1  main.o(.data)
    sym1                                     0x200000a8   Data           1  main.o(.data)
    sch_rx_byte                              0x200000ac   Data           4  main.o(.data)
    Adress_ATT1                              0x200000b0   Data           1  main.o(.data)
    Adress_ATT2                              0x200000b1   Data           1  main.o(.data)
    Adress_ATT3                              0x200000b2   Data           1  main.o(.data)
    Adress_ATT4                              0x200000b3   Data           1  main.o(.data)
    Adress_SWITCH                            0x200000b4   Data           1  main.o(.data)
    Adress_KONTROL_WIRE                      0x200000b5   Data           1  main.o(.data)
    Adress_KONTROL_1                         0x200000b6   Data           1  main.o(.data)
    Adress_KONTROL_2                         0x200000b7   Data           1  main.o(.data)
    PWRDN_DAC1                               0x200000b8   Data           1  main.o(.data)
    PWRDN_DAC2                               0x200000b9   Data           1  main.o(.data)
    PWRDN_ADC1                               0x200000ba   Data           1  main.o(.data)
    PWRDN_ADC2                               0x200000bb   Data           1  main.o(.data)
    RESET_DAC1                               0x200000bc   Data           1  main.o(.data)
    RESET_DAC2                               0x200000bd   Data           1  main.o(.data)
    RESET_ADC1                               0x200000be   Data           1  main.o(.data)
    RESET_ADC2                               0x200000bf   Data           1  main.o(.data)
    EVENT_INT0                               0x200000c0   Data           1  main.o(.data)
    EVENT_INT1                               0x200000c1   Data           1  main.o(.data)
    EVENT_INT2                               0x200000c2   Data           1  main.o(.data)
    EVENT_INT3                               0x200000c3   Data           1  main.o(.data)
    EVENT_INT4                               0x200000c4   Data           1  main.o(.data)
    EVENT_INT5                               0x200000c5   Data           1  main.o(.data)
    EVENT_INT6                               0x200000c6   Data           1  main.o(.data)
    EVENT_INT7                               0x200000c7   Data           1  main.o(.data)
    FLAG_DMA_ADC                             0x200000c8   Data           1  main.o(.data)
    TEST_LED                                 0x200000cc   Data           4  main.o(.data)
    TIME_SYS                                 0x200000d0   Data           8  main.o(.data)
    TIME_TEST                                0x200000d8   Data           4  main.o(.data)
    ID_CMD                                   0x200000dc   Data           4  main.o(.data)
    FLAG_T1HZ_MK                             0x200000e0   Data           4  main.o(.data)
    TIMER_T1HZ_MK                            0x200000e4   Data           4  main.o(.data)
    PWR_CHANNEL                              0x200000e8   Data           1  main.o(.data)
    TIMER_LS                                 0x200000ec   Data           4  main.o(.data)
    FLAG_LS                                  0x200000f0   Data           1  main.o(.data)
    LED_ISPRAV_AC                            0x200000f1   Data           1  main.o(.data)
    LED_PROGR                                0x200000f2   Data           1  main.o(.data)
    LED_OFCH                                 0x200000f3   Data           1  main.o(.data)
    LED_SINHR                                0x200000f4   Data           1  main.o(.data)
    LED_LS                                   0x200000f5   Data           1  main.o(.data)
    LED_ISPR_J330                            0x200000f6   Data           1  main.o(.data)
    LED_OTKL_AC                              0x200000f7   Data           1  main.o(.data)
    LED_TEMP                                 0x200000f8   Data           1  main.o(.data)
    TIMER_LED                                0x200000fc   Data           4  main.o(.data)
    LM_ID_CN                                 0x20000100   Data           8  main.o(.data)
    D_TEMP                                   0x20000108   Data           4  main.o(.data)
    TMP_v                                    0x2000010c   Data           4  main.o(.data)
    FLAG_TIME_OF_WORK_WRITE                  0x20000110   Data           1  main.o(.data)
    TIME_OF_SECOND                           0x20000114   Data           4  main.o(.data)
    TIME_OF_WORK                             0x20000118   Data           4  main.o(.data)
    MASTER_IP0                               0x2000011c   Data           4  main.o(.data)
    MASTER_IP1                               0x20000120   Data           4  main.o(.data)
    MASTER_DEST_IP0                          0x20000124   Data           4  main.o(.data)
    MASTER_DEST_IP1                          0x20000128   Data           4  main.o(.data)
    SLAVE_IP0                                0x2000012c   Data           4  main.o(.data)
    SLAVE_IP1                                0x20000130   Data           4  main.o(.data)
    SLAVE_DEST_IP0                           0x20000134   Data           4  main.o(.data)
    SLAVE_DEST_IP1                           0x20000138   Data           4  main.o(.data)
    FLAG_ASQ_TEST_485                        0x2000013c   Data           1  main.o(.data)
    FLAG_ASQ_TEST_JTAG                       0x2000013d   Data           1  main.o(.data)
    FLAG_ASQ_TEST_SPI                        0x2000013e   Data           1  main.o(.data)
    FLAG_ASQ_TEST_RESET                      0x2000013f   Data           1  main.o(.data)
    FLAG_CHECK_RST_072                       0x20000140   Data           1  main.o(.data)
    POINTER_TEST_485_REQ                     0x20000144   Data           8  main.o(.data)
    POINTER_TEST_485                         0x2000014c   Data           8  main.o(.data)
    POINTER_TEST_SPI_REQ                     0x20000154   Data           8  main.o(.data)
    POINTER_TEST_SPI                         0x2000015c   Data           8  main.o(.data)
    POINTER_TEST_JTAG_REQ                    0x20000164   Data           8  main.o(.data)
    POINTER_TEST_JTAG                        0x2000016c   Data           8  main.o(.data)
    POINTER_ADR_COLLECT                      0x20000174   Data           8  main.o(.data)
    POINTER_MASTER_IP0_SETUP                 0x2000017c   Data           8  main.o(.data)
    POINTER_SLAVE_IP0_SETUP                  0x20000184   Data           8  main.o(.data)
    POINTER_MASTER_IP1_SETUP                 0x2000018c   Data           8  main.o(.data)
    POINTER_SLAVE_IP1_SETUP                  0x20000194   Data           8  main.o(.data)
    POINTER_DEST_MASTER_IP0_SETUP            0x2000019c   Data           8  main.o(.data)
    POINTER_DEST_SLAVE_IP0_SETUP             0x200001a4   Data           8  main.o(.data)
    POINTER_DEST_MASTER_IP1_SETUP            0x200001ac   Data           8  main.o(.data)
    POINTER_DEST_SLAVE_IP1_SETUP             0x200001b4   Data           8  main.o(.data)
    POINTER_ADR_REQ                          0x200001bc   Data           8  main.o(.data)
    POINTER_ETHERNET_RERUN                   0x200001c4   Data           8  main.o(.data)
    POINTER_RESET_072_0                      0x200001cc   Data           8  main.o(.data)
    POINTER_RESET_072_1                      0x200001d4   Data           8  main.o(.data)
    POINTER_CHECK_RESET_072                  0x200001dc   Data           8  main.o(.data)
    POINTER_LED_TEST0                        0x200001e4   Data           8  main.o(.data)
    POINTER_LED_TEST1                        0x200001ec   Data           8  main.o(.data)
    POINTER_LED_TEST2                        0x200001f4   Data           8  main.o(.data)
    POINTER_LED_TEST3                        0x200001fc   Data           8  main.o(.data)
    POINTER_RESET                            0x20000204   Data           8  main.o(.data)
    POINTER_START_072                        0x2000020c   Data           8  main.o(.data)
    ADR_SLAVE                                0x20000214   Data           8  main.o(.data)
    NUMBER_OF_B072                           0x2000021c   Data           1  main.o(.data)
    TIMER_TIMEOUT                            0x20000220   Data           4  main.o(.data)
    FLAG_LED_TEST                            0x20000224   Data           1  main.o(.data)
    SCH_TST1                                 0x20000225   Data           1  main.o(.data)
    SCH_TST2                                 0x20000226   Data           1  main.o(.data)
    SCH_TST3                                 0x20000227   Data           1  main.o(.data)
    index_ch                                 0x20000228   Data           4  main.o(.data)
    TMP_f                                    0x2000022c   Data           4  main.o(.data)
    FLAG_CMD                                 0x20000230   Data           1  main.o(.data)
    TEMP_MAX                                 0x20000232   Data           2  main.o(.data)
    ADRES_SENDER_CMD                         0x20000238   Data           8  main.o(.data)
    FLAG_ADRES_SENDER_CMD                    0x20000240   Data           1  main.o(.data)
    FLAG_REQ_STATUS                          0x20000241   Data           1  main.o(.data)
    FLAG_REJ_OSNPAR                          0x20000242   Data           1  main.o(.data)
    FLAG_ERROR_REJ_OSNPAR                    0x20000243   Data           1  main.o(.data)
    START_BP                                 0x20000244   Data           1  main.o(.data)
    PWR_ALL                                  0x20000245   Data           1  main.o(.data)
    crc_input                                0x20000248   Data           4  main.o(.data)
    crc_comp                                 0x2000024c   Data           4  main.o(.data)
    adc_cntl                                 0x20000250   Data           4  main.o(.data)
    FLAG_WDG                                 0x20000254   Data           1  main.o(.data)
    adr_BPL                                  0x20000258   Data           4  main.o(.data)
    flag_RX_UDP                              0x20000268   Data           1  w5200.o(.data)
    RSR_len_TST                              0x2000026a   Data           2  w5200.o(.data)
    sch_tx_packet                            0x2000026c   Data           2  w5200.o(.data)
    presentTime                              0x20000270   Data           4  w5200.o(.data)
    any_port                                 0x20000274   Data           2  w5200.o(.data)
    ch_status                                0x20000276   Data           2  w5200.o(.data)
    TX_BUF_LENGTH                            0x20000278   Data           4  w5200.o(.data)
    lsr_razmer                               0x2000027c   Data           4  w5200.o(.data)
    my_time                                  0x20000280   Data           4  w5200.o(.data)
    Enable_DHCP                              0x20000284   Data           1  w5200.o(.data)
    NUMBER_BLOK                              0x20000285   Data           1  w5200.o(.data)
    MAC                                      0x20000286   Data           6  w5200.o(.data)
    IP                                       0x2000028c   Data           4  w5200.o(.data)
    GateWay                                  0x20000290   Data           4  w5200.o(.data)
    SubNet                                   0x20000294   Data           4  w5200.o(.data)
    SERVER_DEST_PORT                         0x20000298   Data           2  w5200.o(.data)
    Hard_reg                                 0x2000029a   Data           6  w5200.o(.data)
    Receive_IP                               0x200002a0   Data           4  w5200.o(.data)
    Receive_Port_destination                 0x200002a4   Data           2  w5200.o(.data)
    Receive_byte_size                        0x200002a6   Data           2  w5200.o(.data)
    Rec_Flag                                 0x200002a8   Data           1  w5200.o(.data)
    size                                     0x200002aa   Data           2  w5200.o(.data)
    Dest_IP                                  0x200002ac   Data           4  w5200.o(.data)
    Dest_PORT                                0x200002b0   Data           2  w5200.o(.data)
    Chconfig_Type_Def                        0x200002b2   Data           6  w5200.o(.data)
    txsize                                   0x200002b8   Data           2  w5200.o(.data)
    rxsize                                   0x200002ba   Data           2  w5200.o(.data)
    sch_packet_UDP_reciv                     0x200002bc   Data           4  w5200.o(.data)
    windowfull_retry_cnt                     0x200002e0   Data           2  w5200.o(.data)
    pre_sent_ptr                             0x200002e2   Data           2  w5200.o(.data)
    sent_ptr                                 0x200002e4   Data           2  w5200.o(.data)
    destip_UDP                               0x200002e8   Data           4  w5200.o(.data)
    destport_UDP                             0x200002ec   Data           2  w5200.o(.data)
    FLAG_UDP_EVENT                           0x200002ee   Data           2  w5200.o(.data)
    FLAG_UDP_INSTALL                         0x200002f0   Data           1  w5200.o(.data)
    Msg_uniq_id                              0x200002f4   Data           4  w5200.o(.data)
    user_state                               0x200002f8   Data           1  w5200.o(.data)
    text_lengh_TCP                           0x200002fa   Data           2  w5200.o(.data)
    jtag_dev_count                           0x200002fc   Data           4  jtag_scan.o(.data)
    uwTick                                   0x20000300   Data           4  stm32f4xx_hal.o(.data)
    uwTickPrio                               0x20000304   Data           4  stm32f4xx_hal.o(.data)
    uwTickFreq                               0x20000308   Data           1  stm32f4xx_hal.o(.data)
    SystemCoreClock                          0x2000030c   Data           4  system_stm32f4xx.o(.data)
    hadc1                                    0x20000318   Data          72  main.o(.bss)
    hdma_adc1                                0x20000360   Data          96  main.o(.bss)
    hi2c1                                    0x200003c0   Data          84  main.o(.bss)
    hspi2                                    0x20000414   Data          88  main.o(.bss)
    hspi3                                    0x2000046c   Data          88  main.o(.bss)
    hspi4                                    0x200004c4   Data          88  main.o(.bss)
    hspi5                                    0x2000051c   Data          88  main.o(.bss)
    huart1                                   0x20000574   Data          64  main.o(.bss)
    huart2                                   0x200005b4   Data          64  main.o(.bss)
    huart6                                   0x200005f4   Data          64  main.o(.bss)
    hdma_usart1_tx                           0x20000634   Data          96  main.o(.bss)
    hdma_usart2_tx                           0x20000694   Data          96  main.o(.bss)
    hdma_usart6_tx                           0x200006f4   Data          96  main.o(.bss)
    htim4                                    0x20000754   Data          64  main.o(.bss)
    sClockSourceConfig                       0x20000794   Data          16  main.o(.bss)
    sConfigOC                                0x200007a4   Data          28  main.o(.bss)
    adcBuffer                                0x200007c0   Data          10  main.o(.bss)
    adc_ch                                   0x200007cc   Data          48  main.o(.bss)
    transmitBuffer                           0x200007fc   Data          32  main.o(.bss)
    receiveBuffer                            0x2000081c   Data          32  main.o(.bss)
    text_buffer                              0x2000083c   Data        8192  main.o(.bss)
    rx_buffer1                               0x2000283c   Data          64  main.o(.bss)
    text_buffer2                             0x2000287c   Data        1024  main.o(.bss)
    rx_buffer2                               0x20002c7c   Data          64  main.o(.bss)
    sr                                       0x20002cbc   Data         201  main.o(.bss)
    strng                                    0x20002d85   Data          64  main.o(.bss)
    InOut                                    0x20002dc5   Data         201  main.o(.bss)
    Word                                     0x20002e8e   Data          64  main.o(.bss)
    DATA_Word                                0x20002ece   Data         200  main.o(.bss)
    DATA_Word2                               0x20002f96   Data         200  main.o(.bss)
    In_data                                  0x2000305e   Data          64  main.o(.bss)
    LM                                       0x200030a0   Data        2208  main.o(.bss)
    B330                                     0x20003940   Data         120  main.o(.bss)
    PNT                                      0x200039b8   Data         128  main.o(.bss)
    DAT_REQ                                  0x20003a38   Data         256  main.o(.bss)
    B072                                     0x20003b38   Data         128  main.o(.bss)
    DATA_TR                                  0x20003bb8   Data         512  main.o(.bss)
    INVOICE                                  0x20003db8   Data       17200  main.o(.bss)
    FRM1                                     0x200080e8   Data       17200  main.o(.bss)
    SERV1                                    0x2000c418   Data        8232  main.o(.bss)
    ID_SERV1                                 0x2000e440   Data        4744  main.o(.bss)
    CMD1                                     0x2000f6c8   Data          16  main.o(.bss)
    ADDR_SNDR                                0x2000f6d8   Data          16  main.o(.bss)
    ERROR_FLAG                               0x2000f6e8   Data          12  main.o(.bss)
    Str                                      0x2000f6f4   Data          64  main.o(.bss)
    mas                                      0x2000f734   Data         300  main.o(.bss)
    strng1                                   0x2000f860   Data          64  w5200.o(.bss)
    TX_BUF                                   0x2000f8a0   Data        8192  w5200.o(.bss)
    RX_BUF                                   0x200118a0   Data        2048  w5200.o(.bss)
    Receive_DATA                             0x200120a0   Data          16  w5200.o(.bss)
    Config_Msg                               0x200120b0   Data          23  w5200.o(.bss)
    text_buffer_TCP                          0x200120c7   Data          64  w5200.o(.bss)
    jtag_devs                                0x20012108   Data         660  jtag_scan.o(.bss)
    jtag_proc                                0x2001239c   Data          20  jtagtap.o(.bss)
    __initial_sp                             0x200183b0   Data           0  startup_stm32f411xe.o(STACK)



==============================================================================

Memory Map of the image

  Image Entry point : 0x08000199

  Load Region LR_IROM1 (Base: 0x08000000, Size: 0x000120a0, Max: 0x00080000, ABSOLUTE, COMPRESSED[0x00011de0])

    Execution Region ER_IROM1 (Base: 0x08000000, Size: 0x00011d8c, Max: 0x00080000, ABSOLUTE)

    Base Addr    Size         Type   Attr      Idx    E Section Name        Object

    0x08000000   0x00000198   Data   RO            3    RESET               startup_stm32f411xe.o
    0x08000198   0x00000000   Code   RO         5901  * .ARM.Collect$$$$00000000  mc_w.l(entry.o)
    0x08000198   0x00000004   Code   RO         6248    .ARM.Collect$$$$00000001  mc_w.l(entry2.o)
    0x0800019c   0x00000004   Code   RO         6251    .ARM.Collect$$$$00000004  mc_w.l(entry5.o)
    0x080001a0   0x00000000   Code   RO         6253    .ARM.Collect$$$$00000008  mc_w.l(entry7b.o)
    0x080001a0   0x00000000   Code   RO         6255    .ARM.Collect$$$$0000000A  mc_w.l(entry8b.o)
    0x080001a0   0x00000008   Code   RO         6256    .ARM.Collect$$$$0000000B  mc_w.l(entry9a.o)
    0x080001a8   0x00000000   Code   RO         6258    .ARM.Collect$$$$0000000D  mc_w.l(entry10a.o)
    0x080001a8   0x00000000   Code   RO         6260    .ARM.Collect$$$$0000000F  mc_w.l(entry11a.o)
    0x080001a8   0x00000004   Code   RO         6249    .ARM.Collect$$$$00002712  mc_w.l(entry2.o)
    0x080001ac   0x00000024   Code   RO            4    .text               startup_stm32f411xe.o
    0x080001d0   0x00000062   Code   RO         5904    .text               mc_w.l(uldiv.o)
    0x08000232   0x00000020   Code   RO         5906    .text               mc_w.l(llushr.o)
    0x08000252   0x0000009c   Code   RO         5908    .text               mc_w.l(qsort.o)
    0x080002ee   0x00000024   Code   RO         5912    .text               mc_w.l(memseta.o)
    0x08000312   0x0000000e   Code   RO         5914    .text               mc_w.l(strlen.o)
    0x08000320   0x0000001c   Code   RO         5916    .text               mc_w.l(strcmp.o)
    0x0800033c   0x0000001a   Code   RO         6179    .text               mc_w.l(atoi.o)
    0x08000356   0x0000014e   Code   RO         6181    .text               mf_w.l(dadd.o)
    0x080004a4   0x000000e4   Code   RO         6183    .text               mf_w.l(dmul.o)
    0x08000588   0x000000de   Code   RO         6185    .text               mf_w.l(ddiv.o)
    0x08000666   0x00000022   Code   RO         6187    .text               mf_w.l(dflti.o)
    0x08000688   0x00000026   Code   RO         6189    .text               mf_w.l(f2d.o)
    0x080006ae   0x00000038   Code   RO         6191    .text               mf_w.l(d2f.o)
    0x080006e6   0x0000002c   Code   RO         6265    .text               mc_w.l(uidiv.o)
    0x08000712   0x0000001e   Code   RO         6267    .text               mc_w.l(llshl.o)
    0x08000730   0x00000024   Code   RO         6269    .text               mc_w.l(llsshr.o)
    0x08000754   0x00000070   Code   RO         6278    .text               mc_w.l(strtol.o)
    0x080007c4   0x00000000   Code   RO         6280    .text               mc_w.l(iusefp.o)
    0x080007c4   0x0000006e   Code   RO         6281    .text               mf_w.l(fepilogue.o)
    0x08000832   0x000000ba   Code   RO         6283    .text               mf_w.l(depilogue.o)
    0x080008ec   0x0000002e   Code   RO         6287    .text               mf_w.l(dscalb.o)
    0x0800091a   0x00000002   PAD
    0x0800091c   0x00000088   Code   RO         6289    .text               mf_w.l(drnd.o)
    0x080009a4   0x00000030   Code   RO         6291    .text               mf_w.l(dfixul.o)
    0x080009d4   0x00000030   Code   RO         6293    .text               mf_w.l(cdcmple.o)
    0x08000a04   0x00000030   Code   RO         6295    .text               mf_w.l(cdrcmple.o)
    0x08000a34   0x00000024   Code   RO         6299    .text               mc_w.l(init.o)
    0x08000a58   0x00000008   Code   RO         6302    .text               mc_w.l(ctype_o.o)
    0x08000a60   0x0000009e   Code   RO         6330    .text               mc_w.l(_strtoul.o)
    0x08000afe   0x000000a2   Code   RO         6333    .text               mf_w.l(dsqrt.o)
    0x08000ba0   0x0000001c   Code   RO         6335    .text               mc_w.l(_chval.o)
    0x08000bbc   0x00000056   Code   RO         6345    .text               mc_w.l(__dczerorl2.o)
    0x08000c12   0x0000007e   Code   RO         2198    i.ADC_DMAConvCplt   stm32f4xx_hal_adc.o
    0x08000c90   0x0000001a   Code   RO         2199    i.ADC_DMAError      stm32f4xx_hal_adc.o
    0x08000caa   0x0000000e   Code   RO         2200    i.ADC_DMAHalfConvCplt  stm32f4xx_hal_adc.o
    0x08000cb8   0x00000018   Code   RO         1095    i.ADC_IRQHandler    stm32f4xx_it.o
    0x08000cd0   0x00000160   Code   RO         2201    i.ADC_Init          stm32f4xx_hal_adc.o
    0x08000e30   0x00000068   Code   RO           13    i.ADC_Temp          main.o
    0x08000e98   0x000002e8   Code   RO           14    i.ADC_test          main.o
    0x08001180   0x0000000c   Code   RO         1340    i.ADR_FINDER        w5200.o
    0x0800118c   0x0000006c   Code   RO           15    i.ALARM_SYSTEM      main.o
    0x080011f8   0x00000188   Code   RO           16    i.ALARM_SYS_TEMP    main.o
    0x08001380   0x00000018   Code   RO           17    i.ARRAY_DATA        main.o
    0x08001398   0x00000124   Code   RO           18    i.ARR_B072          main.o
    0x080014bc   0x0000033c   Code   RO           19    i.ARR_B330          main.o
    0x080017f8   0x0000029c   Code   RO           20    i.ARR_Z             main.o
    0x08001a94   0x00000014   Code   RO           21    i.AVARIYA_OTKL      main.o
    0x08001aa8   0x0000007a   Code   RO           22    i.BP_072_READ       main.o
    0x08001b22   0x00000002   PAD
    0x08001b24   0x000000d4   Code   RO           23    i.BP_start          main.o
    0x08001bf8   0x000000e4   Code   RO           24    i.BUS_485_TEST      main.o
    0x08001cdc   0x00000004   Code   RO         1096    i.BusFault_Handler  stm32f4xx_it.o
    0x08001ce0   0x0000001c   Code   RO           25    i.CMD_MAC_RECONF    main.o
    0x08001cfc   0x00000d98   Code   RO           26    i.CMD_search        main.o
    0x08002a94   0x00000050   Code   RO           27    i.CONTROL_POK       main.o
    0x08002ae4   0x00000598   Code   RO           28    i.CONTROL_SYS       main.o
    0x0800307c   0x00000070   Code   RO           29    i.CONTROL_T1HZ_MK   main.o
    0x080030ec   0x0000007c   Code   RO           30    i.Console_corr      main.o
    0x08003168   0x00000088   Code   RO           32    i.CorrI_read        main.o
    0x080031f0   0x0000002c   Code   RO           33    i.CorrI_write       main.o
    0x0800321c   0x00000088   Code   RO           34    i.CorrU_read        main.o
    0x080032a4   0x0000002c   Code   RO           35    i.CorrU_write       main.o
    0x080032d0   0x0000009c   Code   RO           36    i.DAT_CORR_REQ_FORM  main.o
    0x0800336c   0x000009f0   Code   RO           37    i.DISPATCHER        main.o
    0x08003d5c   0x00000018   Code   RO         1097    i.DMA1_Stream6_IRQHandler  stm32f4xx_it.o
    0x08003d74   0x00000010   Code   RO         1098    i.DMA2_Stream0_IRQHandler  stm32f4xx_it.o
    0x08003d84   0x00000010   Code   RO         1099    i.DMA2_Stream6_IRQHandler  stm32f4xx_it.o
    0x08003d94   0x00000018   Code   RO         1100    i.DMA2_Stream7_IRQHandler  stm32f4xx_it.o
    0x08003dac   0x00000034   Code   RO         5136    i.DMA_CalcBaseAndBitshift  stm32f4xx_hal_dma.o
    0x08003de0   0x000000aa   Code   RO         5137    i.DMA_CheckFifoParam  stm32f4xx_hal_dma.o
    0x08003e8a   0x0000002c   Code   RO         5138    i.DMA_SetConfig     stm32f4xx_hal_dma.o
    0x08003eb6   0x00000002   PAD
    0x08003eb8   0x0000005c   Code   RO           39    i.DS4520_read       main.o
    0x08003f14   0x00000002   Code   RO         1101    i.DebugMon_Handler  stm32f4xx_it.o
    0x08003f16   0x00000002   PAD
    0x08003f18   0x00000014   Code   RO           40    i.Delay             main.o
    0x08003f2c   0x0000002a   Code   RO         1341    i.Delay_ms          w5200.o
    0x08003f56   0x00000002   Code   RO         1342    i.Delay_us          w5200.o
    0x08003f58   0x00000022   Code   RO           41    i.EPCS1_ERASE_ALL   main.o
    0x08003f7a   0x00000002   PAD
    0x08003f7c   0x00000038   Code   RO           42    i.EPCS1_ERASE_SECTOR  main.o
    0x08003fb4   0x00000028   Code   RO           43    i.EPCS1_READ        main.o
    0x08003fdc   0x00000030   Code   RO           44    i.EPCS1_WRITE_BUF   main.o
    0x0800400c   0x00000038   Code   RO           46    i.EPCS2_ERASE_SECTOR  main.o
    0x08004044   0x00000030   Code   RO           48    i.EPCS2_WRITE_BUF   main.o
    0x08004074   0x000000dc   Code   RO         1343    i.ERROR_CMD_MSG     w5200.o
    0x08004150   0x00000014   Code   RO         1102    i.EXTI0_IRQHandler  stm32f4xx_it.o
    0x08004164   0x00000014   Code   RO         1103    i.EXTI1_IRQHandler  stm32f4xx_it.o
    0x08004178   0x00000014   Code   RO         1104    i.EXTI3_IRQHandler  stm32f4xx_it.o
    0x0800418c   0x00000014   Code   RO         1105    i.EXTI9_5_IRQHandler  stm32f4xx_it.o
    0x080041a0   0x00000002   Code   RO           49    i.Error_Handler     main.o
    0x080041a2   0x00000002   PAD
    0x080041a4   0x00000034   Code   RO         2103    i.Exit1_IR          jtag_my.o
    0x080041d8   0x0000006c   Code   RO           50    i.FILTR             main.o
    0x08004244   0x00000014   Code   RO           51    i.FLAG_DWN          main.o
    0x08004258   0x0000023c   Code   RO           52    i.FPGA_rSPI         main.o
    0x08004494   0x000001d0   Code   RO           53    i.FPGA_wSPI         main.o
    0x08004664   0x00000520   Code   RO         1344    i.FRAME_DECODE      w5200.o
    0x08004b84   0x00000030   Code   RO           54    i.FTIME_OF_WORK     main.o
    0x08004bb4   0x0000002c   Code   RO           55    i.FUNC_FIND_072     main.o
    0x08004be0   0x00000024   Code   RO           56    i.FUNC_FLAG_UP      main.o
    0x08004c04   0x00000060   Code   RO           57    i.FUNC_TEST_FIND    main.o
    0x08004c64   0x00000058   Code   RO         2104    i.GET_DATA          jtag_my.o
    0x08004cbc   0x00000002   Code   RO         2372    i.HAL_ADCEx_InjectedConvCpltCallback  stm32f4xx_hal_adc_ex.o
    0x08004cbe   0x00000002   PAD
    0x08004cc0   0x000001a4   Code   RO         2203    i.HAL_ADC_ConfigChannel  stm32f4xx_hal_adc.o
    0x08004e64   0x00000010   Code   RO           58    i.HAL_ADC_ConvCpltCallback  main.o
    0x08004e74   0x00000002   Code   RO         2205    i.HAL_ADC_ConvHalfCpltCallback  stm32f4xx_hal_adc.o
    0x08004e76   0x00000002   Code   RO         2207    i.HAL_ADC_ErrorCallback  stm32f4xx_hal_adc.o
    0x08004e78   0x00000174   Code   RO         2211    i.HAL_ADC_IRQHandler  stm32f4xx_hal_adc.o
    0x08004fec   0x00000068   Code   RO         2212    i.HAL_ADC_Init      stm32f4xx_hal_adc.o
    0x08005054   0x00000002   Code   RO         2213    i.HAL_ADC_LevelOutOfWindowCallback  stm32f4xx_hal_adc.o
    0x08005056   0x00000002   PAD
    0x08005058   0x000000d0   Code   RO         1250    i.HAL_ADC_MspInit   stm32f4xx_hal_msp.o
    0x08005128   0x0000014c   Code   RO         2219    i.HAL_ADC_Start_DMA  stm32f4xx_hal_adc.o
    0x08005274   0x00000028   Code   RO         5140    i.HAL_DMA_Abort_IT  stm32f4xx_hal_dma.o
    0x0800529c   0x00000240   Code   RO         5144    i.HAL_DMA_IRQHandler  stm32f4xx_hal_dma.o
    0x080054dc   0x000000ec   Code   RO         5145    i.HAL_DMA_Init      stm32f4xx_hal_dma.o
    0x080055c8   0x0000009e   Code   RO         5149    i.HAL_DMA_Start_IT  stm32f4xx_hal_dma.o
    0x08005666   0x00000002   PAD
    0x08005668   0x00000138   Code   RO         5029    i.HAL_GPIO_DeInit   stm32f4xx_hal_gpio.o
    0x080057a0   0x00000002   Code   RO         5030    i.HAL_GPIO_EXTI_Callback  stm32f4xx_hal_gpio.o
    0x080057a2   0x00000002   PAD
    0x080057a4   0x0000001c   Code   RO         5031    i.HAL_GPIO_EXTI_IRQHandler  stm32f4xx_hal_gpio.o
    0x080057c0   0x000001d4   Code   RO         5032    i.HAL_GPIO_Init     stm32f4xx_hal_gpio.o
    0x08005994   0x00000010   Code   RO         5034    i.HAL_GPIO_ReadPin  stm32f4xx_hal_gpio.o
    0x080059a4   0x0000000c   Code   RO         5036    i.HAL_GPIO_WritePin  stm32f4xx_hal_gpio.o
    0x080059b0   0x0000000c   Code   RO         5593    i.HAL_GetTick       stm32f4xx_hal.o
    0x080059bc   0x0000003c   Code   RO         2475    i.HAL_I2C_DeInit    stm32f4xx_hal_i2c.o
    0x080059f8   0x000001d0   Code   RO         2484    i.HAL_I2C_Init      stm32f4xx_hal_i2c.o
    0x08005bc8   0x000001b4   Code   RO         2485    i.HAL_I2C_IsDeviceReady  stm32f4xx_hal_i2c.o
    0x08005d7c   0x000002f8   Code   RO         2490    i.HAL_I2C_Master_Receive  stm32f4xx_hal_i2c.o
    0x08006074   0x000003bc   Code   RO         2493    i.HAL_I2C_Master_SMBA_block_recieve  stm32f4xx_hal_i2c.o
    0x08006430   0x00000170   Code   RO         2498    i.HAL_I2C_Master_Transmit  stm32f4xx_hal_i2c.o
    0x080065a0   0x00000030   Code   RO         1251    i.HAL_I2C_MspDeInit  stm32f4xx_hal_msp.o
    0x080065d0   0x00000088   Code   RO         1252    i.HAL_I2C_MspInit   stm32f4xx_hal_msp.o
    0x08006658   0x00000018   Code   RO         5599    i.HAL_IncTick       stm32f4xx_hal.o
    0x08006670   0x0000003c   Code   RO         5600    i.HAL_Init          stm32f4xx_hal.o
    0x080066ac   0x0000004c   Code   RO         5601    i.HAL_InitTick      stm32f4xx_hal.o
    0x080066f8   0x00000048   Code   RO         1253    i.HAL_MspInit       stm32f4xx_hal_msp.o
    0x08006740   0x00000020   Code   RO         5445    i.HAL_NVIC_EnableIRQ  stm32f4xx_hal_cortex.o
    0x08006760   0x0000007c   Code   RO         5451    i.HAL_NVIC_SetPriority  stm32f4xx_hal_cortex.o
    0x080067dc   0x00000028   Code   RO         5452    i.HAL_NVIC_SetPriorityGrouping  stm32f4xx_hal_cortex.o
    0x08006804   0x00000180   Code   RO         4569    i.HAL_RCC_ClockConfig  stm32f4xx_hal_rcc.o
    0x08006984   0x0000000c   Code   RO         4574    i.HAL_RCC_GetHCLKFreq  stm32f4xx_hal_rcc.o
    0x08006990   0x00000020   Code   RO         4576    i.HAL_RCC_GetPCLK1Freq  stm32f4xx_hal_rcc.o
    0x080069b0   0x00000020   Code   RO         4577    i.HAL_RCC_GetPCLK2Freq  stm32f4xx_hal_rcc.o
    0x080069d0   0x000000ac   Code   RO         4578    i.HAL_RCC_GetSysClockFreq  stm32f4xx_hal_rcc.o
    0x08006a7c   0x00000448   Code   RO         4581    i.HAL_RCC_OscConfig  stm32f4xx_hal_rcc.o
    0x08006ec4   0x0000008c   Code   RO         2987    i.HAL_SPI_Init      stm32f4xx_hal_spi.o
    0x08006f50   0x000001e4   Code   RO         1255    i.HAL_SPI_MspInit   stm32f4xx_hal_msp.o
    0x08007134   0x0000022a   Code   RO         2996    i.HAL_SPI_TransmitReceive  stm32f4xx_hal_spi.o
    0x0800735e   0x00000028   Code   RO         5454    i.HAL_SYSTICK_CLKSourceConfig  stm32f4xx_hal_cortex.o
    0x08007386   0x00000034   Code   RO         5456    i.HAL_SYSTICK_Config  stm32f4xx_hal_cortex.o
    0x080073ba   0x00000002   Code   RO         3986    i.HAL_TIMEx_BreakCallback  stm32f4xx_hal_tim_ex.o
    0x080073bc   0x00000002   Code   RO         3987    i.HAL_TIMEx_CommutCallback  stm32f4xx_hal_tim_ex.o
    0x080073be   0x00000002   Code   RO         3329    i.HAL_TIM_IC_CaptureCallback  stm32f4xx_hal_tim.o
    0x080073c0   0x00000196   Code   RO         3343    i.HAL_TIM_IRQHandler  stm32f4xx_hal_tim.o
    0x08007556   0x00000002   Code   RO         3346    i.HAL_TIM_OC_DelayElapsedCallback  stm32f4xx_hal_tim.o
    0x08007558   0x00000002   Code   RO         3373    i.HAL_TIM_PWM_PulseFinishedCallback  stm32f4xx_hal_tim.o
    0x0800755a   0x00000002   Code   RO         3381    i.HAL_TIM_PeriodElapsedCallback  stm32f4xx_hal_tim.o
    0x0800755c   0x00000002   Code   RO         3386    i.HAL_TIM_TriggerCallback  stm32f4xx_hal_tim.o
    0x0800755e   0x00000002   Code   RO         4258    i.HAL_UART_ErrorCallback  stm32f4xx_hal_uart.o
    0x08007560   0x00000014   Code   RO         4260    i.HAL_UART_GetState  stm32f4xx_hal_uart.o
    0x08007574   0x0000014c   Code   RO         4261    i.HAL_UART_IRQHandler  stm32f4xx_hal_uart.o
    0x080076c0   0x00000072   Code   RO         4262    i.HAL_UART_Init     stm32f4xx_hal_uart.o
    0x08007732   0x00000002   PAD
    0x08007734   0x00000270   Code   RO         1260    i.HAL_UART_MspInit  stm32f4xx_hal_msp.o
    0x080079a4   0x00000070   Code   RO         4267    i.HAL_UART_Receive_IT  stm32f4xx_hal_uart.o
    0x08007a14   0x0000005c   Code   RO           59    i.HAL_UART_RxCpltCallback  main.o
    0x08007a70   0x0000009c   Code   RO         4271    i.HAL_UART_Transmit_DMA  stm32f4xx_hal_uart.o
    0x08007b0c   0x00000002   Code   RO         4273    i.HAL_UART_TxCpltCallback  stm32f4xx_hal_uart.o
    0x08007b0e   0x00000002   Code   RO         4274    i.HAL_UART_TxHalfCpltCallback  stm32f4xx_hal_uart.o
    0x08007b10   0x00000004   Code   RO         1106    i.HardFault_Handler  stm32f4xx_it.o
    0x08007b14   0x0000003e   Code   RO         2528    i.I2C_IsAcknowledgeFailed  stm32f4xx_hal_i2c.o
    0x08007b52   0x00000002   PAD
    0x08007b54   0x00000130   Code   RO         2531    i.I2C_MasterRequestRead  stm32f4xx_hal_i2c.o
    0x08007c84   0x000000bc   Code   RO         2532    i.I2C_MasterRequestWrite  stm32f4xx_hal_i2c.o
    0x08007d40   0x0000005c   Code   RO         2548    i.I2C_WaitOnBTFFlagUntilTimeout  stm32f4xx_hal_i2c.o
    0x08007d9c   0x00000086   Code   RO         2549    i.I2C_WaitOnFlagUntilTimeout  stm32f4xx_hal_i2c.o
    0x08007e22   0x000000c4   Code   RO         2550    i.I2C_WaitOnMasterAddressFlagUntilTimeout  stm32f4xx_hal_i2c.o
    0x08007ee6   0x00000080   Code   RO         2551    i.I2C_WaitOnRXNEFlagUntilTimeout  stm32f4xx_hal_i2c.o
    0x08007f66   0x0000005c   Code   RO         2553    i.I2C_WaitOnTXEFlagUntilTimeout  stm32f4xx_hal_i2c.o
    0x08007fc2   0x00000002   PAD
    0x08007fc4   0x000000a4   Code   RO         2105    i.ID_recive         jtag_my.o
    0x08008068   0x00000014   Code   RO         1345    i.IINCHIP_CSoff     w5200.o
    0x0800807c   0x00000014   Code   RO         1346    i.IINCHIP_CSon      w5200.o
    0x08008090   0x00000030   Code   RO         1347    i.IINCHIP_READ      w5200.o
    0x080080c0   0x0000000c   Code   RO         1348    i.IINCHIP_SpiSendData  w5200.o
    0x080080cc   0x00000030   Code   RO         1349    i.IINCHIP_WRITE     w5200.o
    0x080080fc   0x000000a8   Code   RO         1350    i.INIT_SERV_ARCHIV  w5200.o
    0x080081a4   0x00001978   Code   RO           60    i.IO                main.o
    0x08009b1c   0x0000007c   Code   RO         2106    i.JTAG_SCAN         jtag_my.o
    0x08009b98   0x000000e0   Code   RO           61    i.LED               main.o
    0x08009c78   0x00000260   Code   RO           62    i.LED_CONTROL       main.o
    0x08009ed8   0x00000194   Code   RO           63    i.LM_MFR_ID         main.o
    0x0800a06c   0x00000118   Code   RO           64    i.LM_MFR_MODEL      main.o
    0x0800a184   0x00000118   Code   RO           65    i.LM_TEMP           main.o
    0x0800a29c   0x00000164   Code   RO           67    i.LM_in_i           main.o
    0x0800a400   0x00000140   Code   RO           69    i.LM_v              main.o
    0x0800a540   0x00000090   Code   RO           70    i.MSG_SEND_UDP      main.o
    0x0800a5d0   0x000000c8   Code   RO         1351    i.MSG_SHOW          w5200.o
    0x0800a698   0x000000cc   Code   RO           71    i.MX_ADC1_Init      main.o
    0x0800a764   0x00000088   Code   RO           72    i.MX_DMA_Init       main.o
    0x0800a7ec   0x000001a0   Code   RO           73    i.MX_GPIO_Init      main.o
    0x0800a98c   0x0000003c   Code   RO           74    i.MX_I2C1_Init      main.o
    0x0800a9c8   0x00000044   Code   RO           76    i.MX_SPI3_Init      main.o
    0x0800aa0c   0x00000044   Code   RO           77    i.MX_SPI4_Init      main.o
    0x0800aa50   0x00000044   Code   RO           78    i.MX_SPI5_Init      main.o
    0x0800aa94   0x00000038   Code   RO           80    i.MX_USART1_UART_Init  main.o
    0x0800aacc   0x00000038   Code   RO           81    i.MX_USART2_UART_Init  main.o
    0x0800ab04   0x00000004   Code   RO         1107    i.MemManage_Handler  stm32f4xx_it.o
    0x0800ab08   0x000003f0   Code   RO           83    i.Menu1             main.o
    0x0800aef8   0x00000002   Code   RO         1108    i.NMI_Handler       stm32f4xx_it.o
    0x0800aefa   0x00000002   PAD
    0x0800aefc   0x00000050   Code   RO           84    i.PACK_ARR_FLOAT    main.o
    0x0800af4c   0x00000064   Code   RO           86    i.PRINT_SERV        main.o
    0x0800afb0   0x0000012c   Code   RO           89    i.PWR_072           main.o
    0x0800b0dc   0x00000002   Code   RO         1109    i.PendSV_Handler    stm32f4xx_it.o
    0x0800b0de   0x00000002   PAD
    0x0800b0e0   0x00000134   Code   RO         1352    i.RECEIVE_udp       w5200.o
    0x0800b214   0x00000088   Code   RO           90    i.REQ_VERSIYA       main.o
    0x0800b29c   0x00000044   Code   RO         2108    i.RUN_TEST_IDLE     jtag_my.o
    0x0800b2e0   0x00000098   Code   RO         2109    i.SCAN_N            jtag_my.o
    0x0800b378   0x0000006c   Code   RO         1353    i.SEND_UDP_MSG      w5200.o
    0x0800b3e4   0x00000118   Code   RO         1354    i.SEND_udp          w5200.o
    0x0800b4fc   0x00000044   Code   RO           91    i.SERIAL_NUMBER     main.o
    0x0800b540   0x00000070   Code   RO           92    i.SERIAL_NUMBER_WR  main.o
    0x0800b5b0   0x00000050   Code   RO         1355    i.SERV_ID_DEL       w5200.o
    0x0800b600   0x00000208   Code   RO         1356    i.SERV_ID_WR        w5200.o
    0x0800b808   0x0000002c   Code   RO         1357    i.SERV_WR           w5200.o
    0x0800b834   0x0000001a   Code   RO           93    i.SETUP_DEST_IP0_072  main.o
    0x0800b84e   0x0000001a   Code   RO           94    i.SETUP_DEST_IP1_072  main.o
    0x0800b868   0x0000001a   Code   RO           95    i.SETUP_IP0_072     main.o
    0x0800b882   0x0000001a   Code   RO           96    i.SETUP_IP1_072     main.o
    0x0800b89c   0x00000060   Code   RO           97    i.SLAVE_COUNT       main.o
    0x0800b8fc   0x0000001c   Code   RO           98    i.SPI_BP64_READ     main.o
    0x0800b918   0x00000018   Code   RO           99    i.SPI_BP_READ       main.o
    0x0800b930   0x00000018   Code   RO          100    i.SPI_BP_READ_TEST  main.o
    0x0800b948   0x0000001a   Code   RO          101    i.SPI_BP_WRITE      main.o
    0x0800b962   0x0000001a   Code   RO          102    i.SPI_BP_WRITE_1    main.o
    0x0800b97c   0x0000006c   Code   RO         3025    i.SPI_EndRxTxTransaction  stm32f4xx_hal_spi.o
    0x0800b9e8   0x000000a8   Code   RO         3030    i.SPI_WaitFlagStateUntilTimeout  stm32f4xx_hal_spi.o
    0x0800ba90   0x00000050   Code   RO          104    i.STATE_B072_INFO_SEND_UDP  main.o
    0x0800bae0   0x000000e0   Code   RO         1358    i.STATUS_ID         w5200.o
    0x0800bbc0   0x00000002   Code   RO         1110    i.SVC_Handler       stm32f4xx_it.o
    0x0800bbc2   0x00000002   PAD
    0x0800bbc4   0x000001dc   Code   RO          105    i.SYS_072_STATE     main.o
    0x0800bda0   0x000000fc   Code   RO         1359    i.SYS_CMD_MSG       w5200.o
    0x0800be9c   0x00000100   Code   RO          106    i.SYS_INFO          main.o
    0x0800bf9c   0x000000c4   Code   RO          107    i.SYS_INFO_SEND_UDP  main.o
    0x0800c060   0x00000348   Code   RO         1360    i.Set_network       w5200.o
    0x0800c3a8   0x0000009c   Code   RO         2110    i.Shift_DR          jtag_my.o
    0x0800c444   0x000000bc   Code   RO         2111    i.Shift_IR          jtag_my.o
    0x0800c500   0x00000114   Code   RO         1111    i.SysTick_Handler   stm32f4xx_it.o
    0x0800c614   0x000000d4   Code   RO          108    i.SystemClock_Config  main.o
    0x0800c6e8   0x00000064   Code   RO         5836    i.SystemInit        system_stm32f4xx.o
    0x0800c74c   0x00000058   Code   RO          109    i.TABL_CONS         main.o
    0x0800c7a4   0x0000007c   Code   RO          110    i.TCA_WR            main.o
    0x0800c820   0x00000010   Code   RO         1112    i.TIM4_IRQHandler   stm32f4xx_it.o
    0x0800c830   0x00000020   Code   RO          112    i.TIME_cons         main.o
    0x0800c850   0x00000040   Code   RO         2112    i.TLR               jtag_my.o
    0x0800c890   0x00000054   Code   RO         1813    i.TST               adiv5_jtagdp.o
    0x0800c8e4   0x00000530   Code   RO         1361    i.TX_MSG_BUFF       w5200.o
    0x0800ce14   0x00000060   Code   RO          113    i.Transf            main.o
    0x0800ce74   0x00000060   Code   RO          114    i.Transf2           main.o
    0x0800ced4   0x00000028   Code   RO          115    i.UART_CNTR         main.o
    0x0800cefc   0x00000014   Code   RO         4275    i.UART_DMAAbortOnError  stm32f4xx_hal_uart.o
    0x0800cf10   0x00000050   Code   RO         4276    i.UART_DMAError     stm32f4xx_hal_uart.o
    0x0800cf60   0x00000036   Code   RO         4281    i.UART_DMATransmitCplt  stm32f4xx_hal_uart.o
    0x0800cf96   0x0000000e   Code   RO         4283    i.UART_DMATxHalfCplt  stm32f4xx_hal_uart.o
    0x0800cfa4   0x00000058   Code   RO          116    i.UART_DMA_TX       main.o
    0x0800cffc   0x00000070   Code   RO          117    i.UART_DMA_TX2      main.o
    0x0800d06c   0x00000020   Code   RO         4285    i.UART_EndRxTransfer  stm32f4xx_hal_uart.o
    0x0800d08c   0x00000020   Code   RO         4286    i.UART_EndTransmit_IT  stm32f4xx_hal_uart.o
    0x0800d0ac   0x00000014   Code   RO         4287    i.UART_EndTxTransfer  stm32f4xx_hal_uart.o
    0x0800d0c0   0x000000a6   Code   RO         4288    i.UART_Receive_IT   stm32f4xx_hal_uart.o
    0x0800d166   0x00000002   PAD
    0x0800d168   0x00000368   Code   RO         4289    i.UART_SetConfig    stm32f4xx_hal_uart.o
    0x0800d4d0   0x00000068   Code   RO         4290    i.UART_Transmit_IT  stm32f4xx_hal_uart.o
    0x0800d538   0x00000064   Code   RO          119    i.UART_conrol       main.o
    0x0800d59c   0x00000010   Code   RO         1113    i.USART1_IRQHandler  stm32f4xx_it.o
    0x0800d5ac   0x00000010   Code   RO         1114    i.USART2_IRQHandler  stm32f4xx_it.o
    0x0800d5bc   0x00000010   Code   RO         1115    i.USART6_IRQHandler  stm32f4xx_it.o
    0x0800d5cc   0x00000034   Code   RO         2114    i.Update_IR         jtag_my.o
    0x0800d600   0x00000004   Code   RO         1116    i.UsageFault_Handler  stm32f4xx_it.o
    0x0800d604   0x00000040   Code   RO          120    i.WATCH_DOG         main.o
    0x0800d644   0x00000028   Code   RO         6153    i.__0sprintf        mc_w.l(printfa.o)
    0x0800d66c   0x00000030   Code   RO         6215    i.__ARM_fpclassify  m_wm.l(fpclassify.o)
    0x0800d69c   0x00000026   Code   RO         6217    i.__ARM_fpclassifyf  m_wm.l(fpclassifyf.o)
    0x0800d6c2   0x00000002   PAD
    0x0800d6c4   0x00000010   Code   RO         5458    i.__NVIC_GetPriorityGrouping  stm32f4xx_hal_cortex.o
    0x0800d6d4   0x00000028   Code   RO         5459    i.__NVIC_SetPriority  stm32f4xx_hal_cortex.o
    0x0800d6fc   0x00000008   Code   RO         6271    i.__aeabi_errno_addr  mc_w.l(errno.o)
    0x0800d704   0x00000004   PAD
    0x0800d708   0x00000c38   Code   RO         5869    i.__hardfp_pow      m_wm.l(pow.o)
    0x0800e340   0x0000060c   Code   RO         5883    i.__hardfp_powf     m_wm.l(powf.o)
    0x0800e94c   0x00000004   PAD
    0x0800e950   0x000000e0   Code   RO         5897    i.__hardfp_round    m_wm.l(round.o)
    0x0800ea30   0x000000f8   Code   RO         6233    i.__kernel_poly     m_wm.l(poly.o)
    0x0800eb28   0x00000030   Code   RO         6195    i.__mathlib_dbl_divzero  m_wm.l(dunder.o)
    0x0800eb58   0x00000014   Code   RO         6197    i.__mathlib_dbl_infnan2  m_wm.l(dunder.o)
    0x0800eb6c   0x00000004   PAD
    0x0800eb70   0x00000020   Code   RO         6198    i.__mathlib_dbl_invalid  m_wm.l(dunder.o)
    0x0800eb90   0x00000020   Code   RO         6199    i.__mathlib_dbl_overflow  m_wm.l(dunder.o)
    0x0800ebb0   0x00000020   Code   RO         6201    i.__mathlib_dbl_underflow  m_wm.l(dunder.o)
    0x0800ebd0   0x00000014   Code   RO         6219    i.__mathlib_flt_divzero  m_wm.l(funder.o)
    0x0800ebe4   0x00000006   Code   RO         6221    i.__mathlib_flt_infnan2  m_wm.l(funder.o)
    0x0800ebea   0x00000002   PAD
    0x0800ebec   0x00000010   Code   RO         6222    i.__mathlib_flt_invalid  m_wm.l(funder.o)
    0x0800ebfc   0x00000010   Code   RO         6223    i.__mathlib_flt_overflow  m_wm.l(funder.o)
    0x0800ec0c   0x00000010   Code   RO         6225    i.__mathlib_flt_underflow  m_wm.l(funder.o)
    0x0800ec1c   0x0000000e   Code   RO         6339    i.__scatterload_copy  mc_w.l(handlers.o)
    0x0800ec2a   0x00000002   Code   RO         6340    i.__scatterload_null  mc_w.l(handlers.o)
    0x0800ec2c   0x0000000e   Code   RO         6341    i.__scatterload_zeroinit  mc_w.l(handlers.o)
    0x0800ec3a   0x00000002   PAD
    0x0800ec3c   0x0000000c   Code   RO         6273    i.__set_errno       mc_w.l(errno.o)
    0x0800ec48   0x00000164   Code   RO         6158    i._fp_digits        mc_w.l(printfa.o)
    0x0800edac   0x000006dc   Code   RO         6159    i._printf_core      mc_w.l(printfa.o)
    0x0800f488   0x00000024   Code   RO         6160    i._printf_post_padding  mc_w.l(printfa.o)
    0x0800f4ac   0x0000002e   Code   RO         6161    i._printf_pre_padding  mc_w.l(printfa.o)
    0x0800f4da   0x0000000a   Code   RO         6163    i._sputc            mc_w.l(printfa.o)
    0x0800f4e4   0x00000028   Code   RO          121    i.answer_translated  main.o
    0x0800f50c   0x0000001c   Code   RO          122    i.buf_to_data       main.o
    0x0800f528   0x00000024   Code   RO         1362    i.clearSUBR         w5200.o
    0x0800f54c   0x00000060   Code   RO         1363    i.close             w5200.o
    0x0800f5ac   0x00000054   Code   RO          123    i.cnvrt             main.o
    0x0800f600   0x0000000a   Code   RO          124    i.comp              main.o
    0x0800f60a   0x00000002   PAD
    0x0800f60c   0x0000004c   Code   RO          127    i.f_out             main.o
    0x0800f658   0x00000018   Code   RO         6211    i.fabs              m_wm.l(fabs.o)
    0x0800f670   0x00000084   Code   RO         1817    i.fw_adiv5_jtagdp_low_access  adiv5_jtagdp.o
    0x0800f6f4   0x00000020   Code   RO         1818    i.fw_adiv5_jtagdp_read  adiv5_jtagdp.o
    0x0800f714   0x00000026   Code   RO         1366    i.getGAR            w5200.o
    0x0800f73a   0x00000002   PAD
    0x0800f73c   0x00000010   Code   RO         1367    i.getIINCHIP_RxBASE  w5200.o
    0x0800f74c   0x00000010   Code   RO         1368    i.getIINCHIP_RxMASK  w5200.o
    0x0800f75c   0x00000010   Code   RO         1369    i.getIINCHIP_RxMAX  w5200.o
    0x0800f76c   0x00000010   Code   RO         1370    i.getIINCHIP_TxBASE  w5200.o
    0x0800f77c   0x00000010   Code   RO         1371    i.getIINCHIP_TxMASK  w5200.o
    0x0800f78c   0x00000010   Code   RO         1372    i.getIINCHIP_TxMAX  w5200.o
    0x0800f79c   0x00000026   Code   RO         1376    i.getSIPR           w5200.o
    0x0800f7c2   0x00000002   PAD
    0x0800f7c4   0x00000020   Code   RO         1377    i.getSUBR           w5200.o
    0x0800f7e4   0x00000064   Code   RO         1379    i.getSn_RX_RSR      w5200.o
    0x0800f848   0x00000016   Code   RO         1380    i.getSn_SR          w5200.o
    0x0800f85e   0x00000002   PAD
    0x0800f860   0x00000040   Code   RO          128    i.getchar1          main.o
    0x0800f8a0   0x0000003c   Code   RO         1949    i.gpio_clear        jtagtap.o
    0x0800f8dc   0x00000018   Code   RO         1950    i.gpio_get          jtagtap.o
    0x0800f8f4   0x00000038   Code   RO         1951    i.gpio_set          jtagtap.o
    0x0800f92c   0x00000058   Code   RO          131    i.hn_out            main.o
    0x0800f984   0x00000016   Code   RO          133    i.idx_srv           main.o
    0x0800f99a   0x00000002   PAD
    0x0800f99c   0x0000001c   Code   RO         1382    i.iinchip_init      w5200.o
    0x0800f9b8   0x00000002   Code   RO          135    i.info              main.o
    0x0800f9ba   0x00000002   PAD
    0x0800f9bc   0x00000074   Code   RO         1901    i.jtag_dev_shift_dr  jtag_scan.o
    0x0800fa30   0x00000084   Code   RO         1902    i.jtag_dev_write_ir  jtag_scan.o
    0x0800fab4   0x000006e4   Code   RO         1903    i.jtag_scan         jtag_scan.o
    0x08010198   0x00000040   Code   RO         1952    i.jtagtap_init      jtagtap.o
    0x080101d8   0x0000005a   Code   RO         1953    i.jtagtap_next      jtagtap.o
    0x08010232   0x00000002   PAD
    0x08010234   0x00000014   Code   RO         1954    i.jtagtap_reset     jtagtap.o
    0x08010248   0x00000072   Code   RO         1955    i.jtagtap_tdi_seq   jtagtap.o
    0x080102ba   0x000000cc   Code   RO         1956    i.jtagtap_tdi_tdo_seq  jtagtap.o
    0x08010386   0x0000004e   Code   RO         1957    i.jtagtap_tms_seq   jtagtap.o
    0x080103d4   0x00000014   Code   RO          137    i.leng              main.o
    0x080103e8   0x000003dc   Code   RO          138    i.main              main.o
    0x080107c4   0x00000028   Code   RO          139    i.nu_out            main.o
    0x080107ec   0x000000a4   Code   RO          140    i.okrug             main.o
    0x08010890   0x0000006e   Code   RO         1388    i.read_data         w5200.o
    0x080108fe   0x000001ee   Code   RO         1391    i.recvfrom          w5200.o
    0x08010aec   0x00000064   Code   RO          141    i.req_col           main.o
    0x08010b50   0x00000018   Code   RO         1392    i.saveSUBR          w5200.o
    0x08010b68   0x0000006a   Code   RO         1395    i.send_data_processing  w5200.o
    0x08010bd2   0x0000014a   Code   RO         1396    i.sendto            w5200.o
    0x08010d1c   0x00000026   Code   RO         1397    i.setGAR            w5200.o
    0x08010d42   0x00000002   PAD
    0x08010d44   0x0000001c   Code   RO         1399    i.setMR             w5200.o
    0x08010d60   0x0000000e   Code   RO         1400    i.setRCR            w5200.o
    0x08010d6e   0x00000016   Code   RO         1401    i.setRTR            w5200.o
    0x08010d84   0x00000036   Code   RO         1402    i.setSHAR           w5200.o
    0x08010dba   0x00000026   Code   RO         1403    i.setSIPR           w5200.o
    0x08010de0   0x00000030   Code   RO         1404    i.setSUBR           w5200.o
    0x08010e10   0x000000e8   Code   RO         1408    i.socket            w5200.o
    0x08010ef8   0x00000024   Code   RO          143    i.spi4send8         main.o
    0x08010f1c   0x00000024   Code   RO          144    i.spi5send8         main.o
    0x08010f40   0x00000024   Code   RO          145    i.spi_EPCS1_ERASE_BULK  main.o
    0x08010f64   0x00000012   Code   RO          146    i.spi_EPCS1_STATUS  main.o
    0x08010f76   0x00000002   PAD
    0x08010f78   0x00000040   Code   RO          147    i.spi_EPCS1_rd      main.o
    0x08010fb8   0x00000064   Code   RO          148    i.spi_EPCS1_read    main.o
    0x0801101c   0x00000024   Code   RO          149    i.spi_EPCS1_wr_DISABLE  main.o
    0x08011040   0x00000024   Code   RO          150    i.spi_EPCS1_wr_ENABLE  main.o
    0x08011064   0x0000006c   Code   RO          151    i.spi_EPCS1_write   main.o
    0x080110d0   0x00000012   Code   RO          153    i.spi_EPCS2_STATUS  main.o
    0x080110e2   0x00000002   PAD
    0x080110e4   0x00000040   Code   RO          154    i.spi_EPCS2_rd      main.o
    0x08011124   0x00000064   Code   RO          155    i.spi_EPCS2_read    main.o
    0x08011188   0x00000024   Code   RO          156    i.spi_EPCS2_wr_DISABLE  main.o
    0x080111ac   0x00000024   Code   RO          157    i.spi_EPCS2_wr_ENABLE  main.o
    0x080111d0   0x0000006c   Code   RO          158    i.spi_EPCS2_write   main.o
    0x0801123c   0x00000024   Code   RO          160    i.spisend8          main.o
    0x08011260   0x0000006e   Code   RO         6238    i.sqrt              m_wm.l(sqrt.o)
    0x080112ce   0x00000002   PAD
    0x080112d0   0x000001cc   Code   RO         1409    i.sysinit           w5200.o
    0x0801149c   0x00000030   Code   RO          162    i.u_out             main.o
    0x080114cc   0x00000048   Code   RO          163    i.un64_out          main.o
    0x08011514   0x00000028   Code   RO          164    i.un_out            main.o
    0x0801153c   0x00000018   Code   RO         1411    i.wait_10ms         w5200.o
    0x08011554   0x0000004e   Code   RO         1412    i.wiz_read_buf      w5200.o
    0x080115a2   0x00000056   Code   RO         1413    i.wiz_write_buf     w5200.o
    0x080115f8   0x00000068   Code   RO         1414    i.write_data        w5200.o
    0x08011660   0x00000030   Code   RO          166    i.x_out             main.o
    0x08011690   0x00000028   Code   RO          167    i.xn_out            main.o
    0x080116b8   0x0000007c   Code   RO          168    i.xun_out           main.o
    0x08011734   0x00000009   Data   RO         1905    .constdata          jtag_scan.o
    0x0801173d   0x00000003   PAD
    0x08011740   0x00000130   Data   RO         2035    .constdata          jtag_devs.o
    0x08011870   0x00000008   Data   RO         5151    .constdata          stm32f4xx_hal_dma.o
    0x08011878   0x00000018   Data   RO         5837    .constdata          system_stm32f4xx.o
    0x08011890   0x00000088   Data   RO         5872    .constdata          m_wm.l(pow.o)
    0x08011918   0x00000140   Data   RO         5886    .constdata          m_wm.l(powf.o)
    0x08011a58   0x00000008   Data   RO         6235    .constdata          m_wm.l(qnan.o)
    0x08011a60   0x00000081   Data   RO         6303    .constdata          mc_w.l(ctype_o.o)
    0x08011ae1   0x00000003   PAD
    0x08011ae4   0x00000004   Data   RO         6304    .constdata          mc_w.l(ctype_o.o)
    0x08011ae8   0x00000048   Data   RO         1906    .conststring        jtag_scan.o
    0x08011b30   0x0000023c   Data   RO         2036    .conststring        jtag_devs.o
    0x08011d6c   0x00000020   Data   RO         6337    Region$$Table       anon$$obj.o


    Execution Region RW_IRAM1 (Base: 0x20000000, Size: 0x000183b0, Max: 0x00020000, ABSOLUTE, COMPRESSED[0x00000054])

    Base Addr    Size         Type   Attr      Idx    E Section Name        Object

    0x20000000   0x00000266   Data   RW          170    .data               main.o
    0x20000266   0x00000002   PAD
    0x20000268   0x00000094   Data   RW         1416    .data               w5200.o
    0x200002fc   0x00000004   Data   RW         1907    .data               jtag_scan.o
    0x20000300   0x00000009   Data   RW         5607    .data               stm32f4xx_hal.o
    0x20000309   0x00000003   PAD
    0x2000030c   0x00000004   Data   RW         5838    .data               system_stm32f4xx.o
    0x20000310   0x00000004   Data   RW         6274    .data               mc_w.l(errno.o)
    0x20000314   0x00000004   PAD
    0x20000318   0x0000f548   Zero   RW          169    .bss                main.o
    0x2000f860   0x000028a7   Zero   RW         1415    .bss                w5200.o
    0x20012107   0x00000001   PAD
    0x20012108   0x00000294   Zero   RW         1904    .bss                jtag_scan.o
    0x2001239c   0x00000014   Zero   RW         1958    .bss                jtagtap.o
    0x200123b0   0x00006000   Zero   RW            1    STACK               startup_stm32f411xe.o


==============================================================================

Image component sizes


      Code (inc. data)   RO Data    RW Data    ZI Data      Debug   Object Name

       248         20          0          0          0       6899   adiv5_jtagdp.o
         0          0        876          0          0       1563   jtag_devs.o
      1108         70          0          0          0       5691   jtag_my.o
      2012        588         81          4        660       4027   jtag_scan.o
       710         50          0          0         20       6934   jtagtap.o
     31376       7010          0        614      62792     560766   main.o
        36          8        408          0      24576        848   startup_stm32f411xe.o
       172         32          0          9          0       3969   stm32f4xx_hal.o
      1752         60          0          0          0       8306   stm32f4xx_hal_adc.o
         2          0          0          0          0       1029   stm32f4xx_hal_adc_ex.o
       344         22          0          0          0      35085   stm32f4xx_hal_cortex.o
      1276         16          8          0          0       6178   stm32f4xx_hal_dma.o
       838         66          0          0          0       5053   stm32f4xx_hal_gpio.o
      4240         72          0          0          0      14731   stm32f4xx_hal_i2c.o
      1572        134          0          0          0       5304   stm32f4xx_hal_msp.o
      1728         80          0          0          0       5568   stm32f4xx_hal_rcc.o
       970          8          0          0          0       4421   stm32f4xx_hal_spi.o
       416          0          0          0          0       4290   stm32f4xx_hal_tim.o
         4          0          0          0          0       1597   stm32f4xx_hal_tim_ex.o
      2134         26          0          0          0      12537   stm32f4xx_hal_uart.o
       548        130          0          0          0      10883   stm32f4xx_it.o
       100         18         24          4          0       1187   system_stm32f4xx.o
      8864       1068          0        148      10407      43220   w5200.o

    ----------------------------------------------------------------------
     60502       9478       1432        784      98456     750086   Object Totals
         0          0         32          0          0          0   (incl. Generated)
        52          0          3          5          1          0   (incl. Padding)

    ----------------------------------------------------------------------

      Code (inc. data)   RO Data    RW Data    ZI Data      Debug   Library Member Name

       164         44          0          0          0        620   dunder.o
        24          0          0          0          0        124   fabs.o
        48          0          0          0          0        124   fpclassify.o
        38          0          0          0          0        116   fpclassifyf.o
        74         24          0          0          0        580   funder.o
       248          0          0          0          0        152   poly.o
      3128        302        136          0          0        356   pow.o
      1548        110        320          0          0        268   powf.o
         0          0          8          0          0          0   qnan.o
       224         30          0          0          0        172   round.o
       110          0          0          0          0        148   sqrt.o
        86          0          0          0          0          0   __dczerorl2.o
        28          0          0          0          0         68   _chval.o
       158          0          0          0          0         92   _strtoul.o
        26          0          0          0          0         80   atoi.o
         8          4        133          0          0         68   ctype_o.o
         0          0          0          0          0          0   entry.o
         0          0          0          0          0          0   entry10a.o
         0          0          0          0          0          0   entry11a.o
         8          4          0          0          0          0   entry2.o
         4          0          0          0          0          0   entry5.o
         0          0          0          0          0          0   entry7b.o
         0          0          0          0          0          0   entry8b.o
         8          4          0          0          0          0   entry9a.o
        20         10          0          4          0        136   errno.o
        30          0          0          0          0          0   handlers.o
        36          8          0          0          0         68   init.o
         0          0          0          0          0          0   iusefp.o
        30          0          0          0          0         68   llshl.o
        36          0          0          0          0         68   llsshr.o
        32          0          0          0          0         68   llushr.o
        36          0          0          0          0        108   memseta.o
      2244         86          0          0          0        512   printfa.o
       156          0          0          0          0         88   qsort.o
        28          0          0          0          0         76   strcmp.o
        14          0          0          0          0         68   strlen.o
       112          0          0          0          0         88   strtol.o
        44          0          0          0          0         80   uidiv.o
        98          0          0          0          0         92   uldiv.o
        48          0          0          0          0         68   cdcmple.o
        48          0          0          0          0         68   cdrcmple.o
        56          0          0          0          0         88   d2f.o
       334          0          0          0          0        148   dadd.o
       222          0          0          0          0        100   ddiv.o
       186          0          0          0          0        176   depilogue.o
        48          0          0          0          0         68   dfixul.o
        34          0          0          0          0         76   dflti.o
       228          0          0          0          0         96   dmul.o
       136          4          0          0          0         92   drnd.o
        46          0          0          0          0         80   dscalb.o
       162          0          0          0          0        100   dsqrt.o
        38          0          0          0          0         68   f2d.o
       110          0          0          0          0        168   fepilogue.o

    ----------------------------------------------------------------------
     10566        638        600          4          4       5884   Library Totals
        22          8          3          0          4          0   (incl. Padding)

    ----------------------------------------------------------------------

      Code (inc. data)   RO Data    RW Data    ZI Data      Debug   Library Name

      5606        510        464          0          0       2660   m_wm.l
      3242        116        133          4          0       1828   mc_w.l
      1696          4          0          0          0       1396   mf_w.l

    ----------------------------------------------------------------------
     10566        638        600          4          4       5884   Library Totals

    ----------------------------------------------------------------------

==============================================================================


      Code (inc. data)   RO Data    RW Data    ZI Data      Debug   

     71068      10116       2032        788      98460     721338   Grand Totals
     71068      10116       2032         84      98460     721338   ELF Image Totals (compressed)
     71068      10116       2032         84          0          0   ROM Totals

==============================================================================

    Total RO  Size (Code + RO Data)                73100 (  71.39kB)
    Total RW  Size (RW Data + ZI Data)             99248 (  96.92kB)
    Total ROM Size (Code + RO Data + RW Data)      73184 (  71.47kB)

==============================================================================

