Component: ARM Compiler 5.05 update 1 (build 106) Tool: armlink [4d0efa]

==============================================================================

Section Cross References

    startup_stm32f411xe.o(RESET) refers to startup_stm32f411xe.o(STACK) for __initial_sp
    startup_stm32f411xe.o(RESET) refers to startup_stm32f411xe.o(.text) for Reset_Handler
    startup_stm32f411xe.o(RESET) refers to stm32f4xx_it.o(i.NMI_Handler) for NMI_Handler
    startup_stm32f411xe.o(RESET) refers to stm32f4xx_it.o(i.HardFault_Handler) for HardFault_Handler
    startup_stm32f411xe.o(RESET) refers to stm32f4xx_it.o(i.MemManage_Handler) for MemManage_Handler
    startup_stm32f411xe.o(RESET) refers to stm32f4xx_it.o(i.BusFault_Handler) for BusFault_Handler
    startup_stm32f411xe.o(RESET) refers to stm32f4xx_it.o(i.UsageFault_Handler) for UsageFault_Handler
    startup_stm32f411xe.o(RESET) refers to stm32f4xx_it.o(i.SVC_Handler) for SVC_Handler
    startup_stm32f411xe.o(RESET) refers to stm32f4xx_it.o(i.DebugMon_Handler) for DebugMon_Handler
    startup_stm32f411xe.o(RESET) refers to stm32f4xx_it.o(i.PendSV_Handler) for PendSV_Handler
    startup_stm32f411xe.o(RESET) refers to stm32f4xx_it.o(i.SysTick_Handler) for SysTick_Handler
    startup_stm32f411xe.o(RESET) refers to stm32f4xx_it.o(i.EXTI0_IRQHandler) for EXTI0_IRQHandler
    startup_stm32f411xe.o(RESET) refers to stm32f4xx_it.o(i.EXTI1_IRQHandler) for EXTI1_IRQHandler
    startup_stm32f411xe.o(RESET) refers to stm32f4xx_it.o(i.EXTI3_IRQHandler) for EXTI3_IRQHandler
    startup_stm32f411xe.o(RESET) refers to stm32f4xx_it.o(i.DMA1_Stream6_IRQHandler) for DMA1_Stream6_IRQHandler
    startup_stm32f411xe.o(RESET) refers to stm32f4xx_it.o(i.ADC_IRQHandler) for ADC_IRQHandler
    startup_stm32f411xe.o(RESET) refers to stm32f4xx_it.o(i.EXTI9_5_IRQHandler) for EXTI9_5_IRQHandler
    startup_stm32f411xe.o(RESET) refers to stm32f4xx_it.o(i.TIM4_IRQHandler) for TIM4_IRQHandler
    startup_stm32f411xe.o(RESET) refers to stm32f4xx_it.o(i.USART1_IRQHandler) for USART1_IRQHandler
    startup_stm32f411xe.o(RESET) refers to stm32f4xx_it.o(i.USART2_IRQHandler) for USART2_IRQHandler
    startup_stm32f411xe.o(RESET) refers to stm32f4xx_it.o(i.DMA2_Stream0_IRQHandler) for DMA2_Stream0_IRQHandler
    startup_stm32f411xe.o(RESET) refers to stm32f4xx_it.o(i.DMA2_Stream6_IRQHandler) for DMA2_Stream6_IRQHandler
    startup_stm32f411xe.o(RESET) refers to stm32f4xx_it.o(i.DMA2_Stream7_IRQHandler) for DMA2_Stream7_IRQHandler
    startup_stm32f411xe.o(RESET) refers to stm32f4xx_it.o(i.USART6_IRQHandler) for USART6_IRQHandler
    startup_stm32f411xe.o(.text) refers to system_stm32f4xx.o(i.SystemInit) for SystemInit
    startup_stm32f411xe.o(.text) refers to entry.o(.ARM.Collect$$$$00000000) for __main
    main.o(i.ADC_Temp) refers to dadd.o(.text) for __aeabi_dsub
    main.o(i.ADC_Temp) refers to ddiv.o(.text) for __aeabi_ddiv
    main.o(i.ADC_test) refers to dfltui.o(.text) for __aeabi_ui2d
    main.o(i.ADC_test) refers to dmul.o(.text) for __aeabi_dmul
    main.o(i.ADC_test) refers to d2f.o(.text) for __aeabi_d2f
    main.o(i.ADC_test) refers to main.o(i.Transf) for Transf
    main.o(i.ADC_test) refers to main.o(i.f_out) for f_out
    main.o(i.ADC_test) refers to f2d.o(.text) for __aeabi_f2d
    main.o(i.ADC_test) refers to main.o(i.ADC_Temp) for ADC_Temp
    main.o(i.ADC_test) refers to main.o(i.u_out) for u_out
    main.o(i.ADC_test) refers to main.o(.data) for .data
    main.o(i.ADC_test) refers to main.o(.bss) for .bss
    main.o(i.ALARM_SYS_TEMP) refers to main.o(.bss) for .bss
    main.o(i.ALARM_SYS_TEMP) refers to main.o(.data) for .data
    main.o(i.ARRAY_DATA) refers to main.o(.data) for .data
    main.o(i.ARR_Z) refers to main.o(.bss) for .bss
    main.o(i.BP_start) refers to stm32f4xx_hal_gpio.o(i.HAL_GPIO_WritePin) for HAL_GPIO_WritePin
    main.o(i.BP_start) refers to main.o(i.Transf) for Transf
    main.o(i.BP_start) refers to main.o(i.IO) for IO
    main.o(i.BP_start) refers to main.o(i.FUNC_FLAG_UP) for FUNC_FLAG_UP
    main.o(i.BP_start) refers to main.o(i.PWR_072) for PWR_072
    main.o(i.BP_start) refers to main.o(.bss) for .bss
    main.o(i.BP_start) refers to main.o(.data) for .data
    main.o(i.BUS_485_TEST) refers to main.o(i.Transf2) for Transf2
    main.o(i.BUS_485_TEST) refers to main.o(i.Transf) for Transf
    main.o(i.CMD_MAC_RECONF) refers to main.o(i.Transf2) for Transf2
    main.o(i.CMD_search) refers to main.o(i.Transf) for Transf
    main.o(i.CMD_search) refers to main.o(i.idx_srv) for idx_srv
    main.o(i.CMD_search) refers to main.o(i.IO) for IO
    main.o(i.CMD_search) refers to w5200.o(i.ADR_FINDER) for ADR_FINDER
    main.o(i.CMD_search) refers to main.o(i.u_out) for u_out
    main.o(i.CMD_search) refers to w5200.o(i.ERROR_CMD_MSG) for ERROR_CMD_MSG
    main.o(i.CMD_search) refers to main.o(i.SYS_INFO_SEND_UDP) for SYS_INFO_SEND_UDP
    main.o(i.CMD_search) refers to main.o(i.TCA_WR) for TCA_WR
[...]
    OTG_FS_IRQHandler                        0x080001c7   Thumb Code     0  startup_stm32f411xe.o(.text)
    OTG_FS_WKUP_IRQHandler                   0x080001c7   Thumb Code     0  startup_stm32f411xe.o(.text)
    PVD_IRQHandler                           0x080001c7   Thumb Code     0  startup_stm32f411xe.o(.text)
    RCC_IRQHandler                           0x080001c7   Thumb Code     0  startup_stm32f411xe.o(.text)
    RTC_Alarm_IRQHandler                     0x080001c7   Thumb Code     0  startup_stm32f411xe.o(.text)
    RTC_WKUP_IRQHandler                      0x080001c7   Thumb Code     0  startup_stm32f411xe.o(.text)
    SDIO_IRQHandler                          0x080001c7   Thumb Code     0  startup_stm32f411xe.o(.text)
    SPI1_IRQHandler                          0x080001c7   Thumb Code     0  startup_stm32f411xe.o(.text)
    SPI2_IRQHandler                          0x080001c7   Thumb Code     0  startup_stm32f411xe.o(.text)
    SPI3_IRQHandler                          0x080001c7   Thumb Code     0  startup_stm32f411xe.o(.text)
    SPI4_IRQHandler                          0x080001c7   Thumb Code     0  startup_stm32f411xe.o(.text)
    SPI5_IRQHandler                          0x080001c7   Thumb Code     0  startup_stm32f411xe.o(.text)
    TAMP_STAMP_IRQHandler                    0x080001c7   Thumb Code     0  startup_stm32f411xe.o(.text)
    TIM1_BRK_TIM9_IRQHandler                 0x080001c7   Thumb Code     0  startup_stm32f411xe.o(.text)
    TIM1_CC_IRQHandler                       0x080001c7   Thumb Code     0  startup_stm32f411xe.o(.text)
    TIM1_TRG_COM_TIM11_IRQHandler            0x080001c7   Thumb Code     0  startup_stm32f411xe.o(.text)
    TIM1_UP_TIM10_IRQHandler                 0x080001c7   Thumb Code     0  startup_stm32f411xe.o(.text)
    TIM2_IRQHandler                          0x080001c7   Thumb Code     0  startup_stm32f411xe.o(.text)
    TIM3_IRQHandler                          0x080001c7   Thumb Code     0  startup_stm32f411xe.o(.text)
    TIM5_IRQHandler                          0x080001c7   Thumb Code     0  startup_stm32f411xe.o(.text)
    WWDG_IRQHandler                          0x080001c7   Thumb Code     0  startup_stm32f411xe.o(.text)
    __aeabi_uldivmod                         0x080001d1   Thumb Code    98  uldiv.o(.text)
    __aeabi_llsr                             0x08000233   Thumb Code    32  llushr.o(.text)
    _ll_ushift_r                             0x08000233   Thumb Code     0  llushr.o(.text)
    __aeabi_memset                           0x08000253   Thumb Code    14  memseta.o(.text)
    __aeabi_memset4                          0x08000253   Thumb Code     0  memseta.o(.text)
    __aeabi_memset8                          0x08000253   Thumb Code     0  memseta.o(.text)
    __aeabi_memclr                           0x08000261   Thumb Code     4  memseta.o(.text)
    __aeabi_memclr4                          0x08000261   Thumb Code     0  memseta.o(.text)
    __aeabi_memclr8                          0x08000261   Thumb Code     0  memseta.o(.text)
    _memset$wrapper                          0x08000265   Thumb Code    18  memseta.o(.text)
    strcat                                   0x08000277   Thumb Code    24  strcat.o(.text)
    strlen                                   0x0800028f   Thumb Code    14  strlen.o(.text)
    strcmp                                   0x0800029d   Thumb Code    28  strcmp.o(.text)
    strcpy                                   0x080002b9   Thumb Code    18  strcpy.o(.text)
    atoi                                     0x080002cb   Thumb Code    26  atoi.o(.text)
    __aeabi_dadd                             0x080002e5   Thumb Code   322  dadd.o(.text)
    __aeabi_dsub                             0x08000427   Thumb Code     6  dadd.o(.text)
    __aeabi_drsub                            0x0800042d   Thumb Code     6  dadd.o(.text)
    __aeabi_dmul                             0x08000433   Thumb Code   228  dmul.o(.text)
    __aeabi_ddiv                             0x08000517   Thumb Code   222  ddiv.o(.text)
    __aeabi_i2d                              0x080005f5   Thumb Code    34  dflti.o(.text)
    __aeabi_ui2d                             0x08000617   Thumb Code    26  dfltui.o(.text)
    __aeabi_f2d                              0x08000631   Thumb Code    38  f2d.o(.text)
    __aeabi_d2f                              0x08000657   Thumb Code    56  d2f.o(.text)
    __aeabi_uidiv                            0x0800068f   Thumb Code     0  uidiv.o(.text)
    __aeabi_uidivmod                         0x0800068f   Thumb Code    44  uidiv.o(.text)
    __aeabi_llsl                             0x080006bb   Thumb Code    30  llshl.o(.text)
    _ll_shift_l                              0x080006bb   Thumb Code     0  llshl.o(.text)
    __aeabi_lasr                             0x080006d9   Thumb Code    36  llsshr.o(.text)
    _ll_sshift_r                             0x080006d9   Thumb Code     0  llsshr.o(.text)
    strtol                                   0x080006fd   Thumb Code   112  strtol.o(.text)
    __I$use$fp                               0x0800076d   Thumb Code     0  iusefp.o(.text)
    _float_round                             0x0800076d   Thumb Code    18  fepilogue.o(.text)
    _float_epilogue                          0x0800077f   Thumb Code    92  fepilogue.o(.text)
    _double_round                            0x080007db   Thumb Code    30  depilogue.o(.text)
    _double_epilogue                         0x080007f9   Thumb Code   156  depilogue.o(.text)
    __ARM_scalbn                             0x08000895   Thumb Code    46  dscalb.o(.text)
    scalbn                                   0x08000895   Thumb Code     0  dscalb.o(.text)
    _drnd                                    0x080008c5   Thumb Code   132  drnd.o(.text)
    __aeabi_d2ulz                            0x0800094d   Thumb Code    48  dfixul.o(.text)
    __aeabi_cdcmpeq                          0x0800097d   Thumb Code     0  cdcmple.o(.text)
    __aeabi_cdcmple                          0x0800097d   Thumb Code    48  cdcmple.o(.text)
    __aeabi_cdrcmple                         0x080009ad   Thumb Code    48  cdrcmple.o(.text)
    __scatterload                            0x080009dd   Thumb Code    28  init.o(.text)
    __scatterload_rt2                        0x080009dd   Thumb Code     0  init.o(.text)
    __rt_ctype_table                         0x08000a01   Thumb Code     4  ctype_o.o(.text)
    _strtoul                                 0x08000a09   Thumb Code   158  _strtoul.o(.text)
    _dsqrt                                   0x08000aa7   Thumb Code   162  dsqrt.o(.text)
    _chval                                   0x08000b49   Thumb Code    28  _chval.o(.text)
    __decompress                             0x08000b65   Thumb Code     0  __dczerorl2.o(.text)
    __decompress1                            0x08000b65   Thumb Code    86  __dczerorl2.o(.text)
    ADC_IRQHandler                           0x08000c49   Thumb Code    16  stm32f4xx_it.o(i.ADC_IRQHandler)
    ADC_Temp                                 0x08000d89   Thumb Code    48  main.o(i.ADC_Temp)
    ADC_test                                 0x08000dd1   Thumb Code   338  main.o(i.ADC_test)
    ADR_FINDER                               0x08000fb1   Thumb Code    80  w5200.o(i.ADR_FINDER)
    ALARM_SYS_TEMP                           0x08001031   Thumb Code   140  main.o(i.ALARM_SYS_TEMP)
    ARRAY_DATA                               0x080010c5   Thumb Code    18  main.o(i.ARRAY_DATA)
    ARR_Z                                    0x080010dd   Thumb Code   188  main.o(i.ARR_Z)
    BP_start                                 0x080011a1   Thumb Code   126  main.o(i.BP_start)
    BUS_485_TEST                             0x08001279   Thumb Code   126  main.o(i.BUS_485_TEST)
    BusFault_Handler                         0x0800130d   Thumb Code     2  stm32f4xx_it.o(i.BusFault_Handler)
    CMD_MAC_RECONF                           0x08001311   Thumb Code     6  main.o(i.CMD_MAC_RECONF)
    CMD_search                               0x08001329   Thumb Code  1550  main.o(i.CMD_search)
    CONTROL_POK                              0x080019b1   Thumb Code    56  main.o(i.CONTROL_POK)
    CONTROL_SYS                              0x08001a01   Thumb Code  1024  main.o(i.CONTROL_SYS)
    CONTROL_T1HZ_MK                          0x08001e01   Thumb Code    40  main.o(i.CONTROL_T1HZ_MK)
    DISPATCHER                               0x08001e4d   Thumb Code   880  main.o(i.DISPATCHER)
    DMA1_Stream6_IRQHandler                  0x08002439   Thumb Code    12  stm32f4xx_it.o(i.DMA1_Stream6_IRQHandler)
    DMA2_Stream0_IRQHandler                  0x0800244d   Thumb Code     6  stm32f4xx_it.o(i.DMA2_Stream0_IRQHandler)
    DMA2_Stream6_IRQHandler                  0x08002459   Thumb Code     6  stm32f4xx_it.o(i.DMA2_Stream6_IRQHandler)
    DMA2_Stream7_IRQHandler                  0x08002465   Thumb Code    12  stm32f4xx_it.o(i.DMA2_Stream7_IRQHandler)
    DS4520_read                              0x0800251d   Thumb Code    72  main.o(i.DS4520_read)
    DebugMon_Handler                         0x08002569   Thumb Code     2  stm32f4xx_it.o(i.DebugMon_Handler)
    Delay                                    0x0800256d   Thumb Code    12  main.o(i.Delay)
    Delay_ms                                 0x0800257d   Thumb Code    14  w5200.o(i.Delay_ms)
    ERROR_CMD_MSG                            0x0800258d   Thumb Code   100  w5200.o(i.ERROR_CMD_MSG)
    EXTI0_IRQHandler                         0x0800260d   Thumb Code    16  stm32f4xx_it.o(i.EXTI0_IRQHandler)
    EXTI1_IRQHandler                         0x08002621   Thumb Code    16  stm32f4xx_it.o(i.EXTI1_IRQHandler)
    EXTI3_IRQHandler                         0x08002635   Thumb Code    16  stm32f4xx_it.o(i.EXTI3_IRQHandler)
    EXTI9_5_IRQHandler                       0x08002649   Thumb Code    16  stm32f4xx_it.o(i.EXTI9_5_IRQHandler)
    Error_Handler                            0x0800265d   Thumb Code     2  main.o(i.Error_Handler)
    Exit1_IR                                 0x08002661   Thumb Code    52  jtag_my.o(i.Exit1_IR)
    FLAG_DWN                                 0x08002699   Thumb Code    18  main.o(i.FLAG_DWN)
    FPGA_rSPI                                0x080026ad   Thumb Code   534  main.o(i.FPGA_rSPI)
    FPGA_wSPI                                0x080028c9   Thumb Code   312  main.o(i.FPGA_wSPI)
    FRAME_DECODE                             0x08002a05   Thumb Code   614  w5200.o(i.FRAME_DECODE)
    FTIME_OF_WORK                            0x08002c85   Thumb Code    26  main.o(i.FTIME_OF_WORK)
    FUNC_FLAG_UP                             0x08002ca5   Thumb Code    52  main.o(i.FUNC_FLAG_UP)
    GET_DATA                                 0x08002d1d   Thumb Code    82  jtag_my.o(i.GET_DATA)
    HAL_ADCEx_InjectedConvCpltCallback       0x08002d75   Thumb Code     2  stm32f4xx_hal_adc_ex.o(i.HAL_ADCEx_InjectedConvCpltCallback)
    HAL_ADC_ConfigChannel                    0x08002d79   Thumb Code   334  stm32f4xx_hal_adc.o(i.HAL_ADC_ConfigChannel)
    HAL_ADC_ConvCpltCallback                 0x08002edd   Thumb Code    10  main.o(i.HAL_ADC_ConvCpltCallback)
    HAL_ADC_ConvHalfCpltCallback             0x08002eed   Thumb Code     2  stm32f4xx_hal_adc.o(i.HAL_ADC_ConvHalfCpltCallback)
    HAL_ADC_ErrorCallback                    0x08002eef   Thumb Code     2  stm32f4xx_hal_adc.o(i.HAL_ADC_ErrorCallback)
    HAL_ADC_IRQHandler                       0x08002ef1   Thumb Code   316  stm32f4xx_hal_adc.o(i.HAL_ADC_IRQHandler)
    HAL_ADC_Init                             0x0800302d   Thumb Code    84  stm32f4xx_hal_adc.o(i.HAL_ADC_Init)
    HAL_ADC_LevelOutOfWindowCallback         0x08003081   Thumb Code     2  stm32f4xx_hal_adc.o(i.HAL_ADC_LevelOutOfWindowCallback)
    HAL_ADC_MspInit                          0x08003085   Thumb Code   144  stm32f4xx_hal_msp.o(i.HAL_ADC_MspInit)
    HAL_ADC_Start_DMA                        0x08003129   Thumb Code   230  stm32f4xx_hal_adc.o(i.HAL_ADC_Start_DMA)
    HAL_DMA_Abort_IT                         0x0800322d   Thumb Code    36  stm32f4xx_hal_dma.o(i.HAL_DMA_Abort_IT)
    HAL_DMA_IRQHandler                       0x08003251   Thumb Code   412  stm32f4xx_hal_dma.o(i.HAL_DMA_IRQHandler)
    HAL_DMA_Init                             0x080033f1   Thumb Code   206  stm32f4xx_hal_dma.o(i.HAL_DMA_Init)
    HAL_DMA_Start_IT                         0x080034c5   Thumb Code   120  stm32f4xx_hal_dma.o(i.HAL_DMA_Start_IT)
    HAL_GPIO_DeInit                          0x0800353d   Thumb Code   214  stm32f4xx_hal_gpio.o(i.HAL_GPIO_DeInit)
    HAL_GPIO_EXTI_Callback                   0x08003631   Thumb Code     2  stm32f4xx_hal_gpio.o(i.HAL_GPIO_EXTI_Callback)
    HAL_GPIO_EXTI_IRQHandler                 0x08003635   Thumb Code    18  stm32f4xx_hal_gpio.o(i.HAL_GPIO_EXTI_IRQHandler)
    HAL_GPIO_Init                            0x0800364d   Thumb Code   372  stm32f4xx_hal_gpio.o(i.HAL_GPIO_Init)
    HAL_GPIO_ReadPin                         0x080037e1   Thumb Code    10  stm32f4xx_hal_gpio.o(i.HAL_GPIO_ReadPin)
    HAL_GPIO_WritePin                        0x080037eb   Thumb Code    10  stm32f4xx_hal_gpio.o(i.HAL_GPIO_WritePin)
    HAL_GetTick                              0x080037f5   Thumb Code     6  stm32f4xx_hal.o(i.HAL_GetTick)
    HAL_I2C_DeInit                           0x08003801   Thumb Code    50  stm32f4xx_hal_i2c.o(i.HAL_I2C_DeInit)
    HAL_I2C_Init                             0x08003835   Thumb Code   376  stm32f4xx_hal_i2c.o(i.HAL_I2C_Init)
    HAL_I2C_IsDeviceReady                    0x080039bd   Thumb Code   356  stm32f4xx_hal_i2c.o(i.HAL_I2C_IsDeviceReady)
    HAL_I2C_Master_Receive                   0x08003b29   Thumb Code   468  stm32f4xx_hal_i2c.o(i.HAL_I2C_Master_Receive)
    HAL_I2C_Master_SMBA_block_recieve        0x08003d09   Thumb Code   634  stm32f4xx_hal_i2c.o(i.HAL_I2C_Master_SMBA_block_recieve)
    HAL_I2C_Master_Transmit                  0x08003f91   Thumb Code   290  stm32f4xx_hal_i2c.o(i.HAL_I2C_Master_Transmit)
    HAL_I2C_MspDeInit                        0x080040bd   Thumb Code    28  stm32f4xx_hal_msp.o(i.HAL_I2C_MspDeInit)
    HAL_I2C_MspInit                          0x080040e5   Thumb Code    92  stm32f4xx_hal_msp.o(i.HAL_I2C_MspInit)
    HAL_IncTick                              0x0800414d   Thumb Code    12  stm32f4xx_hal.o(i.HAL_IncTick)
    HAL_Init                                 0x0800415d   Thumb Code    48  stm32f4xx_hal.o(i.HAL_Init)
    HAL_InitTick                             0x08004191   Thumb Code    54  stm32f4xx_hal.o(i.HAL_InitTick)
    HAL_MspInit                              0x080041d1   Thumb Code    42  stm32f4xx_hal_msp.o(i.HAL_MspInit)
    HAL_NVIC_EnableIRQ                       0x08004201   Thumb Code    26  stm32f4xx_hal_cortex.o(i.HAL_NVIC_EnableIRQ)
    HAL_NVIC_SetPriority                     0x0800421d   Thumb Code    60  stm32f4xx_hal_cortex.o(i.HAL_NVIC_SetPriority)
    HAL_NVIC_SetPriorityGrouping             0x0800425d   Thumb Code    26  stm32f4xx_hal_cortex.o(i.HAL_NVIC_SetPriorityGrouping)
    HAL_RCC_ClockConfig                      0x08004281   Thumb Code   286  stm32f4xx_hal_rcc.o(i.HAL_RCC_ClockConfig)
    HAL_RCC_GetHCLKFreq                      0x080043b1   Thumb Code     6  stm32f4xx_hal_rcc.o(i.HAL_RCC_GetHCLKFreq)
    HAL_RCC_GetPCLK1Freq                     0x080043bd   Thumb Code    20  stm32f4xx_hal_rcc.o(i.HAL_RCC_GetPCLK1Freq)
    HAL_RCC_GetPCLK2Freq                     0x080043dd   Thumb Code    20  stm32f4xx_hal_rcc.o(i.HAL_RCC_GetPCLK2Freq)
    HAL_RCC_GetSysClockFreq                  0x080043fd   Thumb Code    66  stm32f4xx_hal_rcc.o(i.HAL_RCC_GetSysClockFreq)
    HAL_RCC_OscConfig                        0x08004449   Thumb Code   766  stm32f4xx_hal_rcc.o(i.HAL_RCC_OscConfig)
    HAL_SPI_Init                             0x0800475d   Thumb Code   128  stm32f4xx_hal_spi.o(i.HAL_SPI_Init)
    HAL_SPI_MspInit                          0x080047dd   Thumb Code   306  stm32f4xx_hal_msp.o(i.HAL_SPI_MspInit)
    HAL_SPI_TransmitReceive                  0x08004931   Thumb Code   474  stm32f4xx_hal_spi.o(i.HAL_SPI_TransmitReceive)
    HAL_SYSTICK_CLKSourceConfig              0x08004b0b   Thumb Code    24  stm32f4xx_hal_cortex.o(i.HAL_SYSTICK_CLKSourceConfig)
    HAL_SYSTICK_Config                       0x08004b23   Thumb Code    40  stm32f4xx_hal_cortex.o(i.HAL_SYSTICK_Config)
    HAL_TIMEx_BreakCallback                  0x08004b4b   Thumb Code     2  stm32f4xx_hal_tim_ex.o(i.HAL_TIMEx_BreakCallback)
    HAL_TIMEx_CommutCallback                 0x08004b4d   Thumb Code     2  stm32f4xx_hal_tim_ex.o(i.HAL_TIMEx_CommutCallback)
    HAL_TIM_IC_CaptureCallback               0x08004b4f   Thumb Code     2  stm32f4xx_hal_tim.o(i.HAL_TIM_IC_CaptureCallback)
    HAL_TIM_IRQHandler                       0x08004b51   Thumb Code   358  stm32f4xx_hal_tim.o(i.HAL_TIM_IRQHandler)
    HAL_TIM_OC_DelayElapsedCallback          0x08004cb7   Thumb Code     2  stm32f4xx_hal_tim.o(i.HAL_TIM_OC_DelayElapsedCallback)
    HAL_TIM_PWM_PulseFinishedCallback        0x08004cb9   Thumb Code     2  stm32f4xx_hal_tim.o(i.HAL_TIM_PWM_PulseFinishedCallback)
    HAL_TIM_PeriodElapsedCallback            0x08004cbb   Thumb Code     2  stm32f4xx_hal_tim.o(i.HAL_TIM_PeriodElapsedCallback)
    HAL_TIM_TriggerCallback                  0x08004cbd   Thumb Code     2  stm32f4xx_hal_tim.o(i.HAL_TIM_TriggerCallback)
    HAL_UART_ErrorCallback                   0x08004cbf   Thumb Code     2  stm32f4xx_hal_uart.o(i.HAL_UART_ErrorCallback)
    HAL_UART_GetState                        0x08004cc1   Thumb Code    10  stm32f4xx_hal_uart.o(i.HAL_UART_GetState)
    HAL_UART_IRQHandler                      0x08004ccd   Thumb Code   266  stm32f4xx_hal_uart.o(i.HAL_UART_IRQHandler)
    HAL_UART_Init                            0x08004ddd   Thumb Code    98  stm32f4xx_hal_uart.o(i.HAL_UART_Init)
    HAL_UART_MspInit                         0x08004e41   Thumb Code   480  stm32f4xx_hal_msp.o(i.HAL_UART_MspInit)
    HAL_UART_Receive_IT                      0x08005051   Thumb Code    82  stm32f4xx_hal_uart.o(i.HAL_UART_Receive_IT)
    HAL_UART_RxCpltCallback                  0x080050a5   Thumb Code    62  main.o(i.HAL_UART_RxCpltCallback)
    HAL_UART_Transmit_DMA                    0x080050ed   Thumb Code   116  stm32f4xx_hal_uart.o(i.HAL_UART_Transmit_DMA)
    HAL_UART_TxCpltCallback                  0x0800516d   Thumb Code     2  stm32f4xx_hal_uart.o(i.HAL_UART_TxCpltCallback)
    HAL_UART_TxHalfCpltCallback              0x0800516f   Thumb Code     2  stm32f4xx_hal_uart.o(i.HAL_UART_TxHalfCpltCallback)
    HardFault_Handler                        0x08005171   Thumb Code     2  stm32f4xx_it.o(i.HardFault_Handler)
    ID_recive                                0x0800552d   Thumb Code   140  jtag_my.o(i.ID_recive)
    IINCHIP_CSoff                            0x080055c9   Thumb Code    10  w5200.o(i.IINCHIP_CSoff)
    IINCHIP_CSon                             0x080055d9   Thumb Code    10  w5200.o(i.IINCHIP_CSon)
    IINCHIP_READ                             0x080055e9   Thumb Code    48  w5200.o(i.IINCHIP_READ)
    IINCHIP_SpiSendData                      0x08005619   Thumb Code     4  w5200.o(i.IINCHIP_SpiSendData)
    IINCHIP_WRITE                            0x0800561d   Thumb Code    48  w5200.o(i.IINCHIP_WRITE)
    INIT_SERV_ARCHIV                         0x0800564d   Thumb Code   110  w5200.o(i.INIT_SERV_ARCHIV)
    IO                                       0x080056bd   Thumb Code  3674  main.o(i.IO)
    JTAG_SCAN                                0x08006719   Thumb Code   108  jtag_my.o(i.JTAG_SCAN)
    LED                                      0x08006795   Thumb Code   182  main.o(i.LED)
    LED_CONTROL                              0x08006855   Thumb Code   110  main.o(i.LED_CONTROL)
    LM_MFR_ID                                0x080068c9   Thumb Code   280  main.o(i.LM_MFR_ID)
    LM_MFR_MODEL                             0x080069ed   Thumb Code   224  main.o(i.LM_MFR_MODEL)
    LM_TEMP                                  0x08006b11   Thumb Code   206  main.o(i.LM_TEMP)
    LM_in_i                                  0x08006bed   Thumb Code   226  main.o(i.LM_in_i)
    LM_in_p                                  0x08006ce5   Thumb Code   222  main.o(i.LM_in_p)
    LM_v                                     0x08006dd9   Thumb Code   226  main.o(i.LM_v)
    MSG_SEND_UDP                             0x08006ed1   Thumb Code    78  main.o(i.MSG_SEND_UDP)
    MSG_SHOW                                 0x08006f29   Thumb Code   102  w5200.o(i.MSG_SHOW)
    MemManage_Handler                        0x080072a5   Thumb Code     2  stm32f4xx_it.o(i.MemManage_Handler)
    Menu1                                    0x080072a9   Thumb Code   270  main.o(i.Menu1)
    NMI_Handler                              0x08007689   Thumb Code     2  stm32f4xx_it.o(i.NMI_Handler)
    PRINT_SERV                               0x0800768d   Thumb Code    74  main.o(i.PRINT_SERV)
    PWR_072                                  0x080076e9   Thumb Code   146  main.o(i.PWR_072)
    PendSV_Handler                           0x08007785   Thumb Code     2  stm32f4xx_it.o(i.PendSV_Handler)
    RECEIVE_udp                              0x08007789   Thumb Code   176  w5200.o(i.RECEIVE_udp)
    REQ_VERSIYA                              0x08007889   Thumb Code    56  main.o(i.REQ_VERSIYA)
    RUN_TEST_IDLE                            0x08007911   Thumb Code    66  jtag_my.o(i.RUN_TEST_IDLE)
    SCAN_N                                   0x08007959   Thumb Code   144  jtag_my.o(i.SCAN_N)
    SEND_UDP_MSG                             0x080079ed   Thumb Code    68  w5200.o(i.SEND_UDP_MSG)
    SEND_udp                                 0x08007a3d   Thumb Code   156  w5200.o(i.SEND_udp)
    SERV_ID_DEL                              0x08007b41   Thumb Code    42  w5200.o(i.SERV_ID_DEL)
    SERV_ID_WR                               0x08007b6d   Thumb Code   292  w5200.o(i.SERV_ID_WR)
    SERV_WR                                  0x08007cc5   Thumb Code    28  w5200.o(i.SERV_WR)
    SETUP_DEST_IP0_072                       0x08007ce1   Thumb Code    90  main.o(i.SETUP_DEST_IP0_072)
    SETUP_DEST_IP1_072                       0x08007d75   Thumb Code    90  main.o(i.SETUP_DEST_IP1_072)
    SETUP_IP0_072                            0x08007e09   Thumb Code    90  main.o(i.SETUP_IP0_072)
    SETUP_IP1_072                            0x08007e9d   Thumb Code    90  main.o(i.SETUP_IP1_072)
    SLAVE_COUNT                              0x08007f31   Thumb Code    44  main.o(i.SLAVE_COUNT)
    SPI_BP_READ                              0x08007f91   Thumb Code    18  main.o(i.SPI_BP_READ)
    SPI_BP_WRITE                             0x08007fa3   Thumb Code    18  main.o(i.SPI_BP_WRITE)
    STATUS_ID                                0x080080a1   Thumb Code   136  w5200.o(i.STATUS_ID)
    SVC_Handler                              0x08008171   Thumb Code     2  stm32f4xx_it.o(i.SVC_Handler)
    SYS_CMD_MSG                              0x08008175   Thumb Code   132  w5200.o(i.SYS_CMD_MSG)
    SYS_INFO                                 0x08008219   Thumb Code   394  main.o(i.SYS_INFO)
    SYS_INFO_SEND_UDP                        0x080084cd   Thumb Code  1310  main.o(i.SYS_INFO_SEND_UDP)
    Set_network                              0x080089f5   Thumb Code   480  w5200.o(i.Set_network)
    Shift_DR                                 0x08008cd5   Thumb Code   148  jtag_my.o(i.Shift_DR)
    Shift_IR                                 0x08008d6d   Thumb Code   180  jtag_my.o(i.Shift_IR)
    SysTick_Handler                          0x08008e25   Thumb Code   152  stm32f4xx_it.o(i.SysTick_Handler)
    SystemClock_Config                       0x08008eed   Thumb Code   156  main.o(i.SystemClock_Config)
    SystemInit                               0x08008f91   Thumb Code    66  system_stm32f4xx.o(i.SystemInit)
    TCA_WR                                   0x08008fe5   Thumb Code    96  main.o(i.TCA_WR)
    TIM4_IRQHandler                          0x08009049   Thumb Code     6  stm32f4xx_it.o(i.TIM4_IRQHandler)
    TLR                                      0x08009055   Thumb Code    60  jtag_my.o(i.TLR)
    TST                                      0x08009095   Thumb Code    62  adiv5_jtagdp.o(i.TST)
    TX_MSG_BUFF                              0x080090e1   Thumb Code   720  w5200.o(i.TX_MSG_BUFF)
    Transf                                   0x0800940d   Thumb Code    62  main.o(i.Transf)
    Transf2                                  0x08009455   Thumb Code    60  main.o(i.Transf2)
    UART_CNTR                                0x08009499   Thumb Code    38  main.o(i.UART_CNTR)
    UART_DMA_TX                              0x08009559   Thumb Code    58  main.o(i.UART_DMA_TX)
    UART_DMA_TX2                             0x0800959d   Thumb Code    80  main.o(i.UART_DMA_TX2)
    UART_conrol                              0x080099d1   Thumb Code    72  main.o(i.UART_conrol)
    USART1_IRQHandler                        0x08009a21   Thumb Code     6  stm32f4xx_it.o(i.USART1_IRQHandler)
    USART2_IRQHandler                        0x08009a2d   Thumb Code     6  stm32f4xx_it.o(i.USART2_IRQHandler)
    USART6_IRQHandler                        0x08009a39   Thumb Code     6  stm32f4xx_it.o(i.USART6_IRQHandler)
    Update_IR                                0x08009a45   Thumb Code    52  jtag_my.o(i.Update_IR)
    UsageFault_Handler                       0x08009a7d   Thumb Code     2  stm32f4xx_it.o(i.UsageFault_Handler)
    WATCH_DOG                                0x08009a81   Thumb Code    30  main.o(i.WATCH_DOG)
    __0sprintf                               0x08009aa9   Thumb Code    34  printfa.o(i.__0sprintf)
    __1sprintf                               0x08009aa9   Thumb Code     0  printfa.o(i.__0sprintf)
    __2sprintf                               0x08009aa9   Thumb Code     0  printfa.o(i.__0sprintf)
    __c89sprintf                             0x08009aa9   Thumb Code     0  printfa.o(i.__0sprintf)
    sprintf                                  0x08009aa9   Thumb Code     0  printfa.o(i.__0sprintf)
    __ARM_fpclassify                         0x08009ad1   Thumb Code    48  fpclassify.o(i.__ARM_fpclassify)
    __ARM_fpclassifyf                        0x08009b01   Thumb Code    38  fpclassifyf.o(i.__ARM_fpclassifyf)
    __aeabi_errno_addr                       0x08009b49   Thumb Code     4  errno.o(i.__aeabi_errno_addr)
    __rt_errno_addr                          0x08009b49   Thumb Code     0  errno.o(i.__aeabi_errno_addr)
    __hardfp_pow                             0x08009b51   Thumb Code  3044  pow.o(i.__hardfp_pow)
    __hardfp_powf                            0x0800a789   Thumb Code  1518  powf.o(i.__hardfp_powf)
    __mathlib_powf                           0x0800a789   Thumb Code     0  powf.o(i.__hardfp_powf)
    __hardfp_round                           0x0800ad99   Thumb Code   194  round.o(i.__hardfp_round)
    __kernel_poly                            0x0800ae79   Thumb Code   248  poly.o(i.__kernel_poly)
    __mathlib_dbl_divzero                    0x0800af71   Thumb Code    28  dunder.o(i.__mathlib_dbl_divzero)
    __mathlib_dbl_infnan2                    0x0800afa1   Thumb Code    20  dunder.o(i.__mathlib_dbl_infnan2)
    __mathlib_dbl_invalid                    0x0800afb9   Thumb Code    24  dunder.o(i.__mathlib_dbl_invalid)
    __mathlib_dbl_overflow                   0x0800afd9   Thumb Code    24  dunder.o(i.__mathlib_dbl_overflow)
    __mathlib_dbl_underflow                  0x0800aff9   Thumb Code    24  dunder.o(i.__mathlib_dbl_underflow)
    __mathlib_flt_divzero                    0x0800b019   Thumb Code    14  funder.o(i.__mathlib_flt_divzero)
    __mathlib_flt_infnan2                    0x0800b02d   Thumb Code     6  funder.o(i.__mathlib_flt_infnan2)
    __mathlib_flt_invalid                    0x0800b035   Thumb Code    10  funder.o(i.__mathlib_flt_invalid)
    __mathlib_flt_overflow                   0x0800b045   Thumb Code    10  funder.o(i.__mathlib_flt_overflow)
    __mathlib_flt_underflow                  0x0800b055   Thumb Code    10  funder.o(i.__mathlib_flt_underflow)
    __scatterload_copy                       0x0800b065   Thumb Code    14  handlers.o(i.__scatterload_copy)
    __scatterload_null                       0x0800b073   Thumb Code     2  handlers.o(i.__scatterload_null)
    __scatterload_zeroinit                   0x0800b075   Thumb Code    14  handlers.o(i.__scatterload_zeroinit)
    __set_errno                              0x0800b085   Thumb Code     6  errno.o(i.__set_errno)
    answer_translated                        0x0800b92d   Thumb Code    26  main.o(i.answer_translated)
    clearSUBR                                0x0800b951   Thumb Code    38  w5200.o(i.clearSUBR)
    close                                    0x0800b979   Thumb Code    68  w5200.o(i.close)
    f_out                                    0x0800b9c9   Thumb Code    58  main.o(i.f_out)
    fabs                                     0x0800ba15   Thumb Code    24  fabs.o(i.fabs)
    fw_adiv5_jtagdp_low_access               0x0800ba2d   Thumb Code    98  adiv5_jtagdp.o(i.fw_adiv5_jtagdp_low_access)
    fw_adiv5_jtagdp_read                     0x0800ba95   Thumb Code    30  adiv5_jtagdp.o(i.fw_adiv5_jtagdp_read)
    getGAR                                   0x0800bab3   Thumb Code    38  w5200.o(i.getGAR)
    getSIPR                                  0x0800bad9   Thumb Code    38  w5200.o(i.getSIPR)
    getSUBR                                  0x0800bb01   Thumb Code    20  w5200.o(i.getSUBR)
    getSn_RX_RSR                             0x0800bb19   Thumb Code    74  w5200.o(i.getSn_RX_RSR)
    getSn_SR                                 0x0800bb63   Thumb Code    14  w5200.o(i.getSn_SR)
    getchar1                                 0x0800bb71   Thumb Code    38  main.o(i.getchar1)
    gpio_clear                               0x0800bba1   Thumb Code    44  jtagtap.o(i.gpio_clear)
    gpio_set                                 0x0800bbd1   Thumb Code    38  jtagtap.o(i.gpio_set)
    idx_srv                                  0x0800bbfd   Thumb Code    16  main.o(i.idx_srv)
    iinchip_init                             0x0800bc0d   Thumb Code    18  w5200.o(i.iinchip_init)
    jtag_dev_shift_dr                        0x0800bc2d   Thumb Code   100  jtag_scan.o(i.jtag_dev_shift_dr)
    jtag_dev_write_ir                        0x0800bc99   Thumb Code   102  jtag_scan.o(i.jtag_dev_write_ir)
    jtag_scan                                0x0800bd11   Thumb Code   848  jtag_scan.o(i.jtag_scan)
    jtagtap_init                             0x0800c285   Thumb Code    36  jtagtap.o(i.jtagtap_init)
    leng                                     0x0800c497   Thumb Code    22  main.o(i.leng)
    main                                     0x0800c4ad   Thumb Code   672  main.o(i.main)
    okrug                                    0x0800c7c5   Thumb Code   128  main.o(i.okrug)
    read_data                                0x0800c84d   Thumb Code    86  w5200.o(i.read_data)
    recvfrom                                 0x0800c8a9   Thumb Code   350  w5200.o(i.recvfrom)
    req_col                                  0x0800ca09   Thumb Code    18  main.o(i.req_col)
    saveSUBR                                 0x0800ca2d   Thumb Code    20  w5200.o(i.saveSUBR)
    send_data_processing                     0x0800ca45   Thumb Code    84  w5200.o(i.send_data_processing)
    sendto                                   0x0800ca99   Thumb Code   246  w5200.o(i.sendto)
    setGAR                                   0x0800cb95   Thumb Code    40  w5200.o(i.setGAR)
    setMR                                    0x0800cbbd   Thumb Code    22  w5200.o(i.setMR)
    setRCR                                   0x0800cbdd   Thumb Code     8  w5200.o(i.setRCR)
    setRTR                                   0x0800cbe5   Thumb Code    24  w5200.o(i.setRTR)
    setSHAR                                  0x0800cbfd   Thumb Code    56  w5200.o(i.setSHAR)
    setSIPR                                  0x0800cc35   Thumb Code    40  w5200.o(i.setSIPR)
    setSUBR                                  0x0800cc5d   Thumb Code    40  w5200.o(i.setSUBR)
    socket                                   0x0800cc89   Thumb Code   160  w5200.o(i.socket)
    spi4send8                                0x0800cd3d   Thumb Code    30  main.o(i.spi4send8)
    spi5send8                                0x0800cd61   Thumb Code    30  main.o(i.spi5send8)
    sqrt                                     0x0800cd85   Thumb Code   110  sqrt.o(i.sqrt)
    sysinit                                  0x0800cdf5   Thumb Code   362  w5200.o(i.sysinit)
    u_out                                    0x0800cf65   Thumb Code    34  main.o(i.u_out)
    un64_out                                 0x0800cf95   Thumb Code    52  main.o(i.un64_out)
    un_out                                   0x0800cfd1   Thumb Code    28  main.o(i.un_out)
    wait_10ms                                0x0800cff5   Thumb Code    24  w5200.o(i.wait_10ms)
    wiz_read_buf                             0x0800d00d   Thumb Code    70  w5200.o(i.wiz_read_buf)
    wiz_write_buf                            0x0800d053   Thumb Code    80  w5200.o(i.wiz_write_buf)
    write_data                               0x0800d0a5   Thumb Code    86  w5200.o(i.write_data)
    x_out                                    0x0800d101   Thumb Code    34  main.o(i.x_out)
    xn_out                                   0x0800d131   Thumb Code    28  main.o(i.xn_out)
    xun_out                                  0x0800d155   Thumb Code    98  main.o(i.xun_out)
    dev_descr                                0x0800d1d0   Data         304  jtag_devs.o(.constdata)
    AHBPrescTable                            0x0800d308   Data          16  system_stm32f4xx.o(.constdata)
    APBPrescTable                            0x0800d318   Data           8  system_stm32f4xx.o(.constdata)
    __mathlib_zero                           0x0800d4e8   Data           8  qnan.o(.constdata)
    __ctype_table                            0x0800d4f0   Data         129  ctype_o.o(.constdata)
    Region$$Table$$Base                      0x0800d7fc   Number         0  anon$$obj.o(Region$$Table)
    Region$$Table$$Limit                     0x0800d81c   Number         0  anon$$obj.o(Region$$Table)
    EVENT_INT1                               0x20000000   Data           1  main.o(.data)
    EVENT_INT3                               0x20000001   Data           1  main.o(.data)
    PWR_CHANNEL                              0x20000002   Data           1  main.o(.data)
    LED_ISPRAV_AC                            0x20000003   Data           1  main.o(.data)
    LED_PROGR                                0x20000004   Data           1  main.o(.data)
    LED_OFCH                                 0x20000005   Data           1  main.o(.data)
    LED_SINHR                                0x20000006   Data           1  main.o(.data)
    LED_LS                                   0x20000007   Data           1  main.o(.data)
    LED_ISPR_J330                            0x20000008   Data           1  main.o(.data)
    LED_OTKL_AC                              0x20000009   Data           1  main.o(.data)
    LED_TEMP                                 0x2000000a   Data           1  main.o(.data)
    FLAG_TIME_OF_WORK_WRITE                  0x2000000b   Data           1  main.o(.data)
    FLAG_ASQ_TEST_485                        0x2000000c   Data           1  main.o(.data)
    FLAG_ASQ_TEST_JTAG                       0x2000000d   Data           1  main.o(.data)
    FLAG_ASQ_TEST_SPI                        0x2000000e   Data           1  main.o(.data)
    SCH_TST1                                 0x2000000f   Data           1  main.o(.data)
    FLAG_ADRES_SENDER_CMD                    0x20000010   Data           1  main.o(.data)
    START_BP                                 0x20000011   Data           1  main.o(.data)
    FLAG_WDG                                 0x20000012   Data           1  main.o(.data)
    RX_uBUF                                  0x20000017   Data           1  main.o(.data)
    flag_pachka_TXT                          0x20000018   Data           1  main.o(.data)
    rx_buffer_overflow1                      0x20000019   Data           1  main.o(.data)
    flag_pachka_TXT2                         0x2000001a   Data           1  main.o(.data)
    Adress                                   0x2000001b   Data           1  main.o(.data)
    crc_ok                                   0x2000001c   Data           1  main.o(.data)
    packet_ok                                0x2000001d   Data           1  main.o(.data)
    packet_flag                              0x2000001e   Data           1  main.o(.data)
    data_flag                                0x2000001f   Data           1  main.o(.data)
    data_flag2                               0x20000020   Data           1  main.o(.data)
    FLAG_lenght                              0x20000021   Data           1  main.o(.data)
    FLAG_DATA                                0x20000022   Data           1  main.o(.data)
    FLAG_CW                                  0x20000023   Data           1  main.o(.data)
    NUMBER_OF_B072                           0x20000024   Data           1  main.o(.data)
    PORT_my                                  0x20000026   Data           2  main.o(.data)
    text_lengh                               0x20000028   Data           2  main.o(.data)
    text_lengh2                              0x2000002a   Data           2  main.o(.data)
    lenght                                   0x2000002c   Data           2  main.o(.data)
    SCH_LENGHT_PACKET                        0x2000002e   Data           2  main.o(.data)
    IP_my                                    0x20000030   Data           4  main.o(.data)
    TEST_LED                                 0x20000034   Data           4  main.o(.data)
    FLAG_T1HZ_MK                             0x20000038   Data           4  main.o(.data)
    TIMER_T1HZ_MK                            0x2000003c   Data           4  main.o(.data)
    TIMER_LED                                0x20000040   Data           4  main.o(.data)
    TIME_OF_SECOND                           0x20000044   Data           4  main.o(.data)
    TIME_OF_WORK                             0x20000048   Data           4  main.o(.data)
    MASTER_IP0                               0x2000004c   Data           4  main.o(.data)
    MASTER_IP1                               0x20000050   Data           4  main.o(.data)
    MASTER_DEST_IP0                          0x20000054   Data           4  main.o(.data)
    MASTER_DEST_IP1                          0x20000058   Data           4  main.o(.data)
    SLAVE_IP0                                0x2000005c   Data           4  main.o(.data)
    SLAVE_IP1                                0x20000060   Data           4  main.o(.data)
    SLAVE_DEST_IP0                           0x20000064   Data           4  main.o(.data)
    SLAVE_DEST_IP1                           0x20000068   Data           4  main.o(.data)
    TIMER_TIMEOUT                            0x2000006c   Data           4  main.o(.data)
    crc_input                                0x20000070   Data           4  main.o(.data)
    crc_comp                                 0x20000074   Data           4  main.o(.data)
    adc_cntl                                 0x20000078   Data           4  main.o(.data)
    TIMER_CONTROL_SYS                        0x20000080   Data           4  main.o(.data)
    TIMER1                                   0x20000084   Data           4  main.o(.data)
    TIMER_BP_PWM                             0x20000088   Data           4  main.o(.data)
    SysTickDelay                             0x2000008c   Data           4  main.o(.data)
    FLAG_T1                                  0x20000090   Data           4  main.o(.data)
    FLAG_T2                                  0x20000094   Data           4  main.o(.data)
    timer_DMA2                               0x20000098   Data           4  main.o(.data)
    rx_wr_index1                             0x2000009c   Data           4  main.o(.data)
    rx_rd_index1                             0x200000a0   Data           4  main.o(.data)
    rx_counter1                              0x200000a4   Data           4  main.o(.data)
    timer_DMA1_Stream6                       0x200000a8   Data           4  main.o(.data)
    rx_rd_index2                             0x200000ac   Data           4  main.o(.data)
    rx_counter2                              0x200000b0   Data           4  main.o(.data)
    index1                                   0x200000b4   Data           4  main.o(.data)
    indexZ                                   0x200000b8   Data           4  main.o(.data)
    index_word                               0x200000bc   Data           4  main.o(.data)
    index_data_word                          0x200000c0   Data           4  main.o(.data)
    index_data_word2                         0x200000c4   Data           4  main.o(.data)
    lenght_data                              0x200000c8   Data           4  main.o(.data)
    sch_lenght_data                          0x200000cc   Data           4  main.o(.data)
    time_uart                                0x200000d0   Data           4  main.o(.data)
    D_TEMP                                   0x200000d4   Data           4  main.o(.data)
    STM32_VERSION                            0x200000d8   Data           8  main.o(.data)
    TIME_SYS                                 0x200000e0   Data           8  main.o(.data)
    ADRES_SENDER_CMD                         0x200000e8   Data           8  main.o(.data)
    LM_ID_CN                                 0x200000f0   Data           8  main.o(.data)
    POINTER_TEST_485_REQ                     0x200000f8   Data           8  main.o(.data)
    POINTER_TEST_485                         0x20000100   Data           8  main.o(.data)
    POINTER_TEST_SPI_REQ                     0x20000108   Data           8  main.o(.data)
    POINTER_TEST_SPI                         0x20000110   Data           8  main.o(.data)
    POINTER_TEST_JTAG_REQ                    0x20000118   Data           8  main.o(.data)
    POINTER_TEST_JTAG                        0x20000120   Data           8  main.o(.data)
    POINTER_ADR_COLLECT                      0x20000128   Data           8  main.o(.data)
    POINTER_MASTER_IP0_SETUP                 0x20000130   Data           8  main.o(.data)
    POINTER_SLAVE_IP0_SETUP                  0x20000138   Data           8  main.o(.data)
    POINTER_MASTER_IP1_SETUP                 0x20000140   Data           8  main.o(.data)
    POINTER_SLAVE_IP1_SETUP                  0x20000148   Data           8  main.o(.data)
    POINTER_DEST_MASTER_IP0_SETUP            0x20000150   Data           8  main.o(.data)
    POINTER_DEST_SLAVE_IP0_SETUP             0x20000158   Data           8  main.o(.data)
    POINTER_DEST_MASTER_IP1_SETUP            0x20000160   Data           8  main.o(.data)
    POINTER_DEST_SLAVE_IP1_SETUP             0x20000168   Data           8  main.o(.data)
    POINTER_ADR_REQ                          0x20000170   Data           8  main.o(.data)
    POINTER_ETHERNET_RERUN                   0x20000178   Data           8  main.o(.data)
    ADR_SLAVE                                0x20000180   Data           8  main.o(.data)
    EVENT_INT0                               0x20000188   Data           1  main.o(.data)
    EVENT_INT6                               0x20000189   Data           1  main.o(.data)
    FLAG_DMA_ADC                             0x2000018a   Data           1  main.o(.data)
    TIME_TEST                                0x2000018c   Data           4  main.o(.data)
    ID_CMD                                   0x20000190   Data           4  main.o(.data)
    flag_RX_UDP                              0x20000194   Data           1  w5200.o(.data)
    Enable_DHCP                              0x20000195   Data           1  w5200.o(.data)
    FLAG_UDP_INSTALL                         0x20000196   Data           1  w5200.o(.data)
    sch_tx_packet                            0x20000198   Data           2  w5200.o(.data)
    SERVER_DEST_PORT                         0x2000019a   Data           2  w5200.o(.data)
    Dest_PORT                                0x2000019c   Data           2  w5200.o(.data)
    txsize                                   0x2000019e   Data           2  w5200.o(.data)
    rxsize                                   0x200001a0   Data           2  w5200.o(.data)
    destport_UDP                             0x200001a2   Data           2  w5200.o(.data)
    FLAG_UDP_EVENT                           0x200001a4   Data           2  w5200.o(.data)
    windowfull_retry_cnt                     0x200001aa   Data           2  w5200.o(.data)
    TX_BUF_LENGTH                            0x200001ac   Data           4  w5200.o(.data)
    lsr_razmer                               0x200001b0   Data           4  w5200.o(.data)
    IP                                       0x200001b4   Data           4  w5200.o(.data)
    GateWay                                  0x200001b8   Data           4  w5200.o(.data)
    SubNet                                   0x200001bc   Data           4  w5200.o(.data)
    Dest_IP                                  0x200001c0   Data           4  w5200.o(.data)
    destip_UDP                               0x200001c4   Data           4  w5200.o(.data)
    Msg_uniq_id                              0x200001c8   Data           4  w5200.o(.data)
    my_time                                  0x200001cc   Data           4  w5200.o(.data)
    sch_packet_UDP_reciv                     0x200001d0   Data           4  w5200.o(.data)
    MAC                                      0x200001f0   Data           6  w5200.o(.data)
    Chconfig_Type_Def                        0x200001f6   Data           6  w5200.o(.data)
    jtag_dev_count                           0x200001fc   Data           4  jtag_scan.o(.data)
    uwTickFreq                               0x20000200   Data           1  stm32f4xx_hal.o(.data)
    uwTickPrio                               0x20000204   Data           4  stm32f4xx_hal.o(.data)
    uwTick                                   0x20000208   Data           4  stm32f4xx_hal.o(.data)
    SystemCoreClock                          0x2000020c   Data           4  system_stm32f4xx.o(.data)
    sConfigOC                                0x20000218   Data          28  main.o(.bss)
    hadc1                                    0x20000234   Data          72  main.o(.bss)
    hi2c1                                    0x2000027c   Data          84  main.o(.bss)
    hspi3                                    0x200002d0   Data          88  main.o(.bss)
    hspi4                                    0x20000328   Data          88  main.o(.bss)
    hspi5                                    0x20000380   Data          88  main.o(.bss)
    huart1                                   0x200003d8   Data          64  main.o(.bss)
    huart2                                   0x20000418   Data          64  main.o(.bss)
    htim4                                    0x20000458   Data          64  main.o(.bss)
    adcBuffer                                0x20000498   Data          10  main.o(.bss)
    adc_ch                                   0x200004a4   Data          48  main.o(.bss)
    text_buffer                              0x200004d4   Data        8192  main.o(.bss)
    rx_buffer1                               0x200024d4   Data          64  main.o(.bss)
    text_buffer2                             0x20002514   Data        1024  main.o(.bss)
    rx_buffer2                               0x20002914   Data          64  main.o(.bss)
    sr                                       0x20002954   Data         201  main.o(.bss)
    strng                                    0x20002a1d   Data          32  main.o(.bss)
    InOut                                    0x20002a3d   Data         201  main.o(.bss)
    Word                                     0x20002b06   Data          32  main.o(.bss)
    DATA_Word                                0x20002b26   Data         200  main.o(.bss)
    DATA_Word2                               0x20002bee   Data         200  main.o(.bss)
    LM1                                      0x20002cb8   Data          32  main.o(.bss)
    LM2                                      0x20002cd8   Data          32  main.o(.bss)
    LM3                                      0x20002cf8   Data          32  main.o(.bss)
    LM4                                      0x20002d18   Data          32  main.o(.bss)
    LM5                                      0x20002d38   Data          32  main.o(.bss)
    LM6                                      0x20002d58   Data          32  main.o(.bss)
    LM7                                      0x20002d78   Data          32  main.o(.bss)
    LM8                                      0x20002d98   Data          32  main.o(.bss)
    B330                                     0x20002db8   Data          48  main.o(.bss)
    PNT                                      0x20002de8   Data         128  main.o(.bss)
    INVOICE                                  0x20002e68   Data       11360  main.o(.bss)
    SERV1                                    0x20005ac8   Data        4136  main.o(.bss)
    ID_SERV1                                 0x20006af0   Data        1192  main.o(.bss)
    ADDR_SNDR                                0x20006f98   Data          24  main.o(.bss)
    Str                                      0x20006fb0   Data          10  main.o(.bss)
    DATA_TR                                  0x20006fba   Data          37  main.o(.bss)
    hdma_adc1                                0x20006fe0   Data          96  main.o(.bss)
    huart6                                   0x20007040   Data          64  main.o(.bss)
    hdma_usart1_tx                           0x20007080   Data          96  main.o(.bss)
    hdma_usart2_tx                           0x200070e0   Data          96  main.o(.bss)
    hdma_usart6_tx                           0x20007140   Data          96  main.o(.bss)
    FRM1                                     0x200071a0   Data       11360  main.o(.bss)
    TX_BUF                                   0x20009e00   Data        2048  w5200.o(.bss)
    RX_BUF                                   0x2000a600   Data        2048  w5200.o(.bss)
    Config_Msg                               0x2000ae00   Data          23  w5200.o(.bss)
    jtag_devs                                0x2000ae18   Data         660  jtag_scan.o(.bss)
    jtag_proc                                0x2000b0ac   Data          20  jtagtap.o(.bss)
    __initial_sp                             0x2000d0c0   Data           0  startup_stm32f411xe.o(STACK)



==============================================================================

Memory Map of the image

  Image Entry point : 0x08000199

  Load Region LR_IROM1 (Base: 0x08000000, Size: 0x0000da30, Max: 0x00080000, ABSOLUTE, COMPRESSED[0x0000d86c])

    Execution Region ER_IROM1 (Base: 0x08000000, Size: 0x0000d81c, Max: 0x00080000, ABSOLUTE)

    Base Addr    Size         Type   Attr      Idx    E Section Name        Object

    0x08000000   0x00000198   Data   RO            3    RESET               startup_stm32f411xe.o
    0x08000198   0x00000000   Code   RO         5476  * .ARM.Collect$$$$00000000  mc_w.l(entry.o)
    0x08000198   0x00000004   Code   RO         5827    .ARM.Collect$$$$00000001  mc_w.l(entry2.o)
    0x0800019c   0x00000004   Code   RO         5830    .ARM.Collect$$$$00000004  mc_w.l(entry5.o)
    0x080001a0   0x00000000   Code   RO         5832    .ARM.Collect$$$$00000008  mc_w.l(entry7b.o)
    0x080001a0   0x00000000   Code   RO         5834    .ARM.Collect$$$$0000000A  mc_w.l(entry8b.o)
    0x080001a0   0x00000008   Code   RO         5835    .ARM.Collect$$$$0000000B  mc_w.l(entry9a.o)
    0x080001a8   0x00000000   Code   RO         5837    .ARM.Collect$$$$0000000D  mc_w.l(entry10a.o)
    0x080001a8   0x00000000   Code   RO         5839    .ARM.Collect$$$$0000000F  mc_w.l(entry11a.o)
    0x080001a8   0x00000004   Code   RO         5828    .ARM.Collect$$$$00002712  mc_w.l(entry2.o)
    0x080001ac   0x00000024   Code   RO            4    .text               startup_stm32f411xe.o
    0x080001d0   0x00000062   Code   RO         5479    .text               mc_w.l(uldiv.o)
    0x08000232   0x00000020   Code   RO         5481    .text               mc_w.l(llushr.o)
    0x08000252   0x00000024   Code   RO         5485    .text               mc_w.l(memseta.o)
    0x08000276   0x00000018   Code   RO         5487    .text               mc_w.l(strcat.o)
    0x0800028e   0x0000000e   Code   RO         5489    .text               mc_w.l(strlen.o)
    0x0800029c   0x0000001c   Code   RO         5491    .text               mc_w.l(strcmp.o)
    0x080002b8   0x00000012   Code   RO         5493    .text               mc_w.l(strcpy.o)
    0x080002ca   0x0000001a   Code   RO         5756    .text               mc_w.l(atoi.o)
    0x080002e4   0x0000014e   Code   RO         5758    .text               mf_w.l(dadd.o)
    0x08000432   0x000000e4   Code   RO         5760    .text               mf_w.l(dmul.o)
    0x08000516   0x000000de   Code   RO         5762    .text               mf_w.l(ddiv.o)
    0x080005f4   0x00000022   Code   RO         5764    .text               mf_w.l(dflti.o)
    0x08000616   0x0000001a   Code   RO         5766    .text               mf_w.l(dfltui.o)
    0x08000630   0x00000026   Code   RO         5768    .text               mf_w.l(f2d.o)
    0x08000656   0x00000038   Code   RO         5770    .text               mf_w.l(d2f.o)
    0x0800068e   0x0000002c   Code   RO         5844    .text               mc_w.l(uidiv.o)
    0x080006ba   0x0000001e   Code   RO         5846    .text               mc_w.l(llshl.o)
    0x080006d8   0x00000024   Code   RO         5848    .text               mc_w.l(llsshr.o)
    0x080006fc   0x00000070   Code   RO         5857    .text               mc_w.l(strtol.o)
    0x0800076c   0x00000000   Code   RO         5859    .text               mc_w.l(iusefp.o)
    0x0800076c   0x0000006e   Code   RO         5860    .text               mf_w.l(fepilogue.o)
    0x080007da   0x000000ba   Code   RO         5862    .text               mf_w.l(depilogue.o)
    0x08000894   0x0000002e   Code   RO         5866    .text               mf_w.l(dscalb.o)
    0x080008c2   0x00000002   PAD
    0x080008c4   0x00000088   Code   RO         5868    .text               mf_w.l(drnd.o)
    0x0800094c   0x00000030   Code   RO         5870    .text               mf_w.l(dfixul.o)
    0x0800097c   0x00000030   Code   RO         5872    .text               mf_w.l(cdcmple.o)
    0x080009ac   0x00000030   Code   RO         5874    .text               mf_w.l(cdrcmple.o)
    0x080009dc   0x00000024   Code   RO         5878    .text               mc_w.l(init.o)
    0x08000a00   0x00000008   Code   RO         5881    .text               mc_w.l(ctype_o.o)
    0x08000a08   0x0000009e   Code   RO         5909    .text               mc_w.l(_strtoul.o)
    0x08000aa6   0x000000a2   Code   RO         5912    .text               mf_w.l(dsqrt.o)
    0x08000b48   0x0000001c   Code   RO         5914    .text               mc_w.l(_chval.o)
    0x08000b64   0x00000056   Code   RO         5924    .text               mc_w.l(__dczerorl2.o)
    0x08000bba   0x0000006e   Code   RO         1888    i.ADC_DMAConvCplt   stm32f4xx_hal_adc.o
    0x08000c28   0x00000016   Code   RO         1889    i.ADC_DMAError      stm32f4xx_hal_adc.o
    0x08000c3e   0x0000000a   Code   RO         1890    i.ADC_DMAHalfConvCplt  stm32f4xx_hal_adc.o
    0x08000c48   0x00000018   Code   RO          801    i.ADC_IRQHandler    stm32f4xx_it.o
    0x08000c60   0x00000128   Code   RO         1891    i.ADC_Init          stm32f4xx_hal_adc.o
    0x08000d88   0x00000048   Code   RO           13    i.ADC_Temp          main.o
    0x08000dd0   0x000001e0   Code   RO           14    i.ADC_test          main.o
    0x08000fb0   0x00000080   Code   RO         1046    i.ADR_FINDER        w5200.o
    0x08001030   0x00000094   Code   RO           15    i.ALARM_SYS_TEMP    main.o
    0x080010c4   0x00000018   Code   RO           16    i.ARRAY_DATA        main.o
    0x080010dc   0x000000c4   Code   RO           17    i.ARR_Z             main.o
    0x080011a0   0x000000d8   Code   RO           18    i.BP_start          main.o
    0x08001278   0x00000094   Code   RO           19    i.BUS_485_TEST      main.o
    0x0800130c   0x00000002   Code   RO          802    i.BusFault_Handler  stm32f4xx_it.o
    0x0800130e   0x00000002   PAD
    0x08001310   0x00000018   Code   RO           20    i.CMD_MAC_RECONF    main.o
    0x08001328   0x00000688   Code   RO           21    i.CMD_search        main.o
    0x080019b0   0x00000050   Code   RO           22    i.CONTROL_POK       main.o
    0x08001a00   0x00000400   Code   RO           23    i.CONTROL_SYS       main.o
    0x08001e00   0x0000004c   Code   RO           24    i.CONTROL_T1HZ_MK   main.o
    0x08001e4c   0x000005ec   Code   RO           25    i.DISPATCHER        main.o
    0x08002438   0x00000014   Code   RO          803    i.DMA1_Stream6_IRQHandler  stm32f4xx_it.o
    0x0800244c   0x0000000c   Code   RO          804    i.DMA2_Stream0_IRQHandler  stm32f4xx_it.o
    0x08002458   0x0000000c   Code   RO          805    i.DMA2_Stream6_IRQHandler  stm32f4xx_it.o
    0x08002464   0x00000014   Code   RO          806    i.DMA2_Stream7_IRQHandler  stm32f4xx_it.o
    0x08002478   0x00000028   Code   RO         4715    i.DMA_CalcBaseAndBitshift  stm32f4xx_hal_dma.o
    0x080024a0   0x00000054   Code   RO         4716    i.DMA_CheckFifoParam  stm32f4xx_hal_dma.o
    0x080024f4   0x00000028   Code   RO         4717    i.DMA_SetConfig     stm32f4xx_hal_dma.o
    0x0800251c   0x0000004c   Code   RO           27    i.DS4520_read       main.o
    0x08002568   0x00000002   Code   RO          807    i.DebugMon_Handler  stm32f4xx_it.o
    0x0800256a   0x00000002   PAD
    0x0800256c   0x00000010   Code   RO           28    i.Delay             main.o
    0x0800257c   0x0000000e   Code   RO         1047    i.Delay_ms          w5200.o
    0x0800258a   0x00000002   PAD
    0x0800258c   0x00000080   Code   RO         1049    i.ERROR_CMD_MSG     w5200.o
    0x0800260c   0x00000014   Code   RO          808    i.EXTI0_IRQHandler  stm32f4xx_it.o
    0x08002620   0x00000014   Code   RO          809    i.EXTI1_IRQHandler  stm32f4xx_it.o
    0x08002634   0x00000014   Code   RO          810    i.EXTI3_IRQHandler  stm32f4xx_it.o
    0x08002648   0x00000014   Code   RO          811    i.EXTI9_5_IRQHandler  stm32f4xx_it.o
    0x0800265c   0x00000002   Code   RO           29    i.Error_Handler     main.o
    0x0800265e   0x00000002   PAD
    0x08002660   0x00000038   Code   RO         1793    i.Exit1_IR          jtag_my.o
    0x08002698   0x00000012   Code   RO           30    i.FLAG_DWN          main.o
    0x080026aa   0x00000002   PAD
    0x080026ac   0x0000021c   Code   RO           31    i.FPGA_rSPI         main.o
    0x080028c8   0x0000013c   Code   RO           32    i.FPGA_wSPI         main.o
    0x08002a04   0x00000280   Code   RO         1050    i.FRAME_DECODE      w5200.o
    0x08002c84   0x00000020   Code   RO           33    i.FTIME_OF_WORK     main.o
    0x08002ca4   0x00000078   Code   RO           34    i.FUNC_FLAG_UP      main.o
    0x08002d1c   0x00000058   Code   RO         1794    i.GET_DATA          jtag_my.o
    0x08002d74   0x00000002   Code   RO         2062    i.HAL_ADCEx_InjectedConvCpltCallback  stm32f4xx_hal_adc_ex.o
    0x08002d76   0x00000002   PAD
    0x08002d78   0x00000164   Code   RO         1893    i.HAL_ADC_ConfigChannel  stm32f4xx_hal_adc.o
    0x08002edc   0x00000010   Code   RO           35    i.HAL_ADC_ConvCpltCallback  main.o
    0x08002eec   0x00000002   Code   RO         1895    i.HAL_ADC_ConvHalfCpltCallback  stm32f4xx_hal_adc.o
    0x08002eee   0x00000002   Code   RO         1897    i.HAL_ADC_ErrorCallback  stm32f4xx_hal_adc.o
    0x08002ef0   0x0000013c   Code   RO         1901    i.HAL_ADC_IRQHandler  stm32f4xx_hal_adc.o
    0x0800302c   0x00000054   Code   RO         1902    i.HAL_ADC_Init      stm32f4xx_hal_adc.o
    0x08003080   0x00000002   Code   RO         1903    i.HAL_ADC_LevelOutOfWindowCallback  stm32f4xx_hal_adc.o
    0x08003082   0x00000002   PAD
    0x08003084   0x000000a4   Code   RO          956    i.HAL_ADC_MspInit   stm32f4xx_hal_msp.o
    0x08003128   0x00000104   Code   RO         1909    i.HAL_ADC_Start_DMA  stm32f4xx_hal_adc.o
    0x0800322c   0x00000024   Code   RO         4719    i.HAL_DMA_Abort_IT  stm32f4xx_hal_dma.o
    0x08003250   0x000001a0   Code   RO         4723    i.HAL_DMA_IRQHandler  stm32f4xx_hal_dma.o
    0x080033f0   0x000000d4   Code   RO         4724    i.HAL_DMA_Init      stm32f4xx_hal_dma.o
    0x080034c4   0x00000078   Code   RO         4728    i.HAL_DMA_Start_IT  stm32f4xx_hal_dma.o
    0x0800353c   0x000000f4   Code   RO         4608    i.HAL_GPIO_DeInit   stm32f4xx_hal_gpio.o
    0x08003630   0x00000002   Code   RO         4609    i.HAL_GPIO_EXTI_Callback  stm32f4xx_hal_gpio.o
    0x08003632   0x00000002   PAD
    0x08003634   0x00000018   Code   RO         4610    i.HAL_GPIO_EXTI_IRQHandler  stm32f4xx_hal_gpio.o
    0x0800364c   0x00000194   Code   RO         4611    i.HAL_GPIO_Init     stm32f4xx_hal_gpio.o
    0x080037e0   0x0000000a   Code   RO         4613    i.HAL_GPIO_ReadPin  stm32f4xx_hal_gpio.o
    0x080037ea   0x0000000a   Code   RO         4615    i.HAL_GPIO_WritePin  stm32f4xx_hal_gpio.o
    0x080037f4   0x0000000c   Code   RO         5167    i.HAL_GetTick       stm32f4xx_hal.o
    0x08003800   0x00000032   Code   RO         2165    i.HAL_I2C_DeInit    stm32f4xx_hal_i2c.o
    0x08003832   0x00000002   PAD
    0x08003834   0x00000188   Code   RO         2174    i.HAL_I2C_Init      stm32f4xx_hal_i2c.o
    0x080039bc   0x0000016c   Code   RO         2175    i.HAL_I2C_IsDeviceReady  stm32f4xx_hal_i2c.o
    0x08003b28   0x000001e0   Code   RO         2180    i.HAL_I2C_Master_Receive  stm32f4xx_hal_i2c.o
    0x08003d08   0x00000288   Code   RO         2183    i.HAL_I2C_Master_SMBA_block_recieve  stm32f4xx_hal_i2c.o
    0x08003f90   0x0000012c   Code   RO         2188    i.HAL_I2C_Master_Transmit  stm32f4xx_hal_i2c.o
    0x080040bc   0x00000028   Code   RO          957    i.HAL_I2C_MspDeInit  stm32f4xx_hal_msp.o
    0x080040e4   0x00000068   Code   RO          958    i.HAL_I2C_MspInit   stm32f4xx_hal_msp.o
    0x0800414c   0x00000010   Code   RO         5173    i.HAL_IncTick       stm32f4xx_hal.o
    0x0800415c   0x00000034   Code   RO         5174    i.HAL_Init          stm32f4xx_hal.o
    0x08004190   0x00000040   Code   RO         5175    i.HAL_InitTick      stm32f4xx_hal.o
    0x080041d0   0x00000030   Code   RO          959    i.HAL_MspInit       stm32f4xx_hal_msp.o
    0x08004200   0x0000001a   Code   RO         5024    i.HAL_NVIC_EnableIRQ  stm32f4xx_hal_cortex.o
    0x0800421a   0x00000002   PAD
    0x0800421c   0x00000040   Code   RO         5030    i.HAL_NVIC_SetPriority  stm32f4xx_hal_cortex.o
    0x0800425c   0x00000024   Code   RO         5031    i.HAL_NVIC_SetPriorityGrouping  stm32f4xx_hal_cortex.o
    0x08004280   0x00000130   Code   RO         4203    i.HAL_RCC_ClockConfig  stm32f4xx_hal_rcc.o
    0x080043b0   0x0000000c   Code   RO         4208    i.HAL_RCC_GetHCLKFreq  stm32f4xx_hal_rcc.o
    0x080043bc   0x00000020   Code   RO         4210    i.HAL_RCC_GetPCLK1Freq  stm32f4xx_hal_rcc.o
    0x080043dc   0x00000020   Code   RO         4211    i.HAL_RCC_GetPCLK2Freq  stm32f4xx_hal_rcc.o
    0x080043fc   0x0000004c   Code   RO         4212    i.HAL_RCC_GetSysClockFreq  stm32f4xx_hal_rcc.o
    0x08004448   0x00000314   Code   RO         4215    i.HAL_RCC_OscConfig  stm32f4xx_hal_rcc.o
    0x0800475c   0x00000080   Code   RO         2637    i.HAL_SPI_Init      stm32f4xx_hal_spi.o
    0x080047dc   0x00000154   Code   RO          961    i.HAL_SPI_MspInit   stm32f4xx_hal_msp.o
    0x08004930   0x000001da   Code   RO         2646    i.HAL_SPI_TransmitReceive  stm32f4xx_hal_spi.o
    0x08004b0a   0x00000018   Code   RO         5033    i.HAL_SYSTICK_CLKSourceConfig  stm32f4xx_hal_cortex.o
    0x08004b22   0x00000028   Code   RO         5035    i.HAL_SYSTICK_Config  stm32f4xx_hal_cortex.o
    0x08004b4a   0x00000002   Code   RO         3625    i.HAL_TIMEx_BreakCallback  stm32f4xx_hal_tim_ex.o
    0x08004b4c   0x00000002   Code   RO         3626    i.HAL_TIMEx_CommutCallback  stm32f4xx_hal_tim_ex.o
    0x08004b4e   0x00000002   Code   RO         2979    i.HAL_TIM_IC_CaptureCallback  stm32f4xx_hal_tim.o
    0x08004b50   0x00000166   Code   RO         2993    i.HAL_TIM_IRQHandler  stm32f4xx_hal_tim.o
    0x08004cb6   0x00000002   Code   RO         2996    i.HAL_TIM_OC_DelayElapsedCallback  stm32f4xx_hal_tim.o
    0x08004cb8   0x00000002   Code   RO         3023    i.HAL_TIM_PWM_PulseFinishedCallback  stm32f4xx_hal_tim.o
    0x08004cba   0x00000002   Code   RO         3031    i.HAL_TIM_PeriodElapsedCallback  stm32f4xx_hal_tim.o
    0x08004cbc   0x00000002   Code   RO         3036    i.HAL_TIM_TriggerCallback  stm32f4xx_hal_tim.o
    0x08004cbe   0x00000002   Code   RO         3897    i.HAL_UART_ErrorCallback  stm32f4xx_hal_uart.o
    0x08004cc0   0x0000000a   Code   RO         3899    i.HAL_UART_GetState  stm32f4xx_hal_uart.o
    0x08004cca   0x00000002   PAD
    0x08004ccc   0x00000110   Code   RO         3900    i.HAL_UART_IRQHandler  stm32f4xx_hal_uart.o
    0x08004ddc   0x00000062   Code   RO         3901    i.HAL_UART_Init     stm32f4xx_hal_uart.o
    0x08004e3e   0x00000002   PAD
    0x08004e40   0x00000210   Code   RO          966    i.HAL_UART_MspInit  stm32f4xx_hal_msp.o
    0x08005050   0x00000052   Code   RO         3906    i.HAL_UART_Receive_IT  stm32f4xx_hal_uart.o
    0x080050a2   0x00000002   PAD
    0x080050a4   0x00000048   Code   RO           36    i.HAL_UART_RxCpltCallback  main.o
    0x080050ec   0x00000080   Code   RO         3910    i.HAL_UART_Transmit_DMA  stm32f4xx_hal_uart.o
    0x0800516c   0x00000002   Code   RO         3912    i.HAL_UART_TxCpltCallback  stm32f4xx_hal_uart.o
    0x0800516e   0x00000002   Code   RO         3913    i.HAL_UART_TxHalfCpltCallback  stm32f4xx_hal_uart.o
    0x08005170   0x00000002   Code   RO          812    i.HardFault_Handler  stm32f4xx_it.o
    0x08005172   0x0000002e   Code   RO         2217    i.I2C_IsAcknowledgeFailed  stm32f4xx_hal_i2c.o
    0x080051a0   0x000000ec   Code   RO         2220    i.I2C_MasterRequestRead  stm32f4xx_hal_i2c.o
    0x0800528c   0x0000009c   Code   RO         2221    i.I2C_MasterRequestWrite  stm32f4xx_hal_i2c.o
    0x08005328   0x0000004c   Code   RO         2231    i.I2C_WaitOnBTFFlagUntilTimeout  stm32f4xx_hal_i2c.o
    0x08005374   0x00000068   Code   RO         2232    i.I2C_WaitOnFlagUntilTimeout  stm32f4xx_hal_i2c.o
    0x080053dc   0x00000098   Code   RO         2233    i.I2C_WaitOnMasterAddressFlagUntilTimeout  stm32f4xx_hal_i2c.o
    0x08005474   0x0000006a   Code   RO         2234    i.I2C_WaitOnRXNEFlagUntilTimeout  stm32f4xx_hal_i2c.o
    0x080054de   0x0000004c   Code   RO         2235    i.I2C_WaitOnTXEFlagUntilTimeout  stm32f4xx_hal_i2c.o
    0x0800552a   0x00000002   PAD
    0x0800552c   0x0000009c   Code   RO         1795    i.ID_recive         jtag_my.o
    0x080055c8   0x00000010   Code   RO         1051    i.IINCHIP_CSoff     w5200.o
    0x080055d8   0x00000010   Code   RO         1052    i.IINCHIP_CSon      w5200.o
    0x080055e8   0x00000030   Code   RO         1053    i.IINCHIP_READ      w5200.o
    0x08005618   0x00000004   Code   RO         1054    i.IINCHIP_SpiSendData  w5200.o
    0x0800561c   0x00000030   Code   RO         1055    i.IINCHIP_WRITE     w5200.o
    0x0800564c   0x0000006e   Code   RO         1056    i.INIT_SERV_ARCHIV  w5200.o
    0x080056ba   0x00000002   PAD
    0x080056bc   0x0000105c   Code   RO           37    i.IO                main.o
    0x08006718   0x0000007c   Code   RO         1796    i.JTAG_SCAN         jtag_my.o
    0x08006794   0x000000c0   Code   RO           38    i.LED               main.o
    0x08006854   0x00000074   Code   RO           39    i.LED_CONTROL       main.o
    0x080068c8   0x00000124   Code   RO           40    i.LM_MFR_ID         main.o
    0x080069ec   0x00000124   Code   RO           41    i.LM_MFR_MODEL      main.o
    0x08006b10   0x000000dc   Code   RO           42    i.LM_TEMP           main.o
    0x08006bec   0x000000f8   Code   RO           44    i.LM_in_i           main.o
    0x08006ce4   0x000000f4   Code   RO           45    i.LM_in_p           main.o
    0x08006dd8   0x000000f8   Code   RO           46    i.LM_v              main.o
    0x08006ed0   0x00000058   Code   RO           47    i.MSG_SEND_UDP      main.o
    0x08006f28   0x000000b4   Code   RO         1057    i.MSG_SHOW          w5200.o
    0x08006fdc   0x00000090   Code   RO           48    i.MX_ADC1_Init      main.o
    0x0800706c   0x0000006c   Code   RO           49    i.MX_DMA_Init       main.o
    0x080070d8   0x0000015c   Code   RO           50    i.MX_GPIO_Init      main.o
    0x08007234   0x00000038   Code   RO           51    i.MX_SPI4_Init      main.o
    0x0800726c   0x00000038   Code   RO           52    i.MX_SPI5_Init      main.o
    0x080072a4   0x00000002   Code   RO          813    i.MemManage_Handler  stm32f4xx_it.o
    0x080072a6   0x00000002   PAD
    0x080072a8   0x000003e0   Code   RO           53    i.Menu1             main.o
    0x08007688   0x00000002   Code   RO          814    i.NMI_Handler       stm32f4xx_it.o
    0x0800768a   0x00000002   PAD
    0x0800768c   0x0000005c   Code   RO           55    i.PRINT_SERV        main.o
    0x080076e8   0x0000009c   Code   RO           58    i.PWR_072           main.o
    0x08007784   0x00000002   Code   RO          815    i.PendSV_Handler    stm32f4xx_it.o
    0x08007786   0x00000002   PAD
    0x08007788   0x00000100   Code   RO         1058    i.RECEIVE_udp       w5200.o
    0x08007888   0x00000088   Code   RO           59    i.REQ_VERSIYA       main.o
    0x08007910   0x00000048   Code   RO         1798    i.RUN_TEST_IDLE     jtag_my.o
    0x08007958   0x00000094   Code   RO         1799    i.SCAN_N            jtag_my.o
    0x080079ec   0x00000050   Code   RO         1059    i.SEND_UDP_MSG      w5200.o
    0x08007a3c   0x00000104   Code   RO         1060    i.SEND_udp          w5200.o
    0x08007b40   0x0000002a   Code   RO         1061    i.SERV_ID_DEL       w5200.o
    0x08007b6a   0x00000002   PAD
    0x08007b6c   0x00000158   Code   RO         1062    i.SERV_ID_WR        w5200.o
    0x08007cc4   0x0000001c   Code   RO         1063    i.SERV_WR           w5200.o
    0x08007ce0   0x00000094   Code   RO           60    i.SETUP_DEST_IP0_072  main.o
    0x08007d74   0x00000094   Code   RO           61    i.SETUP_DEST_IP1_072  main.o
    0x08007e08   0x00000094   Code   RO           62    i.SETUP_IP0_072     main.o
    0x08007e9c   0x00000094   Code   RO           63    i.SETUP_IP1_072     main.o
    0x08007f30   0x00000060   Code   RO           64    i.SLAVE_COUNT       main.o
    0x08007f90   0x00000012   Code   RO           65    i.SPI_BP_READ       main.o
    0x08007fa2   0x00000012   Code   RO           66    i.SPI_BP_WRITE      main.o
    0x08007fb4   0x00000058   Code   RO         2675    i.SPI_EndRxTxTransaction  stm32f4xx_hal_spi.o
    0x0800800c   0x00000094   Code   RO         2680    i.SPI_WaitFlagStateUntilTimeout  stm32f4xx_hal_spi.o
    0x080080a0   0x000000d0   Code   RO         1064    i.STATUS_ID         w5200.o
    0x08008170   0x00000002   Code   RO          816    i.SVC_Handler       stm32f4xx_it.o
    0x08008172   0x00000002   PAD
    0x08008174   0x000000a4   Code   RO         1065    i.SYS_CMD_MSG       w5200.o
    0x08008218   0x000002b4   Code   RO           67    i.SYS_INFO          main.o
    0x080084cc   0x00000528   Code   RO           68    i.SYS_INFO_SEND_UDP  main.o
    0x080089f4   0x000002e0   Code   RO         1066    i.Set_network       w5200.o
    0x08008cd4   0x00000098   Code   RO         1800    i.Shift_DR          jtag_my.o
    0x08008d6c   0x000000b8   Code   RO         1801    i.Shift_IR          jtag_my.o
    0x08008e24   0x000000c8   Code   RO          817    i.SysTick_Handler   stm32f4xx_it.o
    0x08008eec   0x000000a4   Code   RO           69    i.SystemClock_Config  main.o
    0x08008f90   0x00000054   Code   RO         5410    i.SystemInit        system_stm32f4xx.o
    0x08008fe4   0x00000064   Code   RO           70    i.TCA_WR            main.o
    0x08009048   0x0000000c   Code   RO          818    i.TIM4_IRQHandler   stm32f4xx_it.o
    0x08009054   0x00000040   Code   RO         1802    i.TLR               jtag_my.o
    0x08009094   0x0000004c   Code   RO         1513    i.TST               adiv5_jtagdp.o
    0x080090e0   0x0000032c   Code   RO         1067    i.TX_MSG_BUFF       w5200.o
    0x0800940c   0x00000048   Code   RO           72    i.Transf            main.o
    0x08009454   0x00000044   Code   RO           73    i.Transf2           main.o
    0x08009498   0x0000002c   Code   RO           74    i.UART_CNTR         main.o
    0x080094c4   0x00000010   Code   RO         3914    i.UART_DMAAbortOnError  stm32f4xx_hal_uart.o
    0x080094d4   0x0000004a   Code   RO         3915    i.UART_DMAError     stm32f4xx_hal_uart.o
    0x0800951e   0x0000002e   Code   RO         3920    i.UART_DMATransmitCplt  stm32f4xx_hal_uart.o
    0x0800954c   0x0000000a   Code   RO         3922    i.UART_DMATxHalfCplt  stm32f4xx_hal_uart.o
    0x08009556   0x00000002   PAD
    0x08009558   0x00000044   Code   RO           75    i.UART_DMA_TX       main.o
    0x0800959c   0x00000060   Code   RO           76    i.UART_DMA_TX2      main.o
    0x080095fc   0x0000001c   Code   RO         3924    i.UART_EndRxTransfer  stm32f4xx_hal_uart.o
    0x08009618   0x00000012   Code   RO         3925    i.UART_EndTxTransfer  stm32f4xx_hal_uart.o
    0x0800962a   0x00000096   Code   RO         3926    i.UART_Receive_IT   stm32f4xx_hal_uart.o
    0x080096c0   0x000002ac   Code   RO         3927    i.UART_SetConfig    stm32f4xx_hal_uart.o
    0x0800996c   0x00000062   Code   RO         3928    i.UART_Transmit_IT  stm32f4xx_hal_uart.o
    0x080099ce   0x00000002   PAD
    0x080099d0   0x00000050   Code   RO           78    i.UART_conrol       main.o
    0x08009a20   0x0000000c   Code   RO          819    i.USART1_IRQHandler  stm32f4xx_it.o
    0x08009a2c   0x0000000c   Code   RO          820    i.USART2_IRQHandler  stm32f4xx_it.o
    0x08009a38   0x0000000c   Code   RO          821    i.USART6_IRQHandler  stm32f4xx_it.o
    0x08009a44   0x00000038   Code   RO         1804    i.Update_IR         jtag_my.o
    0x08009a7c   0x00000002   Code   RO          822    i.UsageFault_Handler  stm32f4xx_it.o
    0x08009a7e   0x00000002   PAD
    0x08009a80   0x00000028   Code   RO           79    i.WATCH_DOG         main.o
    0x08009aa8   0x00000028   Code   RO         5730    i.__0sprintf        mc_w.l(printfa.o)
    0x08009ad0   0x00000030   Code   RO         5794    i.__ARM_fpclassify  m_wm.l(fpclassify.o)
    0x08009b00   0x00000026   Code   RO         5796    i.__ARM_fpclassifyf  m_wm.l(fpclassifyf.o)
    0x08009b26   0x00000020   Code   RO         5037    i.__NVIC_SetPriority  stm32f4xx_hal_cortex.o
    0x08009b46   0x00000002   PAD
    0x08009b48   0x00000008   Code   RO         5850    i.__aeabi_errno_addr  mc_w.l(errno.o)
    0x08009b50   0x00000c38   Code   RO         5444    i.__hardfp_pow      m_wm.l(pow.o)
    0x0800a788   0x0000060c   Code   RO         5458    i.__hardfp_powf     m_wm.l(powf.o)
    0x0800ad94   0x00000004   PAD
    0x0800ad98   0x000000e0   Code   RO         5472    i.__hardfp_round    m_wm.l(round.o)
    0x0800ae78   0x000000f8   Code   RO         5812    i.__kernel_poly     m_wm.l(poly.o)
    0x0800af70   0x00000030   Code   RO         5774    i.__mathlib_dbl_divzero  m_wm.l(dunder.o)
    0x0800afa0   0x00000014   Code   RO         5776    i.__mathlib_dbl_infnan2  m_wm.l(dunder.o)
    0x0800afb4   0x00000004   PAD
    0x0800afb8   0x00000020   Code   RO         5777    i.__mathlib_dbl_invalid  m_wm.l(dunder.o)
    0x0800afd8   0x00000020   Code   RO         5778    i.__mathlib_dbl_overflow  m_wm.l(dunder.o)
    0x0800aff8   0x00000020   Code   RO         5780    i.__mathlib_dbl_underflow  m_wm.l(dunder.o)
    0x0800b018   0x00000014   Code   RO         5798    i.__mathlib_flt_divzero  m_wm.l(funder.o)
    0x0800b02c   0x00000006   Code   RO         5800    i.__mathlib_flt_infnan2  m_wm.l(funder.o)
    0x0800b032   0x00000002   PAD
    0x0800b034   0x00000010   Code   RO         5801    i.__mathlib_flt_invalid  m_wm.l(funder.o)
    0x0800b044   0x00000010   Code   RO         5802    i.__mathlib_flt_overflow  m_wm.l(funder.o)
    0x0800b054   0x00000010   Code   RO         5804    i.__mathlib_flt_underflow  m_wm.l(funder.o)
    0x0800b064   0x0000000e   Code   RO         5918    i.__scatterload_copy  mc_w.l(handlers.o)
    0x0800b072   0x00000002   Code   RO         5919    i.__scatterload_null  mc_w.l(handlers.o)
    0x0800b074   0x0000000e   Code   RO         5920    i.__scatterload_zeroinit  mc_w.l(handlers.o)
    0x0800b082   0x00000002   PAD
    0x0800b084   0x0000000c   Code   RO         5852    i.__set_errno       mc_w.l(errno.o)
    0x0800b090   0x00000164   Code   RO         5735    i._fp_digits        mc_w.l(printfa.o)
    0x0800b1f4   0x000006dc   Code   RO         5736    i._printf_core      mc_w.l(printfa.o)
    0x0800b8d0   0x00000024   Code   RO         5737    i._printf_post_padding  mc_w.l(printfa.o)
    0x0800b8f4   0x0000002e   Code   RO         5738    i._printf_pre_padding  mc_w.l(printfa.o)
    0x0800b922   0x0000000a   Code   RO         5740    i._sputc            mc_w.l(printfa.o)
    0x0800b92c   0x00000024   Code   RO           80    i.answer_translated  main.o
    0x0800b950   0x00000026   Code   RO         1068    i.clearSUBR         w5200.o
    0x0800b976   0x00000002   PAD
    0x0800b978   0x00000050   Code   RO         1069    i.close             w5200.o
    0x0800b9c8   0x0000004c   Code   RO           83    i.f_out             main.o
    0x0800ba14   0x00000018   Code   RO         5790    i.fabs              m_wm.l(fabs.o)
    0x0800ba2c   0x00000068   Code   RO         1515    i.fw_adiv5_jtagdp_low_access  adiv5_jtagdp.o
    0x0800ba94   0x0000001e   Code   RO         1516    i.fw_adiv5_jtagdp_read  adiv5_jtagdp.o
    0x0800bab2   0x00000026   Code   RO         1072    i.getGAR            w5200.o
    0x0800bad8   0x00000026   Code   RO         1082    i.getSIPR           w5200.o
    0x0800bafe   0x00000002   PAD
    0x0800bb00   0x00000018   Code   RO         1083    i.getSUBR           w5200.o
    0x0800bb18   0x0000004a   Code   RO         1085    i.getSn_RX_RSR      w5200.o
    0x0800bb62   0x0000000e   Code   RO         1086    i.getSn_SR          w5200.o
    0x0800bb70   0x00000030   Code   RO           84    i.getchar1          main.o
    0x0800bba0   0x00000030   Code   RO         1639    i.gpio_clear        jtagtap.o
    0x0800bbd0   0x0000002c   Code   RO         1641    i.gpio_set          jtagtap.o
    0x0800bbfc   0x00000010   Code   RO           89    i.idx_srv           main.o
    0x0800bc0c   0x00000020   Code   RO         1088    i.iinchip_init      w5200.o
    0x0800bc2c   0x0000006c   Code   RO         1591    i.jtag_dev_shift_dr  jtag_scan.o
    0x0800bc98   0x00000078   Code   RO         1592    i.jtag_dev_write_ir  jtag_scan.o
    0x0800bd10   0x00000574   Code   RO         1593    i.jtag_scan         jtag_scan.o
    0x0800c284   0x0000003c   Code   RO         1642    i.jtagtap_init      jtagtap.o
    0x0800c2c0   0x00000058   Code   RO         1643    i.jtagtap_next      jtagtap.o
    0x0800c318   0x00000010   Code   RO         1644    i.jtagtap_reset     jtagtap.o
    0x0800c328   0x00000060   Code   RO         1645    i.jtagtap_tdi_seq   jtagtap.o
    0x0800c388   0x000000c8   Code   RO         1646    i.jtagtap_tdi_tdo_seq  jtagtap.o
    0x0800c450   0x00000046   Code   RO         1647    i.jtagtap_tms_seq   jtagtap.o
    0x0800c496   0x00000016   Code   RO           93    i.leng              main.o
    0x0800c4ac   0x00000318   Code   RO           94    i.main              main.o
    0x0800c7c4   0x00000088   Code   RO           96    i.okrug             main.o
    0x0800c84c   0x0000005c   Code   RO         1094    i.read_data         w5200.o
    0x0800c8a8   0x0000015e   Code   RO         1097    i.recvfrom          w5200.o
    0x0800ca06   0x00000002   PAD
    0x0800ca08   0x00000024   Code   RO           97    i.req_col           main.o
    0x0800ca2c   0x00000018   Code   RO         1098    i.saveSUBR          w5200.o
    0x0800ca44   0x00000054   Code   RO         1101    i.send_data_processing  w5200.o
    0x0800ca98   0x000000fc   Code   RO         1102    i.sendto            w5200.o
    0x0800cb94   0x00000028   Code   RO         1103    i.setGAR            w5200.o
    0x0800cbbc   0x00000020   Code   RO         1105    i.setMR             w5200.o
    0x0800cbdc   0x00000008   Code   RO         1106    i.setRCR            w5200.o
    0x0800cbe4   0x00000018   Code   RO         1107    i.setRTR            w5200.o
    0x0800cbfc   0x00000038   Code   RO         1108    i.setSHAR           w5200.o
    0x0800cc34   0x00000028   Code   RO         1109    i.setSIPR           w5200.o
    0x0800cc5c   0x0000002c   Code   RO         1110    i.setSUBR           w5200.o
    0x0800cc88   0x000000b4   Code   RO         1114    i.socket            w5200.o
    0x0800cd3c   0x00000024   Code   RO           99    i.spi4send8         main.o
    0x0800cd60   0x00000024   Code   RO          100    i.spi5send8         main.o
    0x0800cd84   0x0000006e   Code   RO         5817    i.sqrt              m_wm.l(sqrt.o)
    0x0800cdf2   0x00000002   PAD
    0x0800cdf4   0x00000170   Code   RO         1115    i.sysinit           w5200.o
    0x0800cf64   0x00000030   Code   RO          104    i.u_out             main.o
    0x0800cf94   0x0000003c   Code   RO          105    i.un64_out          main.o
    0x0800cfd0   0x00000024   Code   RO          106    i.un_out            main.o
    0x0800cff4   0x00000018   Code   RO         1117    i.wait_10ms         w5200.o
    0x0800d00c   0x00000046   Code   RO         1118    i.wiz_read_buf      w5200.o
    0x0800d052   0x00000050   Code   RO         1119    i.wiz_write_buf     w5200.o
    0x0800d0a2   0x00000002   PAD
    0x0800d0a4   0x0000005c   Code   RO         1120    i.write_data        w5200.o
    0x0800d100   0x00000030   Code   RO          108    i.x_out             main.o
    0x0800d130   0x00000024   Code   RO          109    i.xn_out            main.o
    0x0800d154   0x00000070   Code   RO          110    i.xun_out           main.o
    0x0800d1c4   0x00000009   Data   RO         1595    .constdata          jtag_scan.o
    0x0800d1cd   0x00000003   PAD
    0x0800d1d0   0x00000130   Data   RO         1725    .constdata          jtag_devs.o
    0x0800d300   0x00000008   Data   RO         4730    .constdata          stm32f4xx_hal_dma.o
    0x0800d308   0x00000010   Data   RO         5411    .constdata          system_stm32f4xx.o
    0x0800d318   0x00000008   Data   RO         5412    .constdata          system_stm32f4xx.o
    0x0800d320   0x00000088   Data   RO         5447    .constdata          m_wm.l(pow.o)
    0x0800d3a8   0x00000140   Data   RO         5461    .constdata          m_wm.l(powf.o)
    0x0800d4e8   0x00000008   Data   RO         5814    .constdata          m_wm.l(qnan.o)
    0x0800d4f0   0x00000081   Data   RO         5882    .constdata          mc_w.l(ctype_o.o)
    0x0800d571   0x00000003   PAD
    0x0800d574   0x00000004   Data   RO         5883    .constdata          mc_w.l(ctype_o.o)
    0x0800d578   0x00000048   Data   RO         1596    .conststring        jtag_scan.o
    0x0800d5c0   0x0000023c   Data   RO         1726    .conststring        jtag_devs.o
    0x0800d7fc   0x00000020   Data   RO         5916    Region$$Table       anon$$obj.o


    Execution Region RW_IRAM1 (Base: 0x20000000, Size: 0x0000d0c0, Max: 0x00020000, ABSOLUTE, COMPRESSED[0x00000050])

    Base Addr    Size         Type   Attr      Idx    E Section Name        Object

    0x20000000   0x00000188   Data   RW          125    .data               main.o
    0x20000188   0x00000001   Data   RW          126    .data               main.o
    0x20000189   0x00000001   Data   RW          130    .data               main.o
    0x2000018a   0x00000001   Data   RW          132    .data               main.o
    0x2000018b   0x00000001   PAD
    0x2000018c   0x00000004   Data   RW          133    .data               main.o
    0x20000190   0x00000004   Data   RW          134    .data               main.o
    0x20000194   0x00000068   Data   RW         1125    .data               w5200.o
    0x200001fc   0x00000004   Data   RW         1597    .data               jtag_scan.o
    0x20000200   0x0000000c   Data   RW         5181    .data               stm32f4xx_hal.o
    0x2000020c   0x00000004   Data   RW         5413    .data               system_stm32f4xx.o
    0x20000210   0x00000004   Data   RW         5853    .data               mc_w.l(errno.o)
    0x20000214   0x00000004   PAD
    0x20000218   0x00006dc7   Zero   RW          112    .bss                main.o
    0x20006fdf   0x00000001   PAD
    0x20006fe0   0x00000060   Zero   RW          113    .bss                main.o
    0x20007040   0x00000040   Zero   RW          115    .bss                main.o
    0x20007080   0x00000060   Zero   RW          116    .bss                main.o
    0x200070e0   0x00000060   Zero   RW          117    .bss                main.o
    0x20007140   0x00000060   Zero   RW          118    .bss                main.o
    0x200071a0   0x00002c60   Zero   RW          122    .bss                main.o
    0x20009e00   0x00001017   Zero   RW         1122    .bss                w5200.o
    0x2000ae17   0x00000001   PAD
    0x2000ae18   0x00000294   Zero   RW         1594    .bss                jtag_scan.o
    0x2000b0ac   0x00000014   Zero   RW         1648    .bss                jtagtap.o
    0x2000b0c0   0x00002000   Zero   RW            1    STACK               startup_stm32f411xe.o


==============================================================================

Image component sizes


      Code (inc. data)   RO Data    RW Data    ZI Data      Debug   Object Name

       210         20          0          0          0       6939   adiv5_jtagdp.o
         0          0        876          0          0       1563   jtag_devs.o
      1100         68          0          0          0       5827   jtag_my.o
      1624        574         81          4        660       3851   jtag_scan.o
       622         48          0          0         20       6162   jtagtap.o
     20142       5010          0        403      39911     524362   main.o
        36          8        408          0       8192        848   startup_stm32f411xe.o
       144         24          0         12          0       3969   stm32f4xx_hal.o
      1460         64          0          0          0       7954   stm32f4xx_hal_adc.o
         2          0          0          0          0       1005   stm32f4xx_hal_adc_ex.o
       222         14          0          0          0      34257   stm32f4xx_hal_cortex.o
       948         16          8          0          0       5866   stm32f4xx_hal_dma.o
       694         68          0          0          0       4825   stm32f4xx_hal_gpio.o
      3186         72          0          0          0      14143   stm32f4xx_hal_i2c.o
      1224        132          0          0          0       5120   stm32f4xx_hal_msp.o
      1244         80          0          0          0       5436   stm32f4xx_hal_rcc.o
       838          8          0          0          0       3937   stm32f4xx_hal_spi.o
       368          0          0          0          0       5164   stm32f4xx_hal_tim.o
         4          0          0          0          0       1633   stm32f4xx_hal_tim_ex.o
      1720         26          0          0          0      11589   stm32f4xx_hal_uart.o
       432        124          0          0          0      10699   stm32f4xx_it.o
        84         18         24          4          0       1191   system_stm32f4xx.o
      6460        984          0        104       4119      38923   w5200.o

    ----------------------------------------------------------------------
     42820       7358       1432        528      52904     705263   Object Totals
         0          0         32          0          0          0   (incl. Generated)
        56          0          3          1          2          0   (incl. Padding)

    ----------------------------------------------------------------------

      Code (inc. data)   RO Data    RW Data    ZI Data      Debug   Library Member Name

       164         44          0          0          0        620   dunder.o
        24          0          0          0          0        124   fabs.o
        48          0          0          0          0        124   fpclassify.o
        38          0          0          0          0        116   fpclassifyf.o
        74         24          0          0          0        580   funder.o
       248          0          0          0          0        152   poly.o
      3128        302        136          0          0        356   pow.o
      1548        110        320          0          0        268   powf.o
         0          0          8          0          0          0   qnan.o
       224         30          0          0          0        172   round.o
       110          0          0          0          0        148   sqrt.o
        86          0          0          0          0          0   __dczerorl2.o
        28          0          0          0          0         68   _chval.o
       158          0          0          0          0         92   _strtoul.o
        26          0          0          0          0         80   atoi.o
         8          4        133          0          0         68   ctype_o.o
         0          0          0          0          0          0   entry.o
         0          0          0          0          0          0   entry10a.o
         0          0          0          0          0          0   entry11a.o
         8          4          0          0          0          0   entry2.o
         4          0          0          0          0          0   entry5.o
         0          0          0          0          0          0   entry7b.o
         0          0          0          0          0          0   entry8b.o
         8          4          0          0          0          0   entry9a.o
        20         10          0          4          0        136   errno.o
        30          0          0          0          0          0   handlers.o
        36          8          0          0          0         68   init.o
         0          0          0          0          0          0   iusefp.o
        30          0          0          0          0         68   llshl.o
        36          0          0          0          0         68   llsshr.o
        32          0          0          0          0         68   llushr.o
        36          0          0          0          0        108   memseta.o
      2244         86          0          0          0        512   printfa.o
        24          0          0          0          0         68   strcat.o
        28          0          0          0          0         76   strcmp.o
        18          0          0          0          0         68   strcpy.o
        14          0          0          0          0         68   strlen.o
       112          0          0          0          0         88   strtol.o
        44          0          0          0          0         80   uidiv.o
        98          0          0          0          0         92   uldiv.o
        48          0          0          0          0         68   cdcmple.o
        48          0          0          0          0         68   cdrcmple.o
        56          0          0          0          0         88   d2f.o
       334          0          0          0          0        148   dadd.o
       222          0          0          0          0        100   ddiv.o
       186          0          0          0          0        176   depilogue.o
        48          0          0          0          0         68   dfixul.o
        34          0          0          0          0         76   dflti.o
        26          0          0          0          0         76   dfltui.o
       228          0          0          0          0         96   dmul.o
       136          4          0          0          0         92   drnd.o
        46          0          0          0          0         80   dscalb.o
       162          0          0          0          0        100   dsqrt.o
        38          0          0          0          0         68   f2d.o
       110          0          0          0          0        168   fepilogue.o

    ----------------------------------------------------------------------
     10472        634        600          4          4       6008   Library Totals
        16          4          3          0          4          0   (incl. Padding)

    ----------------------------------------------------------------------

      Code (inc. data)   RO Data    RW Data    ZI Data      Debug   Library Name

      5606        510        464          0          0       2660   m_wm.l
      3128        116        133          4          0       1876   mc_w.l
      1722          4          0          0          0       1472   mf_w.l

    ----------------------------------------------------------------------
     10472        634        600          4          4       6008   Library Totals

    ----------------------------------------------------------------------

==============================================================================


      Code (inc. data)   RO Data    RW Data    ZI Data      Debug   

     53292       7992       2032        532      52908     682735   Grand Totals
     53292       7992       2032         80      52908     682735   ELF Image Totals (compressed)
     53292       7992       2032         80          0          0   ROM Totals

==============================================================================

    Total RO  Size (Code + RO Data)                55324 (  54.03kB)
    Total RW  Size (RW Data + ZI Data)             53440 (  52.19kB)
    Total ROM Size (Code + RO Data + RW Data)      55404 (  54.11kB)

==============================================================================

